01-30 08:20:20.677  2450  2647 V BtGatt.GattService: Skipping data matching denylist: ScanRecord [mAdvertiseFlags=4, mServiceUuids=null, mServiceSolicitationUuids=[], mManufacturerSpecificData={76=[2, 21, 38, -122, -13, -100, -70, -38, 70, 88, -123, 74, -90, 46, 126, 94, -117, -115, 0, 1, 0, 0, -55]}, mServiceData={}, mTxPowerLevel=-2147483648, mDeviceName=null]
01-30 08:20:20.677  2450  2647 I BtGatt.GattService: Skipping client for location deny list
01-30 08:20:20.677  2450  2647 V BtGatt.GattService: Skipping data matching denylist: ScanRecord [mAdvertiseFlags=4, mServiceUuids=null, mServiceSolicitationUuids=[], mManufacturerSpecificData={76=[2, 21, 38, -122, -13, -100, -70, -38, 70, 88, -123, 74, -90, 46, 126, 94, -117, -115, 0, 1, 0, 0, -55]}, mServiceData={}, mTxPowerLevel=-2147483648, mDeviceName=null]
01-30 08:20:20.677  2450  2647 I BtGatt.GattService: Skipping client for location deny list
01-30 08:20:20.677  2450  2647 V BtGatt.GattService: Skipping data matching denylist: ScanRecord [mAdvertiseFlags=4, mServiceUuids=null, mServiceSolicitationUuids=[], mManufacturerSpecificData={76=[2, 21, 38, -122, -13, -100, -70, -38, 70, 88, -123, 74, -90, 46, 126, 94, -117, -115, 0, 1, 0, 0, -55]}, mServiceData={}, mTxPowerLevel=-2147483648, mDeviceName=null]
01-30 08:20:20.677  2450  2647 I BtGatt.GattService: Skipping client for location deny list
01-30 08:20:20.715   921  2939 I vendor.qti.bluetooth@1.0-ibs_handler: ProcessIbsCmd: Received IBS_SLEEP_IND: 0xFE
01-30 08:20:20.715   921  2939 D vendor.qti.bluetooth@1.0-ibs_handler: SerialClockVote: vote for UART CLK OFF
01-30 08:20:20.740   921  2939 I vendor.qti.bluetooth@1.0-ibs_handler: ProcessIbsCmd: Received IBS_WAKE_IND: 0xFD
01-30 08:20:20.740   921  2939 D vendor.qti.bluetooth@1.0-ibs_handler: SerialClockVote: vote for UART CLK ON
01-30 08:20:20.740   921  2939 I vendor.qti.bluetooth@1.0-ibs_handler: ProcessIbsCmd: Writing IBS_WAKE_ACK
01-30 08:20:20.744  2450  2647 V BtGatt.GattService: Skipping data matching denylist: ScanRecord [mAdvertiseFlags=4, mServiceUuids=null, mServiceSolicitationUuids=[], mManufacturerSpecificData={76=[2, 21, 38, -122, -13, -100, -70, -38, 70, 88, -123, 74, -90, 46, 126, 94, -117, -115, 0, 1, 0, 0, -55]}, mServiceData={}, mTxPowerLevel=-2147483648, mDeviceName=null]
01-30 08:20:20.744  2450  2647 I BtGatt.GattService: Skipping client for location deny list
01-30 08:20:20.744  2450  2647 V BtGatt.GattService: Skipping data matching denylist: ScanRecord [mAdvertiseFlags=4, mServiceUuids=null, mServiceSolicitationUuids=[], mManufacturerSpecificData={76=[2, 21, 38, -122, -13, -100, -70, -38, 70, 88, -123, 74, -90, 46, 126, 94, -117, -115, 0, 1, 0, 0, -55]}, mServiceData={}, mTxPowerLevel=-2147483648, mDeviceName=null]
01-30 08:20:20.744  2450  2647 I BtGatt.GattService: Skipping client for location deny list
01-30 08:20:20.745  2450  2647 V BtGatt.GattService: Skipping data matching denylist: ScanRecord [mAdvertiseFlags=4, mServiceUuids=null, mServiceSolicitationUuids=[], mManufacturerSpecificData={76=[2, 21, 38, -122, -13, -100, -70, -38, 70, 88, -123, 74, -90, 46, 126, 94, -117, -115, 0, 1, 0, 0, -55]}, mServiceData={}, mTxPowerLevel=-2147483648, mDeviceName=null]
01-30 08:20:20.745  2450  2647 I BtGatt.GattService: Skipping client for location deny list
01-30 08:20:20.781   921  2939 I vendor.qti.bluetooth@1.0-ibs_handler: ProcessIbsCmd: Received IBS_SLEEP_IND: 0xFE
01-30 08:20:20.781   921  2939 D vendor.qti.bluetooth@1.0-ibs_handler: SerialClockVote: vote for UART CLK OFF
01-30 08:20:20.932   921  2722 D vendor.qti.bluetooth@1.0-wake_lock: Release wakelock is released 
01-30 08:20:20.990   921  2939 I vendor.qti.bluetooth@1.0-ibs_handler: ProcessIbsCmd: Received IBS_WAKE_IND: 0xFD
01-30 08:20:20.990   921  2939 D vendor.qti.bluetooth@1.0-ibs_handler: SerialClockVote: vote for UART CLK ON
01-30 08:20:20.992   921  2939 D vendor.qti.bluetooth@1.0-wake_lock: Acquire wakelock is acquired 
01-30 08:20:20.992   921  2939 I vendor.qti.bluetooth@1.0-ibs_handler: ProcessIbsCmd: Writing IBS_WAKE_ACK
01-30 08:20:20.995  2450  2647 V BtGatt.GattService: Skipping data matching denylist: ScanRecord [mAdvertiseFlags=4, mServiceUuids=null, mServiceSolicitationUuids=[], mManufacturerSpecificData={76=[2, 21, 38, -122, -13, -100, -70, -38, 70, 88, -123, 74, -90, 46, 126, 94, -117, -115, 0, 1, 0, 0, -55]}, mServiceData={}, mTxPowerLevel=-2147483648, mDeviceName=null]
01-30 08:20:20.995  2450  2647 I BtGatt.GattService: Skipping client for location deny list
01-30 08:20:20.996  2450  2647 V BtGatt.GattService: Skipping data matching denylist: ScanRecord [mAdvertiseFlags=4, mServiceUuids=null, mServiceSolicitationUuids=[], mManufacturerSpecificData={76=[2, 21, 38, -122, -13, -100, -70, -38, 70, 88, -123, 74, -90, 46, 126, 94, -117, -115, 0, 1, 0, 0, -55]}, mServiceData={}, mTxPowerLevel=-2147483648, mDeviceName=null]
01-30 08:20:20.996  2450  2647 I BtGatt.GattService: Skipping client for location deny list
01-30 08:20:20.996  2450  2647 V BtGatt.GattService: Skipping data matching denylist: ScanRecord [mAdvertiseFlags=4, mServiceUuids=null, mServiceSolicitationUuids=[], mManufacturerSpecificData={76=[2, 21, 38, -122, -13, -100, -70, -38, 70, 88, -123, 74, -90, 46, 126, 94, -117, -115, 0, 1, 0, 0, -55]}, mServiceData={}, mTxPowerLevel=-2147483648, mDeviceName=null]
01-30 08:20:20.996  2450  2647 I BtGatt.GattService: Skipping client for location deny list
01-30 08:20:21.032   921  2939 I vendor.qti.bluetooth@1.0-ibs_handler: ProcessIbsCmd: Received IBS_SLEEP_IND: 0xFE
01-30 08:20:21.032   921  2939 D vendor.qti.bluetooth@1.0-ibs_handler: SerialClockVote: vote for UART CLK OFF
01-30 08:20:21.051   919   965 D audio_hw_primary: out_standby: enter: stream (0xf2b44330) usecase(1: low-latency-playback)
01-30 08:20:21.076   919   965 D audio_hw_primary: disable_audio_route: reset and update mixer path: low-latency-playback
01-30 08:20:21.080   919   965 E soundtrigger: audio_extn_sound_trigger_update_stream_status: invalid input device 0x0, for event 2
01-30 08:20:21.080   919   965 D soundtrigger: audio_extn_sound_trigger_update_stream_status: uc_info->id 1 of type 0 for Event 2, with Raise=0
01-30 08:20:21.080   919   965 D msm8974_platform: platform_split_snd_device: snd_device(26) num devices(0) new_snd_devices(0)
01-30 08:20:21.080   919   965 I msm8974_platform: platform_get_custom_mtmx_params: no matching param with id 0 ip_ch 2 op_ch 2 uc_id 1 snd_dev 26
01-30 08:20:21.080   919   965 D hardware_info: hw_info_append_hw_type : device_name = voice-speaker
01-30 08:20:21.080   919   965 D msm8974_platform: platform_split_snd_device: snd_device(26) num devices(0) new_snd_devices(0)
01-30 08:20:21.080   919   965 D audio_hw_primary: out_standby: exit
01-30 08:20:21.184   921  2722 D vendor.qti.bluetooth@1.0-wake_lock: Release wakelock is released 
01-30 08:20:21.301   921  2939 I vendor.qti.bluetooth@1.0-ibs_handler: ProcessIbsCmd: Received IBS_WAKE_IND: 0xFD
01-30 08:20:21.301   921  2939 D vendor.qti.bluetooth@1.0-ibs_handler: SerialClockVote: vote for UART CLK ON
01-30 08:20:21.303   921  2939 D vendor.qti.bluetooth@1.0-wake_lock: Acquire wakelock is acquired 
01-30 08:20:21.303   921  2939 I vendor.qti.bluetooth@1.0-ibs_handler: ProcessIbsCmd: Writing IBS_WAKE_ACK
01-30 08:20:21.307  2450  2647 V BtGatt.GattService: Skipping data matching denylist: ScanRecord [mAdvertiseFlags=4, mServiceUuids=null, mServiceSolicitationUuids=[], mManufacturerSpecificData={76=[2, 21, 38, -122, -13, -100, -70, -38, 70, 88, -123, 74, -90, 46, 126, 94, -117, -115, 0, 1, 0, 0, -55]}, mServiceData={}, mTxPowerLevel=-2147483648, mDeviceName=null]
01-30 08:20:21.307  2450  2647 I BtGatt.GattService: Skipping client for location deny list
01-30 08:20:21.308  2450  2647 V BtGatt.GattService: Skipping data matching denylist: ScanRecord [mAdvertiseFlags=4, mServiceUuids=null, mServiceSolicitationUuids=[], mManufacturerSpecificData={76=[2, 21, 38, -122, -13, -100, -70, -38, 70, 88, -123, 74, -90, 46, 126, 94, -117, -115, 0, 1, 0, 0, -55]}, mServiceData={}, mTxPowerLevel=-2147483648, mDeviceName=null]
01-30 08:20:21.308  2450  2647 I BtGatt.GattService: Skipping client for location deny list
01-30 08:20:21.308  2450  2647 V BtGatt.GattService: Skipping data matching denylist: ScanRecord [mAdvertiseFlags=4, mServiceUuids=null, mServiceSolicitationUuids=[], mManufacturerSpecificData={76=[2, 21, 38, -122, -13, -100, -70, -38, 70, 88, -123, 74, -90, 46, 126, 94, -117, -115, 0, 1, 0, 0, -55]}, mServiceData={}, mTxPowerLevel=-2147483648, mDeviceName=null]
01-30 08:20:21.308  2450  2647 I BtGatt.GattService: Skipping client for location deny list
01-30 08:20:21.346   921  2939 I vendor.qti.bluetooth@1.0-ibs_handler: ProcessIbsCmd: Received IBS_SLEEP_IND: 0xFE
01-30 08:20:21.346   921  2939 D vendor.qti.bluetooth@1.0-ibs_handler: SerialClockVote: vote for UART CLK OFF
01-30 08:20:21.369   921  2939 I vendor.qti.bluetooth@1.0-ibs_handler: ProcessIbsCmd: Received IBS_WAKE_IND: 0xFD
01-30 08:20:21.370   921  2939 D vendor.qti.bluetooth@1.0-ibs_handler: SerialClockVote: vote for UART CLK ON
01-30 08:20:21.370   921  2939 I vendor.qti.bluetooth@1.0-ibs_handler: ProcessIbsCmd: Writing IBS_WAKE_ACK
01-30 08:20:21.374  2450  2647 V BtGatt.GattService: Skipping data matching denylist: ScanRecord [mAdvertiseFlags=4, mServiceUuids=null, mServiceSolicitationUuids=[], mManufacturerSpecificData={76=[2, 21, 38, -122, -13, -100, -70, -38, 70, 88, -123, 74, -90, 46, 126, 94, -117, -115, 0, 1, 0, 0, -55]}, mServiceData={}, mTxPowerLevel=-2147483648, mDeviceName=null]
01-30 08:20:21.374  2450  2647 I BtGatt.GattService: Skipping client for location deny list
01-30 08:20:21.374  2450  2647 V BtGatt.GattService: Skipping data matching denylist: ScanRecord [mAdvertiseFlags=4, mServiceUuids=null, mServiceSolicitationUuids=[], mManufacturerSpecificData={76=[2, 21, 38, -122, -13, -100, -70, -38, 70, 88, -123, 74, -90, 46, 126, 94, -117, -115, 0, 1, 0, 0, -55]}, mServiceData={}, mTxPowerLevel=-2147483648, mDeviceName=null]
01-30 08:20:21.375  2450  2647 I BtGatt.GattService: Skipping client for location deny list
01-30 08:20:21.375  2450  2647 V BtGatt.GattService: Skipping data matching denylist: ScanRecord [mAdvertiseFlags=4, mServiceUuids=null, mServiceSolicitationUuids=[], mManufacturerSpecificData={76=[2, 21, 38, -122, -13, -100, -70, -38, 70, 88, -123, 74, -90, 46, 126, 94, -117, -115, 0, 1, 0, 0, -55]}, mServiceData={}, mTxPowerLevel=-2147483648, mDeviceName=null]
01-30 08:20:21.375  2450  2647 I BtGatt.GattService: Skipping client for location deny list
01-30 08:20:21.411   921  2939 I vendor.qti.bluetooth@1.0-ibs_handler: ProcessIbsCmd: Received IBS_SLEEP_IND: 0xFE
01-30 08:20:21.411   921  2939 D vendor.qti.bluetooth@1.0-ibs_handler: SerialClockVote: vote for UART CLK OFF
01-30 08:20:21.427  1010  1053 W TransactionTracing: Could not find layer id -1
01-30 08:20:21.427  1010  1053 W TransactionTracing: Could not find layer id -1
01-30 08:20:21.562   921  2722 D vendor.qti.bluetooth@1.0-wake_lock: Release wakelock is released 
01-30 08:20:21.582  1550  2078 W InputReader: Received unexpected event (0x35, 0x413) for slot 0 with tracking id 40
01-30 08:20:21.583  1550  2078 W InputReader: Received unexpected event (0x36, 0x478) for slot 0 with tracking id 40
01-30 08:20:22.039   921  2939 I vendor.qti.bluetooth@1.0-ibs_handler: ProcessIbsCmd: Received IBS_WAKE_IND: 0xFD
01-30 08:20:22.039   921  2939 D vendor.qti.bluetooth@1.0-ibs_handler: SerialClockVote: vote for UART CLK ON
01-30 08:20:22.040   921  2939 D vendor.qti.bluetooth@1.0-wake_lock: Acquire wakelock is acquired 
01-30 08:20:22.040   921  2939 I vendor.qti.bluetooth@1.0-ibs_handler: ProcessIbsCmd: Writing IBS_WAKE_ACK
01-30 08:20:22.044  2450  2647 V BtGatt.GattService: Skipping data matching denylist: ScanRecord [mAdvertiseFlags=4, mServiceUuids=null, mServiceSolicitationUuids=[], mManufacturerSpecificData={76=[2, 21, 38, -122, -13, -100, -70, -38, 70, 88, -123, 74, -90, 46, 126, 94, -117, -115, 0, 1, 0, 0, -55]}, mServiceData={}, mTxPowerLevel=-2147483648, mDeviceName=null]
01-30 08:20:22.044  2450  2647 I BtGatt.GattService: Skipping client for location deny list
01-30 08:20:22.044  2450  2647 V BtGatt.GattService: Skipping data matching denylist: ScanRecord [mAdvertiseFlags=4, mServiceUuids=null, mServiceSolicitationUuids=[], mManufacturerSpecificData={76=[2, 21, 38, -122, -13, -100, -70, -38, 70, 88, -123, 74, -90, 46, 126, 94, -117, -115, 0, 1, 0, 0, -55]}, mServiceData={}, mTxPowerLevel=-2147483648, mDeviceName=null]
01-30 08:20:22.044  2450  2647 I BtGatt.GattService: Skipping client for location deny list
01-30 08:20:22.044  2450  2647 V BtGatt.GattService: Skipping data matching denylist: ScanRecord [mAdvertiseFlags=4, mServiceUuids=null, mServiceSolicitationUuids=[], mManufacturerSpecificData={76=[2, 21, 38, -122, -13, -100, -70, -38, 70, 88, -123, 74, -90, 46, 126, 94, -117, -115, 0, 1, 0, 0, -55]}, mServiceData={}, mTxPowerLevel=-2147483648, mDeviceName=null]
01-30 08:20:22.045  2450  2647 I BtGatt.GattService: Skipping client for location deny list
01-30 08:20:22.087   921  2939 I vendor.qti.bluetooth@1.0-ibs_handler: ProcessIbsCmd: Received IBS_SLEEP_IND: 0xFE
01-30 08:20:22.087   921  2939 D vendor.qti.bluetooth@1.0-ibs_handler: SerialClockVote: vote for UART CLK OFF
01-30 08:20:22.128  1010  1053 W TransactionTracing: Could not find layer id -1
01-30 08:20:22.238   921  2722 D vendor.qti.bluetooth@1.0-wake_lock: Release wakelock is released 
01-30 08:20:22.244  1424  4248 D LOWI-9.0.0.79: [LOWI-Scan] wait_event:Wait done with Cmd 103
01-30 08:20:22.244  1424  4248 D LOWI-9.0.0.79: [LOWI-Scan] do_listen_events: Rcvd valid Netlink Cmd 0 Err 0
01-30 08:20:22.244  2271  2271 D wpa_supplicant: nl80211: Event message available
01-30 08:20:22.244  2271  2271 D wpa_supplicant: nl80211: Drv Event 103 (NL80211_CMD_VENDOR) received for wlan0
01-30 08:20:22.245  2271  2271 D wpa_supplicant: nl80211: Vendor event: wiphy=0 vendor_id=0x1374 subcmd=13
01-30 08:20:22.245  2271  2271 D wpa_supplicant: nl80211: Vendor data - hexdump(len=180): 08 00 04 00 14 00 00 00 ac 00 03 00 00 00 00 00 87 af 00 00 00 00 00 00 00 00 00 00 53 50 00 00 ...
01-30 08:20:22.245  2271  2271 D wpa_supplicant: nl80211: Ignore unsupported QCA vendor event 13
01-30 08:20:22.245   952  2267 I WifiHAL : event received NL80211_CMD_VENDOR, vendor_id = 0x1374, subcmd = 0xd
01-30 08:20:22.245  1315  1315 I cnss-daemon: nl80211 response handler invoked
01-30 08:20:22.245  1315  1315 I cnss-daemon: nl80211_response_handler: cmd 103, vendorID 4980, subcmd 13  received
01-30 08:20:22.354   921  2939 I vendor.qti.bluetooth@1.0-ibs_handler: ProcessIbsCmd: Received IBS_WAKE_IND: 0xFD
01-30 08:20:22.355   921  2939 D vendor.qti.bluetooth@1.0-ibs_handler: SerialClockVote: vote for UART CLK ON
01-30 08:20:22.356   921  2939 D vendor.qti.bluetooth@1.0-wake_lock: Acquire wakelock is acquired 
01-30 08:20:22.356   921  2939 I vendor.qti.bluetooth@1.0-ibs_handler: ProcessIbsCmd: Writing IBS_WAKE_ACK
01-30 08:20:22.359  2450  2647 V BtGatt.GattService: Skipping data matching denylist: ScanRecord [mAdvertiseFlags=4, mServiceUuids=null, mServiceSolicitationUuids=[], mManufacturerSpecificData={76=[2, 21, 38, -122, -13, -100, -70, -38, 70, 88, -123, 74, -90, 46, 126, 94, -117, -115, 0, 1, 0, 0, -55]}, mServiceData={}, mTxPowerLevel=-2147483648, mDeviceName=null]
01-30 08:20:22.359  2450  2647 I BtGatt.GattService: Skipping client for location deny list
01-30 08:20:22.360  2450  2647 V BtGatt.GattService: Skipping data matching denylist: ScanRecord [mAdvertiseFlags=4, mServiceUuids=null, mServiceSolicitationUuids=[], mManufacturerSpecificData={76=[2, 21, 38, -122, -13, -100, -70, -38, 70, 88, -123, 74, -90, 46, 126, 94, -117, -115, 0, 1, 0, 0, -55]}, mServiceData={}, mTxPowerLevel=-2147483648, mDeviceName=null]
01-30 08:20:22.360  2450  2647 I BtGatt.GattService: Skipping client for location deny list
01-30 08:20:22.360  2450  2647 V BtGatt.GattService: Skipping data matching denylist: ScanRecord [mAdvertiseFlags=4, mServiceUuids=null, mServiceSolicitationUuids=[], mManufacturerSpecificData={76=[2, 21, 38, -122, -13, -100, -70, -38, 70, 88, -123, 74, -90, 46, 126, 94, -117, -115, 0, 1, 0, 0, -55]}, mServiceData={}, mTxPowerLevel=-2147483648, mDeviceName=null]
01-30 08:20:22.360  2450  2647 I BtGatt.GattService: Skipping client for location deny list
01-30 08:20:22.367   943  9179 E sensors-hal: handle_sns_std_sensor_event:298, front_handle_sns_std_sensor_event upload hal_event.u.data[0] = 11.309840 
01-30 08:20:22.367   943  9179 E sensors-hal: handle_sns_std_sensor_event:298, front_handle_sns_std_sensor_event upload hal_event.u.data[1] = 149.948166 
01-30 08:20:22.367   943  9179 E sensors-hal: handle_sns_std_sensor_event:298, front_handle_sns_std_sensor_event upload hal_event.u.data[2] = 90.578003 
01-30 08:20:22.367   943  9179 E sensors-hal: handle_sns_std_sensor_event:298, front_handle_sns_std_sensor_event upload hal_event.u.data[3] = 45.682758 
01-30 08:20:22.367   943  9179 E sensors-hal: handle_sns_std_sensor_event:298, front_handle_sns_std_sensor_event upload hal_event.u.data[4] = 31.667807 
01-30 08:20:22.367   943  9179 E sensors-hal: handle_sns_std_sensor_event:298, front_handle_sns_std_sensor_event upload hal_event.u.data[5] = 99999.000000 
01-30 08:20:22.367   943  9179 E sensors-hal: handle_sns_std_sensor_event:298, front_handle_sns_std_sensor_event upload hal_event.u.data[6] = 1024.000000 
01-30 08:20:22.367   943  9179 E sensors-hal: handle_sns_std_sensor_event:298, front_handle_sns_std_sensor_event upload hal_event.u.data[7] = 3080.322266 
01-30 08:20:22.367   943  9179 E sensors-hal: handle_sns_std_sensor_event:299, front_handle_sns_std_sensor_event upload  c_coef = 0.978000, r_coef = 0.951000, g_coef = 1.035000, b_coef = 1.065000 ,LCDbacklight offset =0.000000
01-30 08:20:22.395  1010  1053 W TransactionTracing: Could not find layer id -1
01-30 08:20:22.397   921  2939 I vendor.qti.bluetooth@1.0-ibs_handler: ProcessIbsCmd: Received IBS_SLEEP_IND: 0xFE
01-30 08:20:22.397   921  2939 D vendor.qti.bluetooth@1.0-ibs_handler: SerialClockVote: vote for UART CLK OFF
01-30 08:20:22.460  1550  2078 W InputReader: Received unexpected event (0x35, 0x3a0) for slot 0 with tracking id 41
01-30 08:20:22.460  1550  2078 W InputReader: Received unexpected event (0x36, 0x40d) for slot 0 with tracking id 41
01-30 08:20:22.547   921  2722 D vendor.qti.bluetooth@1.0-wake_lock: Release wakelock is released 
01-30 08:20:22.592  2981  2981 I DialerAudioRouteButtonController: com.android.dialer.incall.voice.buttons.AudioRouteButtonController.onButtonClicked:37 audio route clicked
01-30 08:20:22.593  2981  2981 I DialerInCallLoggingImpl: com.android.dialer.incall.logging.impl.InCallLoggingImpl.logImpression:60 InCall-Impression: AUDIO_ROUTE_BUTTON_CLICKED, CallId: DialerCall_0
01-30 08:20:22.594  2981  2981 I DialerAudioModeController: com.android.dialer.incall.core.audiomode.AudioModeController.setAudioRoute:35 audio route: ROUTE_WIRED_OR_EARPIECE
01-30 08:20:22.596   919  5385 D audio_hw_primary: start_output_stream: enter: stream(0xf2b44330)usecase(1: low-latency-playback) devices(0x2) is_haptic_usecase(0)
01-30 08:20:22.596  1550  2688 I Telecom : CallAudioRouteStateMachine: Message received: USER_SWITCH_BASELINE_ROUTE=1105, arg1=0: ICA.sAR->CARSM.pM_USER_SWITCH_BASELINE_ROUTE(cgad)@Ark
01-30 08:20:22.597   919  5385 E audio_hw_extn: audio_extn_perf_lock_acquire: Failed to acquire perf lock, err: -1
01-30 08:20:22.597   919  5385 D audio_hw_primary: select_devices for use case (low-latency-playback)
01-30 08:20:22.597   919  5385 I msm8974_platform: platform_check_and_set_codec_backend_cfg:becf: afe: bitwidth 24, samplerate 48000 channels 2, backend_idx 0 usecase = 1 device (voice-speaker)
01-30 08:20:22.597   919  5385 D msm8974_platform: platform_split_snd_device: snd_device(26) num devices(1) new_snd_devices(0)
01-30 08:20:22.597   919  5385 I msm8974_platform: platform_check_and_set_codec_backend_cfg: new_snd_devices[0] is 26
01-30 08:20:22.597   919  5385 I msm8974_platform: platform_check_codec_backend_cfg:becf: afe: bitwidth 24, samplerate 48000 channels 2, backend_idx 0 usecase = 1 device (voice-speaker)
01-30 08:20:22.597   919  5385 W msm8974_platform: platform_check_codec_backend_cfg:becf: afe:Use default bw and sr for voice/voip calls 
01-30 08:20:22.597   919  5385 D msm8974_platform: platform_check_codec_backend_cfg:becf: afe: playback on codec device not supporting native playback set default Sample Rate(48k)
01-30 08:20:22.597   919  5385 I msm8974_platform: platform_check_codec_backend_cfg:becf: afe: Codec selected backend: 0 updated bit width: 16 and sample rate: 48000
01-30 08:20:22.597   919  5385 D audio_hw_primary: check_usecases_codec_backend:becf: force routing 0
01-30 08:20:22.597   919  5385 D audio_hw_primary: check_usecases_codec_backend:becf: (78) check_usecases curr device: voice-speaker, usecase device:voice-speaker backends match 1
01-30 08:20:22.597   919  5385 E msm8974_platform: platform_check_backends_match: Invalid snd_device = 
01-30 08:20:22.597   919  5385 D audio_hw_primary: check_usecases_codec_backend:becf: (78) check_usecases curr device: voice-speaker, usecase device: backends match 0
01-30 08:20:22.597   919  5385 E msm8974_platform: platform_check_backends_match: Invalid snd_device = 
01-30 08:20:22.597   919  5385 D audio_hw_primary: check_usecases_codec_backend:becf: (78) check_usecases curr device: voice-speaker, usecase device: backends match 0
01-30 08:20:22.597   919  5385 D audio_hw_primary: check_usecases_codec_backend:becf: check_usecases num.of Usecases to switch 0
01-30 08:20:22.597   919  5385 D hardware_info: hw_info_append_hw_type : device_name = voice-speaker
01-30 08:20:22.597   919  5385 D msm8974_platform: platform_split_snd_device: snd_device(26) num devices(0) new_snd_devices(0)
01-30 08:20:22.597   919  5385 I audio_hw_utils: audio_extn_utils_update_stream_output_app_type_cfg Allowing 24 and above bits playback on speaker ONLY at default sampling rate
01-30 08:20:22.597   919  5385 E soundtrigger: audio_extn_sound_trigger_update_stream_status: invalid input device 0x0, for event 3
01-30 08:20:22.597   919  5385 D soundtrigger: audio_extn_sound_trigger_update_stream_status: uc_info->id 1 of type 0 for Event 3, with Raise=0
01-30 08:20:22.597   919  5385 D audio_hw_utils: audio_extn_utils_send_app_type_cfg: usecase->out_snd_device voice-speaker
01-30 08:20:22.597   919  5385 D msm8974_platform: platform_split_snd_device: snd_device(26) num devices(0) new_snd_devices(0)
01-30 08:20:22.597  1550  2688 I Telecom : ActiveSpeakerRoute: Processing message USER_SWITCH_BASELINE_ROUTE: ICA.sAR->CARSM.pM_USER_SWITCH_BASELINE_ROUTE(cgad)@Ark
01-30 08:20:22.597   919  5385 D audio_hw_utils: audio_extn_btsco_get_sample_rate:Not a BT SCO device, need not update sampling rate
01-30 08:20:22.598   919  5385 I audio_hw_utils: send_app_type_cfg_for_device PLAYBACK app_type 69937, acdb_dev_id 15, sample_rate 48000, snd_device_be_idx 52
01-30 08:20:22.598  1550  2688 I Telecom : CallAudioRouteStateMachine: Message received: USER_SWITCH_EARPIECE=1101, arg1=0: ICA.sAR->CARSM.pM_USER_SWITCH_BASELINE_ROUTE->CARSM.pM_USER_SWITCH_EARPIECE(cgad)@Ark
01-30 08:20:22.598  1550  2688 I Telecom : ActiveSpeakerRoute: Processing message USER_SWITCH_EARPIECE: ICA.sAR->CARSM.pM_USER_SWITCH_BASELINE_ROUTE->CARSM.pM_USER_SWITCH_EARPIECE(cgad)@Ark
01-30 08:20:22.599  1550  2688 I Telecom : Event: RecordEntry TC@1: AUDIO_ROUTE, Leaving state ActiveSpeakerRoute: ICA.sAR->CARSM.pM_USER_SWITCH_BASELINE_ROUTE->CARSM.pM_USER_SWITCH_EARPIECE(cgad)@Ark
01-30 08:20:22.599  1550  2688 I Telecom : Event: RecordEntry TC@1: AUDIO_ROUTE, Entering state ActiveEarpieceRoute: ICA.sAR->CARSM.pM_USER_SWITCH_BASELINE_ROUTE->CARSM.pM_USER_SWITCH_EARPIECE(cgad)@Ark
01-30 08:20:22.599  1550  2688 I Telecom : Event: RecordEntry TC@1: AUDIO_ROUTE_EARPIECE, null: ICA.sAR->CARSM.pM_USER_SWITCH_BASELINE_ROUTE->CARSM.pM_USER_SWITCH_EARPIECE(cgad)@Ark
01-30 08:20:22.599   919  5385 D msm8974_platform: platform_split_snd_device: snd_device(255) num devices(2) new_snd_devices(253)
01-30 08:20:22.599   919  5385 D audio_hw_utils: audio_extn_btsco_get_sample_rate:Not a BT SCO device, need not update sampling rate
01-30 08:20:22.599  1550  2688 I Telecom : CallAudioRouteStateMachine: turning speaker phone false: ICA.sAR->CARSM.pM_USER_SWITCH_BASELINE_ROUTE->CARSM.pM_USER_SWITCH_EARPIECE(cgad)@Ark
01-30 08:20:22.599   919  5385 D ACDB-LOADER: ACDB -> send_audio_cal, acdb_id = 15, path = 1, app id = 0x11131, sample rate = 48000, afe_sample_rate = 48000
01-30 08:20:22.599   919  5385 D ACDB-LOADER: ACDB -> send_asm_topology
01-30 08:20:22.599   919  5385 D ACDB-LOADER: ACDB -> ACDB_CMD_GET_AUDPROC_STREAM_TOPOLOGY_ID
01-30 08:20:22.599   919  5385 D ACDB-LOADER: ACDB -> send_adm_topology
01-30 08:20:22.599   919  5385 D ACDB-LOADER: ACDB -> ACDB_CMD_GET_AUDPROC_COMMON_TOPOLOGY_ID
01-30 08:20:22.599   919  5385 D ACDB-LOADER: ACDB -> send_audtable
01-30 08:20:22.599   919  5385 D ACDB-LOADER: ACDB -> ACDB_CMD_GET_AUDPROC_INSTANCE_COMMON_TABLE_SIZE
01-30 08:20:22.599   919  5385 D ACDB-LOADER: ACDB -> ACDB_CMD_GET_AUDPROC_INSTANCE_COMMON_TABLE
01-30 08:20:22.599   919  5385 D ACDB-LOADER: ACDB -> AUDIO_SET_AUDPROC_CAL cal_type[11] acdb_id[15] app_type[69937]
01-30 08:20:22.599   919  5385 D ACDB-LOADER: ACDB -> ACDB_CMD_GET_PERSISTENT_AUDPROC_INSTANCE_COMMON_TABLE_SIZE
01-30 08:20:22.600   919  5385 D android.hardware.audio.service: [Data Manager]-> No data found
01-30 08:20:22.600   919  5385 D ACDB-LOADER: Error: ACDB_CMD_GET_PERSISTENT_AUDPROC_INSTANCE_COMMON_TABLE_SIZE returned -18
01-30 08:20:22.600   919  5385 D ACDB-LOADER: ACDB -> send_audproc_persist_table -18 
01-30 08:20:22.600   919  5385 D ACDB-LOADER: Error: Invalid Audproc persist size = -18
01-30 08:20:22.600   919  5385 D ACDB-LOADER: ACDB -> ACDB_CMD_GET_AUDPROC_INSTANCE_STREAM_TABLE_SIZE
01-30 08:20:22.600   919  5385 D ACDB-LOADER: ACDB -> send_audstrmtable
01-30 08:20:22.600   919  5385 D ACDB-LOADER: ACDB -> ACDB_CMD_GET_AUDPROC_INSTANCE_STREAM_TABLE
01-30 08:20:22.600   919  5385 D ACDB-LOADER: ACDB -> audstrm_cal->cal_type.cal_data.cal_size = 20
01-30 08:20:22.600   919  5385 D ACDB-LOADER: ACDB -> send_afe_topology
01-30 08:20:22.600   919  5385 D ACDB-LOADER: ACDB -> ACDB_CMD_GET_AFE_TOPOLOGY_ID
01-30 08:20:22.600   919  5385 D ACDB-LOADER: ACDB -> GET_AFE_TOPOLOGY_ID for adcd_id 15, Topology Id 1000ff01
01-30 08:20:22.600   919  5385 D ACDB-LOADER: ACDB -> send_afe_cal
01-30 08:20:22.600   919  5385 D ACDB-LOADER: ACDB -> ACDB_CMD_GET_AFE_INSTANCE_COMMON_TABLE_SIZE
01-30 08:20:22.600   919  5385 D ACDB-LOADER: ACDB -> ACDB_CMD_GET_AFE_INSTANCE_COMMON_TABLE
01-30 08:20:22.600   919  5385 D ACDB-LOADER: ACDB -> AUDIO_SET_AFE_CAL cal_type[17] acdb_id[15]
01-30 08:20:22.600   919  5385 D ACDB-LOADER: ACDB -> send_hw_delay : acdb_id = 15 path = 1
01-30 08:20:22.600   919  5385 D ACDB-LOADER: ACDB -> ACDB_AVSYNC_INFO: ACDB_CMD_GET_DEVICE_PROPERTY
01-30 08:20:22.600   919  5385 D audio_hw_utils: audio_extn_btsco_get_sample_rate:Not a BT SCO device, need not update sampling rate
01-30 08:20:22.600   919  5385 D ACDB-LOADER: ACDB -> send_audio_cal, acdb_id = 15, path = 1, app id = 0x11131, sample rate = 48000, afe_sample_rate = 48000
01-30 08:20:22.600   919  5385 D ACDB-LOADER: ACDB -> send_asm_topology
01-30 08:20:22.600   919  5385 D ACDB-LOADER: ACDB -> ACDB_CMD_GET_AUDPROC_STREAM_TOPOLOGY_ID
01-30 08:20:22.600   919  5385 D ACDB-LOADER: ACDB -> send_adm_topology
01-30 08:20:22.600   919  5385 D ACDB-LOADER: ACDB -> ACDB_CMD_GET_AUDPROC_COMMON_TOPOLOGY_ID
01-30 08:20:22.600   919  5385 D ACDB-LOADER: ACDB -> send_audtable
01-30 08:20:22.600   919  5385 D ACDB-LOADER: ACDB -> ACDB_CMD_GET_AUDPROC_INSTANCE_COMMON_TABLE_SIZE
01-30 08:20:22.600   919  5385 D ACDB-LOADER: ACDB -> ACDB_CMD_GET_AUDPROC_INSTANCE_COMMON_TABLE
01-30 08:20:22.600   919  5385 D ACDB-LOADER: ACDB -> AUDIO_SET_AUDPROC_CAL cal_type[11] acdb_id[15] app_type[69937]
01-30 08:20:22.600   919  5385 D ACDB-LOADER: ACDB -> ACDB_CMD_GET_PERSISTENT_AUDPROC_INSTANCE_COMMON_TABLE_SIZE
01-30 08:20:22.600  1550  2196 I AS.AudioDeviceBroker: setCommunicationRouteForClient for pid: 1550 device: null from API: clearCommunicationDevice() from u/pid:1000/1550
01-30 08:20:22.600   919  5385 D android.hardware.audio.service: [Data Manager]-> No data found
01-30 08:20:22.600   919  5385 D ACDB-LOADER: Error: ACDB_CMD_GET_PERSISTENT_AUDPROC_INSTANCE_COMMON_TABLE_SIZE returned -18
01-30 08:20:22.600   919  5385 D ACDB-LOADER: ACDB -> send_audproc_persist_table -18 
01-30 08:20:22.600   919  5385 D ACDB-LOADER: Error: Invalid Audproc persist size = -18
01-30 08:20:22.600   919  5385 D ACDB-LOADER: ACDB -> ACDB_CMD_GET_AUDPROC_INSTANCE_STREAM_TABLE_SIZE
01-30 08:20:22.600   919  5385 D ACDB-LOADER: ACDB -> send_audstrmtable
01-30 08:20:22.600   919  5385 D ACDB-LOADER: ACDB -> ACDB_CMD_GET_AUDPROC_INSTANCE_STREAM_TABLE
01-30 08:20:22.600   919  5385 D ACDB-LOADER: ACDB -> audstrm_cal->cal_type.cal_data.cal_size = 20
01-30 08:20:22.600   919  5385 D ACDB-LOADER: ACDB -> send_afe_topology
01-30 08:20:22.600   919  5385 D ACDB-LOADER: ACDB -> ACDB_CMD_GET_AFE_TOPOLOGY_ID
01-30 08:20:22.600   919  5385 D ACDB-LOADER: ACDB -> GET_AFE_TOPOLOGY_ID for adcd_id 15, Topology Id 1000ff01
01-30 08:20:22.600   919  5385 D ACDB-LOADER: ACDB -> send_afe_cal
01-30 08:20:22.600   919  5385 D ACDB-LOADER: ACDB -> ACDB_CMD_GET_AFE_INSTANCE_COMMON_TABLE_SIZE
01-30 08:20:22.600   919  5385 D ACDB-LOADER: ACDB -> ACDB_CMD_GET_AFE_INSTANCE_COMMON_TABLE
01-30 08:20:22.600   919  5385 D ACDB-LOADER: ACDB -> AUDIO_SET_AFE_CAL cal_type[17] acdb_id[15]
01-30 08:20:22.600   919  5385 D ACDB-LOADER: ACDB -> send_hw_delay : acdb_id = 15 path = 1
01-30 08:20:22.600   919  5385 D ACDB-LOADER: ACDB -> ACDB_AVSYNC_INFO: ACDB_CMD_GET_DEVICE_PROPERTY
01-30 08:20:22.601   919  5385 D msm8974_platform: platform_split_snd_device: snd_device(26) num devices(0) new_snd_devices(0)
01-30 08:20:22.601   919  5385 I msm8974_platform: platform_get_custom_mtmx_params: no matching param with id 0 ip_ch 2 op_ch 2 uc_id 1 snd_dev 26
01-30 08:20:22.601   919  5385 D audio_hw_primary: enable_audio_route: apply mixer and update path: low-latency-playback
01-30 08:20:22.601  1550  2688 D BluetoothAdapter: getActiveDevices(profile= HEARING_AID)
01-30 08:20:22.601   919  5385 D audio_route: Apply path: low-latency-playback
01-30 08:20:22.601   919   965 D audio_hw_primary: adev_set_parameters: enter: BT_SCO=off
01-30 08:20:22.603  2450  2488 D HearingAidService: getActiveDevices
01-30 08:20:22.603  2450  2488 I BluetoothAdapterService: getActiveDevices: Hearing Aid devices: Left[null] - Right[null]
01-30 08:20:22.604   919  5385 D audio_hw_primary: select_devices: done
01-30 08:20:22.605  1550  2688 I Telecom : CallAudioRouteStateMachine: setSystemAudioState: changing from [AudioState isMuted: false, route: SPEAKER, supportedRouteMask: EARPIECE, SPEAKER, activeBluetoothDevice: [null], supportedBluetoothDevices: []] to [AudioState isMuted: false, route: EARPIECE, supportedRouteMask: EARPIECE, SPEAKER, activeBluetoothDevice: [null], supportedBluetoothDevices: []]: ICA.sAR->CARSM.pM_USER_SWITCH_BASELINE_ROUTE->CARSM.pM_USER_SWITCH_EARPIECE(cgad)@Ark
01-30 08:20:22.605  1550  2688 I Telecom : InCallController: Calling onAudioStateChanged, audioState: [AudioState isMuted: false, route: SPEAKER, supportedRouteMask: EARPIECE, SPEAKER, activeBluetoothDevice: [null], supportedBluetoothDevices: []] -> [AudioState isMuted: false, route: EARPIECE, supportedRouteMask: EARPIECE, SPEAKER, activeBluetoothDevice: [null], supportedBluetoothDevices: []]: ICA.sAR->CARSM.pM_USER_SWITCH_BASELINE_ROUTE->CARSM.pM_USER_SWITCH_EARPIECE(cgad)@Ark
01-30 08:20:22.606  2450  2450 D BluetoothInCallService: onCallAudioStateChanged, audioState == [AudioState isMuted: false, route: EARPIECE, supportedRouteMask: EARPIECE, SPEAKER, activeBluetoothDevice: [null], supportedBluetoothDevices: []]
01-30 08:20:22.607  1550  2688 D BluetoothAdapter: getActiveDevices(profile= HEADSET)
01-30 08:20:22.609  2558  2558 I TelecomFramework: TelephonyConnectionService: onAudioStateChanged TC@1_1 [AudioState isMuted: false, route: EARPIECE, supportedRouteMask: EARPIECE, SPEAKER, activeBluetoothDevice: [null], supportedBluetoothDevices: []]: (ICA.sAR->CARSM.pM_USER_SWITCH_BASELINE_ROUTE->CARSM.pM_USER_SWITCH_EARPIECE)->CS.cASC->H.CS.cASC(cgad/cast)@E-Ark
01-30 08:20:22.609  2450  2488 I BluetoothAdapterService: getActiveDevices: Headset device: null
01-30 08:20:22.610  1550  2688 D BluetoothAdapter: getActiveDevices(profile= HEARING_AID)
01-30 08:20:22.611  2450  2488 D HearingAidService: getActiveDevices
01-30 08:20:22.611  2450  2488 I BluetoothAdapterService: getActiveDevices: Hearing Aid devices: Left[null] - Right[null]
01-30 08:20:22.615  2981  2981 I DialerAudioModeProvider: com.android.dialer.incall.core.audiomode.AudioModeProvider.onAudioStateChanged:80 audioState: [AudioState isMuted: false, route: EARPIECE, supportedRouteMask: EARPIECE, SPEAKER, activeBluetoothDevice: [null], supportedBluetoothDevices: []]
01-30 08:20:22.615  2981  2981 I DialerLegacyInCallServicePeer: com.android.incallui.LegacyInCallServicePeer.onCallAudioStateChanged:77 onCallAudioStateChanged
01-30 08:20:22.616  2981  2981 I DialerLegacyStatusBarNotifier: com.android.incallui.LegacyStatusBarNotifier.updateInCallNotification:266 tidepods enabled
01-30 08:20:22.616  2981  3013 I DialerTidepodsCallAudioPlayerDirectBootEnabledFn: com.android.dialer.audio.impl.TidepodsCallAudioPlayerDirectBootEnabledFn.isEnabled:43 Enabled by direct-boot flag
01-30 08:20:22.616  2981  3013 I DialerTidepodsCallAudioPlayerDirectBootEnabledFn: com.android.dialer.audio.impl.TidepodsCallAudioPlayerDirectBootEnabledFn.isEnabled:43 Enabled by direct-boot flag
01-30 08:20:22.616  2981  2981 I DialerTelecomEventUiThreadBlockedTimer: com.android.incallui.TelecomEventUiThreadBlockedTimer.lambda$onEvent$0:58 InCallService.uiThreadBlockedByTelecomEvent blocked UI thread for 2.02 ms
01-30 08:20:22.616  2981  3020 I DialerCallScopesImpl: com.android.dialer.incall.core.callscope.callscopes.impl.CallScopesImpl.getAudioAvailableCallScope:220 enter
01-30 08:20:22.616  2981  2981 I DialerTelecomEventUiThreadBlockedTimer: com.android.incallui.TelecomEventUiThreadBlockedTimer.lambda$onEvent$0:58 InCallService.uiThreadBlockedByTelecomEvent.onCallAudioStateChanged blocked UI thread for 2.34 ms
01-30 08:20:22.617  2981  2981 I DialerInCallUpdatePropagatorImpl: com.android.dialer.incall.core.dataservice.impl.InCallUpdatePropagatorImpl$1.onSuccess:77 IN_CALL_UPDATE_MONITORING: fire update in the ui thread
01-30 08:20:22.617  2981  2981 I DialerInCallProductionComponentAuthorityImpl: com.android.dialer.incall.core.dataservice.impl.InCallProductionComponentAuthorityImpl.postNewPrimaryCallGraph:67 IN_CALL_UPDATE_MONITORING: start building new call graph
01-30 08:20:22.619   919  5385 D msm8974_platform: platform_set_channel_map mixer_ctl_name:Playback Channel Map9
01-30 08:20:22.619   919  5385 D msm8974_platform: platform_set_channel_map: set mapping(1 2 0 0 0 0 0 0) for channel:2
01-30 08:20:22.620   919  5385 E audio_hw_extn: audio_extn_perf_lock_release: Perf lock release error 
01-30 08:20:22.621   919  5385 D audio_hw_primary: start_output_stream: exit
01-30 08:20:22.621   919   965 D audio_hw_hfp: hfp_set_parameters: enter
01-30 08:20:22.622  1550  2196 I AS.AudioDeviceInventory: removePreferredDevicesForStrategySync, strategy: 15
01-30 08:20:22.629  2800  4137 I Nearby  : [MBleClient] Start ble scanning from NearbyDirect:BluetoothAdapterWrapper, context tag = nearby_messages [CONTEXT service_id=49 ]
01-30 08:20:22.629  2800  4137 D BluetoothAdapter: isLeEnabled(): ON
01-30 08:20:22.630  2981  2981 I DialerTiktokDataServiceInCallUpdateListener: com.android.dialer.incall.core.dataservice.impl.TiktokDataServiceInCallUpdateListener.onCallGraphUpdated:30 IN_CALL_UPDATE_MONITORING: enter
01-30 08:20:22.631  2450  2488 D BtGatt.GattService: stopScan() - queue size =3
01-30 08:20:22.633  2450  2488 D ActivityAttributionService: notifyActivityAttributionInfo UID=1002 packageName=com.android.bluetooth deviceAddress=no_active_device_address
01-30 08:20:22.633  2450  2710 D BtGatt.ScanManager: handling stopping scan  [ScanClient scanModeApp 2 scanModeUsed 2 [appScanStats com.google.uid.shared:10098]]
01-30 08:20:22.633  2450  2710 I bt_stack: [INFO:le_scanning_manager.cc(172)] ScanFilterParamSetup in shim layer
01-30 08:20:22.633  2450  2488 I bt_btif : packages/modules/Bluetooth/system/btif/src/bluetooth.cc:471 get_profile_interface: get_profile_interface: id = activity_attribution
01-30 08:20:22.634  2981  2981 E DialerLegacyContactGridDataService: com.android.dialer.incall.tidepodslegacycontactgrid.dataservice.LegacyContactGridDataService$1.onModelProductionStart:144 unable to start timer
01-30 08:20:22.634  2981  2981 E DialerLegacyContactGridDataService: scc: MEDIUM
01-30 08:20:22.634  2981  2981 E DialerLegacyContactGridDataService: 	at gnp.b(Unknown Source:48)
01-30 08:20:22.634  2981  2981 E DialerLegacyContactGridDataService: 	at fwm.c(PG:8)
01-30 08:20:22.634  2981  2981 E DialerLegacyContactGridDataService: 	at qyx.c(PG:5)
01-30 08:20:22.634  2981  2981 E DialerLegacyContactGridDataService: 	at qqj.run(PG:27)
01-30 08:20:22.634  2981  2981 E DialerLegacyContactGridDataService: 	at spg.run(PG:18)
01-30 08:20:22.634  2981  2981 E DialerLegacyContactGridDataService: 	at qve.execute(PG:9)
01-30 08:20:22.634  2981  2981 E DialerLegacyContactGridDataService: 	at qyk.b(PG:19)
01-30 08:20:22.634  2981  2981 E DialerLegacyContactGridDataService: 	at rkp.b(PG:2)
01-30 08:20:22.634  2981  2981 E DialerLegacyContactGridDataService: 	at sog.run(PG:6)
01-30 08:20:22.634  2981  2981 E DialerLegacyContactGridDataService: 	at sns.execute(Unknown Source:0)
01-30 08:20:22.634  2981  2981 E DialerLegacyContactGridDataService: 	at soq.dv(PG:2)
01-30 08:20:22.634  2981  2981 E DialerLegacyContactGridDataService: 	at spd.s(Unknown Source:8)
01-30 08:20:22.634  2981  2981 E DialerLegacyContactGridDataService: 	at qyj.a(PG:3)
01-30 08:20:22.634  2981  2981 E DialerLegacyContactGridDataService: 	at qyj.b(PG:1)
01-30 08:20:22.634  2981  2981 E DialerLegacyContactGridDataService: 	at fwq.b(PG:3)
01-30 08:20:22.634  2981  2981 E DialerLegacyContactGridDataService: 	at fof.accept(PG:12)
01-30 08:20:22.634  2981  2981 E DialerLegacyContactGridDataService: 	at java.lang.Iterable.forEach(Iterable.java:75)
01-30 08:20:22.634  2981  2981 E DialerLegacyContactGridDataService: 	at eqc.run(PG:5)
01-30 08:20:22.634  2981  2981 E DialerLegacyContactGridDataService: 	at rkj.run(PG:1)
01-30 08:20:22.634  2981  2981 E DialerLegacyContactGridDataService: 	at java.util.concurrent.Executors$RunnableAdapter.call(Executors.java:463)
01-30 08:20:22.634   921   921 D vendor.qti.bluetooth@1.0-ibs_handler: SerialClockVote: vote for UART CLK ON
01-30 08:20:22.634   921   921 D vendor.qti.bluetooth@1.0-wake_lock: Acquire wakelock is acquired 
01-30 08:20:22.634   921   921 I vendor.qti.bluetooth@1.0-ibs_handler: DeviceWakeUp: Writing IBS_WAKE_IND
01-30 08:20:22.635   921  2939 I vendor.qti.bluetooth@1.0-ibs_handler: ProcessIbsCmd: Received IBS_WAKE_ACK: 0xFC
01-30 08:20:22.635   921  2939 I vendor.qti.bluetooth@1.0-ibs_handler: ProcessIbsCmd: Signal wack_cond_
01-30 08:20:22.635   921   921 D vendor.qti.bluetooth@1.0-ibs_handler: DeviceWakeUp: Unblocked from waiting for FC
01-30 08:20:22.635  2450  2647 D BtGatt.GattService: onScanFilterParamsConfigured() - clientIf=2, status=0, action=0, availableSpace=0
01-30 08:20:22.635  2450  2647 D BtGatt.ScanManager: callback done for scannerId - 2 status - 0
01-30 08:20:22.635  2450  2710 I bt_stack: [INFO:le_scanning_manager.cc(172)] ScanFilterParamSetup in shim layer
01-30 08:20:22.636  2450  2647 D BtGatt.GattService: onScanFilterParamsConfigured() - clientIf=2, status=0, action=0, availableSpace=0
01-30 08:20:22.636  2450  2647 D BtGatt.ScanManager: callback done for scannerId - 2 status - 0
01-30 08:20:22.636  2450  2488 D BtGatt.GattService: unregisterScanner() - scannerId=2
01-30 08:20:22.636  2450  2488 I bt_stack: [INFO:le_scanning_manager.cc(146)] Unregister in shim layer, scanner_id:2
01-30 08:20:22.636  2450  2710 I bt_stack: [INFO:le_scanning_manager.cc(172)] ScanFilterParamSetup in shim layer
01-30 08:20:22.636  2450  2647 D BtGatt.GattService: onScanFilterParamsConfigured() - clientIf=2, status=0, action=0, availableSpace=0
01-30 08:20:22.636  2450  2647 D BtGatt.ScanManager: callback done for scannerId - 2 status - 0
01-30 08:20:22.636  2450  2710 I bt_stack: [INFO:le_scanning_manager.cc(172)] ScanFilterParamSetup in shim layer
01-30 08:20:22.637  2800  4137 I Nearby  : [MBleClient] M hardware scan: 1 clients, scanMode= OPPORTUNISTIC, filters size = 5 [CONTEXT service_id=49 ]
01-30 08:20:22.637  2800  4137 D BluetoothAdapter: isLeEnabled(): ON
01-30 08:20:22.637  2450  2647 D BtGatt.GattService: onScanFilterParamsConfigured() - clientIf=2, status=0, action=0, availableSpace=0
01-30 08:20:22.637  2450  2647 D BtGatt.ScanManager: callback done for scannerId - 2 status - 0
01-30 08:20:22.637  2450  2710 I bt_stack: [INFO:le_scanning_manager.cc(172)] ScanFilterParamSetup in shim layer
01-30 08:20:22.637  2450  2647 D BtGatt.GattService: onScanFilterParamsConfigured() - clientIf=2, status=0, action=0, availableSpace=0
01-30 08:20:22.637  2450  2647 D BtGatt.ScanManager: callback done for scannerId - 2 status - 0
01-30 08:20:22.637  2450  2710 D BtGatt.ScanManager: configureRegularScanParams() - queue=2
01-30 08:20:22.639  2450  2488 D BtGatt.GattService: registerScanner() - UUID=c4ee9eef-b08a-40d2-9b48-1f283bebf4e4
01-30 08:20:22.639  2981  3009 I DialerCountryCodeProvider: com.android.dialer.businessvoice.verifiedcall.impl.i18n.CountryCodeProvider.getSimCountryCodeInternal:85 returning Redacted-2-chars
01-30 08:20:22.639  2450  2488 I bt_stack: [INFO:le_scanning_manager.cc(139)] RegisterScanner in shim layer
01-30 08:20:22.639  2981  3019 I DialerCountryCodeProvider: com.android.dialer.businessvoice.verifiedcall.impl.i18n.CountryCodeProvider.getSimCountryCodeInternal:85 returning Redacted-2-chars
01-30 08:20:22.640  2981  3013 I DialerSeamlessCallEnabledFn: com.android.dialer.incall.seamless.impl.SeamlessCallEnabledFn.isEnabled:43 disabled by seamless call flag
01-30 08:20:22.642  2981  2981 I DialerDialerBubbleController: com.android.dialer.incall.bubble.dialerbubble.DialerBubbleController.onCallGraphUpdated:78 IN_CALL_UPDATE_MONITORING: enter
01-30 08:20:22.642  2450  2647 D BtGatt.GattService: onScannerRegistered() - UUID=c4ee9eef-b08a-40d2-9b48-1f283bebf4e4, scannerId=2, status=0
01-30 08:20:22.642  2981  3009 I DialerCallRecorder: com.android.dialer.callrecording.impl.service.CallRecorder.isStartingOrRecording:434 recording state: IDLE
01-30 08:20:22.642  2981  3012 I DialerPrivate: com.android.dialer.callrecording.impl.service.CallRecordingInternalProducerModule.produceIsCallRecordingAvailableInternal:95 recording not available: feature not present
01-30 08:20:22.642  2981  2981 I DialerStatusBarNotifier: com.android.dialer.incall.statusbarnotification.ui.StatusBarNotifier.onCallGraphUpdated:215 IN_CALL_UPDATE_MONITORING: enter. updateInProgress: false
01-30 08:20:22.642  2800  3464 D BluetoothLeScanner: onScannerRegistered() - status=0 scannerId=2 mScannerId=0
01-30 08:20:22.643  2981  2981 I DialerStatusBarNotifier: com.android.dialer.incall.statusbarnotification.ui.StatusBarNotifier.getModel:456 IN_CALL_UPDATE_MONITORING: primaryCallGraph present: true; model already present: true
01-30 08:20:22.643  2981  3012 I DialerLocaleProvider: com.android.dialer.callrecording.impl.localeprovider.LocaleProvider.getSupportedLocaleFromCountryCode:160 checking whether country is supported by builtInAudio for start/end audio
01-30 08:20:22.643  2981  3017 I DialerLegacyCallRecordingImpl: com.android.incallui.callrecording.impl.LegacyCallRecordingImpl.isStartingOrRecording:453 recording state: IDLE
01-30 08:20:22.643  2981  3012 I DialerLocaleProvider: com.android.dialer.callrecording.impl.localeprovider.LocaleProvider.getSupportedLocaleFromCountryCode:170 country US not supported by builtInAudio
01-30 08:20:22.643  2981  3012 I DialerLocaleProvider: com.android.dialer.callrecording.impl.localeprovider.LocaleProvider.getSupportedLocaleFromCountryCode:160 checking whether country is supported by TTS for start/end audio
01-30 08:20:22.643  2981  3012 I DialerLocaleProvider: com.android.dialer.callrecording.impl.localeprovider.LocaleProvider.getSupportedLocaleFromCountryCode:170 country US not supported by TTS
01-30 08:20:22.643  2981  3012 I DialerCanRecord: com.android.dialer.callrecording.impl.canrecord.CanRecord.canRecordCall:76 Call recording is disabled in the current country
01-30 08:20:22.644  2981  2981 I DialerDialerBubbleController: com.android.dialer.incall.bubble.dialerbubble.DialerBubbleController.lambda$onCallGraphUpdated$1:89 IN_CALL_UPDATE_MONITORING: fire update in the ui thread
01-30 08:20:22.644  2981  3017 I DialerSeamlessCallEnabledFn: com.android.dialer.incall.seamless.impl.SeamlessCallEnabledFn.isEnabled:43 disabled by seamless call flag
01-30 08:20:22.645  2981  2981 I DialerDuoKitImpl: com.android.dialer.duo.impl.DuoKitImpl.systemSupportsDuoUpgrade:550 Supported: false
01-30 08:20:22.645  2981  2981 I DialerDuoKitImpl: com.android.dialer.duo.impl.DuoKitImpl.supportsUpgrade:198 fallback handover not supported
01-30 08:20:22.646  2981  3008 I DialerDuoAvailabilityCache: com.android.dialer.duo.tidepods.DuoAvailabilityCache.lambda$isAvailable$0:55 local supportsDuoUpgrade: false
01-30 08:20:22.647  2450  2488 D BtGatt.GattService: start scan with filters
01-30 08:20:22.647  2981  3020 I DialerInCallProximityController: com.android.dialer.incall.proximitysensor.impl.incall.InCallProximityController.turnOnProximitySensor:113 acquiring wake lock
01-30 08:20:22.649  2450  2488 D BtGatt.GattService: enforcePrivilegedPermissionIfNeeded([BluetoothLeScanFilter [mDeviceName=null, mDeviceAddress=null, mUuid=null, mUuidMask=null, mServiceSolicitationUuid=null, mServiceSolicitationUuidMask=null, mServiceDataUuid=null, mServiceData=null, mServiceDataMask=null, mManufacturerId=224, mManufacturerData=[0, 0, 0], mManufacturerDataMask=[0, 0, -1], mAdvertisingDataType=-1, mAdvertisingData=null, mAdvertisingDataMask=null], BluetoothLeScanFilter [mDeviceName=null, mDeviceAddress=null, mUuid=0000fef3-0000-1000-8000-00805f9b34fb, mUuidMask=null, mServiceSolicitationUuid=null, mServiceSolicitationUuidMask=null, mServiceDataUuid=null, mServiceData=null, mServiceDataMask=null, mManufacturerId=-1, mManufacturerData=null, mManufacturerDataMask=null, mAdvertisingDataType=-1, mAdvertisingData=null, mAdvertisingDataMask=null], BluetoothLeScanFilter [mDeviceName=null, mDeviceAddress=null, mUuid=0000feaa-0000-1000-8000-00805f9b34fb, mUuidMask=null, mServiceSolicitationUuid=null, mServiceSolicitationUuidMask=null, mServiceDataUuid=null, mServiceData=null, mServiceDataMask=null, mManufacturerId=-1, mManufacturerData=null, mManufacturerDataMask=null, mAdvertisingDataType=-1, mAdvertisingData=null, mAdvertisingDataMask=null], BluetoothLeScanFilter [mDeviceName=null, mDeviceAddress=null, mUuid=0000fea0-0000-1000-8000-00805f9b34fb, mUuidMask=null, mServiceSolicitationUuid=null, mServiceSolicitationUuidMask=null, mServiceDataUuid=null, mServiceData=null, mServiceDataMask=null, mManufacturerId=-1, mManufacturerData=null, mManufacturerDataMask=null, mAdvertisingDataType=-1, mAdvertisingData=null, mAdvertisingDataMask=null], BluetoothLeScanFilter [mDeviceName=null, mDeviceAddress=null, mUuid=null, mUuidMask=null, mServiceSolicitationUuid=null, mServiceSolicitationUuidMask=null, mServiceDataUuid=null, mServiceData=null, mServiceDataMask=null, mManufacturerId=76, mManufacturerData=[2, 21], mManufacturerDataMask=[-1, -1], mAdvertisingDataType=-1, mAdvertisingData=null, mAdvertisingDataMask=null]])
01-30 08:20:22.649  2981  3012 I DialerDrawableConverter: com.android.dialer.util.DrawableConverter.drawableToBitmap:64 created bitmap with width: 154, height: 154
01-30 08:20:22.650   943   943 I sensors-hal: batch:242, android.sensor.proximity/82, period=200000000, max_latency=0
01-30 08:20:22.650   943   943 I sensors-hal: set_config:63, sample_period_ns is adjusted to 0 based on min/max delay_ns
01-30 08:20:22.650   943   943 I sensors-hal: batch:251, android.sensor.proximity/82, period=200000000, max_latency=0 request completed
01-30 08:20:22.650  2981  2981 I DialerContactGridSubscriber: com.android.dialer.incall.contactgrid.ContactGridSubscriber.lambda$updateBottomRow$42:771 updating to 1 icons with color scheme: DEFAULT
01-30 08:20:22.650   943   943 I sensors-hal: activate:209, android.sensor.proximity/82 en=1
01-30 08:20:22.651   943   943 E QMI_FW  : qmi_cci_get_ref: ref count increased 2
01-30 08:20:22.651  2450  2488 D BtGatt.ScanManager: startScan()  [ScanClient scanModeApp -1 scanModeUsed -1 [appScanStats com.google.uid.shared:10098]]
01-30 08:20:22.651   943   943 E QMI_FW  : qmi_cci_get_ref: ref count increased 2
01-30 08:20:22.651   943   943 E QMI_FW  : qmi_cci_get_ref: ref count increased 2
01-30 08:20:22.651   943   943 E QMI_FW  : qmi_cci_get_ref: ref count increased 2
01-30 08:20:22.651  2450  2488 D ActivityAttributionService: notifyActivityAttributionInfo UID=1002 packageName=com.android.bluetooth deviceAddress=no_active_device_address
01-30 08:20:22.651  2450  2488 I bt_btif : packages/modules/Bluetooth/system/btif/src/bluetooth.cc:471 get_profile_interface: get_profile_interface: id = activity_attribution
01-30 08:20:22.651  2981  3019 I DialerCountryCodeProvider: com.android.dialer.businessvoice.verifiedcall.impl.i18n.CountryCodeProvider.getSimCountryCodeInternal:85 returning Redacted-2-chars
01-30 08:20:22.651  2450  2710 D BtGatt.ScanManager: handling starting scan
