01-30 08:20:18.237  2271  2271 D wpa_supplicant: nl80211: Vendor data - hexdump(len=180): 08 00 04 00 14 00 00 00 ac 00 03 00 00 00 00 00 86 af 00 00 00 00 00 00 00 00 00 00 4e 50 00 00 ...
01-30 08:20:18.237  2271  2271 D wpa_supplicant: nl80211: Ignore unsupported QCA vendor event 13
01-30 08:20:18.237   952  2267 I WifiHAL : event received NL80211_CMD_VENDOR, vendor_id = 0x1374, subcmd = 0xd
01-30 08:20:18.237  1315  1315 I cnss-daemon: nl80211 response handler invoked
01-30 08:20:18.237  1315  1315 I cnss-daemon: nl80211_response_handler: cmd 103, vendorID 4980, subcmd 13  received
01-30 08:20:18.243   919   919 E audio_hw_awinic_feedback: audio_extn_aw882xx_start_feedback: [Awinic] Entry
01-30 08:20:18.244   919   919 E audio_hw_awinic_feedback: is_supported_feedback_on_device [Awinic] 167
01-30 08:20:18.244   919   919 E audio_hw_awinic_feedback: is_supported_feedback_on_device [Awinic] snd_device_out id 167 is supported iv feedback or not(0)
01-30 08:20:18.244   919   919 D ACDB-LOADER: ACDB -> send_voice_cal, acdb_rx = 15, acdb_tx = 11, feature_set = 0
01-30 08:20:18.244   919   919 D ACDB-LOADER: ACDB -> send_voice_rx_topology
01-30 08:20:18.244   919   919 D ACDB-LOADER: ACDB -> ACDB_CMD_GET_VOCPROC_COMMON_TOPOLOGY_ID
01-30 08:20:18.244   919   919 D ACDB-LOADER: ACDB -> ACDB_CMD_GET_TARGET_SPECIFIC_DEVICE_INFO
01-30 08:20:18.244   919   919 D ACDB-LOADER: ACDB -> ACDB_CHANNEL_MAPPING_CONFIG_V2: GET_DEVICE_PROPERTY
01-30 08:20:18.244   919   919 D ACDB-LOADER: ACDB -> send_voice_tx_topology
01-30 08:20:18.244   919   919 D ACDB-LOADER: ACDB -> ACDB_CMD_GET_VOCPROC_COMMON_TOPOLOGY_ID
01-30 08:20:18.244   919   919 D ACDB-LOADER: ACDB -> ACDB_CMD_GET_TARGET_SPECIFIC_DEVICE_INFO
01-30 08:20:18.244   919   919 D ACDB-LOADER: ACDB -> ACDB_CHANNEL_MAPPING_CONFIG_V2: GET_DEVICE_PROPERTY
01-30 08:20:18.244   919   919 D ACDB-LOADER: ACDB -> AUDIO_SET_SIDETONE_IIR_CAL
01-30 08:20:18.244   919   919 D ACDB-LOADER: ACDB -> ACDB_CMD_GET_AFE_DATA
01-30 08:20:18.244   919   919 D ACDB-LOADER: ACDB -> AUDIO_SET_SIDETONE_CAL
01-30 08:20:18.244   919   919 D ACDB-LOADER: ACDB -> send_voice_columns, rxacdb_id 15, txacdb_id 11, table 8
01-30 08:20:18.244   919   919 D ACDB-LOADER: ACDB -> ACDB_CMD_GET_VOC_COLUMNS_INFO_V2
01-30 08:20:18.244   919   919 D ACDB-LOADER: ACDB -> ACDB_CMD_GET_VOC_PROC_STATIC_TABLE_SIZE
01-30 08:20:18.245  1288  1530 I adsprpcd: vendor/qcom/proprietary/adsprpc/src/apps_std_imp.c:851: Successfully opened file /vendor/dsp/adsp/smecns_v2_module_fvx.so.1
01-30 08:20:18.247   919   919 D ACDB-LOADER: ACDB -> ACDB_CMD_GET_VOC_PROC_STATIC_TABLE
01-30 08:20:18.248   919   919 D ACDB-LOADER: ACDB -> AUDIO_SET_VOCPROC_CAL
01-30 08:20:18.248   919   919 D ACDB-LOADER: ACDB -> ACDB_CMD_GET_VOC_PROC_DEVICE_CFG
01-30 08:20:18.248   919   919 D ACDB-LOADER: ACDB -> AUDIO_SET_VOCPROC_DEV_CFG_CAL
01-30 08:20:18.248   919   919 D ACDB-LOADER: ACDB -> send_voice_columns, rxacdb_id 15, txacdb_id 11, table 7
01-30 08:20:18.248   919   919 D ACDB-LOADER: ACDB -> ACDB_CMD_GET_VOC_COLUMNS_INFO_V2
01-30 08:20:18.248   919   919 D ACDB-LOADER: ACDB -> ACDB_CMD_GET_VOC_PROC_DYNAMIC_TABLE_SIZE
01-30 08:20:18.250   919   919 D ACDB-LOADER: ACDB -> ACDB_CMD_GET_VOC_PROC_DYNAMIC_TABLE
01-30 08:20:18.254   919   919 D ACDB-LOADER: ACDB -> AUDIO_SET_VOCPROC_VOL_CAL
01-30 08:20:18.254   919   919 D ACDB-LOADER: ACDB -> send_voice_columns, rxacdb_id 15, txacdb_id 11, table 9
01-30 08:20:18.254   919   919 D ACDB-LOADER: ACDB -> ACDB_CMD_GET_VOC_COLUMNS_INFO_V2
01-30 08:20:18.254   919   919 D ACDB-LOADER: ACDB -> ACDB_CMD_GET_VOC_STREAM_STATIC_TABLE_SIZE
01-30 08:20:18.254   919   919 D ACDB-LOADER: ACDB -> ACDB_CMD_GET_VOC_STREAM_STATIC_TABLE
01-30 08:20:18.255   919   919 D ACDB-LOADER: ACDB -> AUDIO_SET_VOCPROC_STREAM_CAL
01-30 08:20:18.255   919   919 D ACDB-LOADER: ACDB -> send_afe_topology
01-30 08:20:18.255   919   919 D ACDB-LOADER: ACDB -> ACDB_CMD_GET_AFE_TOPOLOGY_ID
01-30 08:20:18.255   919   919 D ACDB-LOADER: ACDB -> GET_AFE_TOPOLOGY_ID for adcd_id 11, Topology Id 112fb
01-30 08:20:18.255   919   919 D ACDB-LOADER: ACDB -> send_afe_cal
01-30 08:20:18.255   919   919 D ACDB-LOADER: ACDB -> ACDB_CMD_GET_AFE_INSTANCE_COMMON_TABLE_SIZE
01-30 08:20:18.255   919   919 D android.hardware.audio.service: Failed to fetch the lookup information of the device 0000000B 
01-30 08:20:18.255   919   919 D ACDB-LOADER: Error: ACDB_CMD_GET_AFE_INSTANCE_COMMON_TABLE_SIZE Returned = -19
01-30 08:20:18.255   919   919 D ACDB-LOADER: ACDB -> ACDB_CMD_GET_AFE_INSTANCE_COMMON_TABLE
01-30 08:20:18.255   919   919 D android.hardware.audio.service: Failed to fetch the lookup information of the device 0000000B 
01-30 08:20:18.255   919   919 D ACDB-LOADER: Error: ACDB AFE returned = -19
01-30 08:20:18.255   919   919 D ACDB-LOADER: ACDB -> AUDIO_SET_AFE_CAL cal_type[17] acdb_id[11]
01-30 08:20:18.255   919   919 D ACDB-LOADER: ACDB -> send_afe_topology
01-30 08:20:18.255   919   919 D ACDB-LOADER: ACDB -> ACDB_CMD_GET_AFE_TOPOLOGY_ID
01-30 08:20:18.255   919   919 D ACDB-LOADER: ACDB -> GET_AFE_TOPOLOGY_ID for adcd_id 15, Topology Id 1000ff01
01-30 08:20:18.255   919   919 D ACDB-LOADER: ACDB -> send_afe_cal
01-30 08:20:18.255   919   919 D ACDB-LOADER: ACDB -> ACDB_CMD_GET_AFE_INSTANCE_COMMON_TABLE_SIZE
01-30 08:20:18.255   919   919 D ACDB-LOADER: ACDB -> ACDB_CMD_GET_AFE_INSTANCE_COMMON_TABLE
01-30 08:20:18.255   919   919 D ACDB-LOADER: ACDB -> AUDIO_SET_AFE_CAL cal_type[16] acdb_id[15]
01-30 08:20:18.255   919   919 D ACDB-LOADER: ACDB -> send_hw_delay : acdb_id = 11 path = 1
01-30 08:20:18.255   919   919 D ACDB-LOADER: ACDB -> ACDB_AVSYNC_INFO: ACDB_CMD_GET_DEVICE_PROPERTY
01-30 08:20:18.255   919   919 D ACDB-LOADER: ACDB -> send_hw_delay : acdb_id = 15 path = 0
01-30 08:20:18.255   919   919 D ACDB-LOADER: ACDB -> ACDB_AVSYNC_INFO: ACDB_CMD_GET_DEVICE_PROPERTY
01-30 08:20:18.255   919   919 D ACDB-LOADER: ACDB -> Sent VocProc Cal!
01-30 08:20:18.255   919   919 E audio_hw_utils: audio_extn_utils_update_stream_app_type_cfg_for_usecase: app type cfg not supported for usecase type (2)
01-30 08:20:18.255   919   919 D soundtrigger: audio HAL using same device 167 as ST
01-30 08:20:18.255   919   919 D soundtrigger: audio_extn_sound_trigger_update_stream_status: uc_info->id 41 of type 2 for Event 3, with Raise=1
01-30 08:20:18.255   919   919 D soundtrigger: audio_extn_sound_trigger_update_stream_status: send event 13: usecase id 41, type 2
01-30 08:20:18.255   919   919 I sound_trigger_platform: platform_stdev_check_and_update_concurrency: Received STREAM event, event type 13, usecase type 2
01-30 08:20:18.255   919   919 D sound_trigger_platform: platform_stdev_get_capture_device: Device = 0x80000004
01-30 08:20:18.255   919   919 D sound_trigger_platform: platform_stdev_get_capture_device: Available device = 0x80000004
01-30 08:20:18.255   919   919 D sound_trigger_platform: platform_stdev_check_and_update_concurrency: dedicated path 1, reset backend 1, tx 1, rx 0, concurrency session not allowed
01-30 08:20:18.255   919   919 I audio_hw_utils: audio_extn_utils_send_app_type_cfg: not a playback/capture path, no need to cfg app type
01-30 08:20:18.255   919   919 D audio_hw_primary: enable_audio_route: apply mixer and update path: voicemmode1-call
01-30 08:20:18.255   919   919 D audio_route: Apply path: voicemmode1-call
01-30 08:20:18.243     0     0 I IRQ 5   : no longer affine to CPU4
01-30 08:20:18.295  1288  1530 I adsprpcd: vendor/qcom/proprietary/adsprpc/src/mod_table.c:687: open_mod_table_open_from_static: reverse module apps_mem opened with handle 0xdfd10fe8 (idx 1)
01-30 08:20:18.254     0     0 I __afe_port_start: port id: 0xb037
01-30 08:20:18.254     0     0 I afe_find_cal_topo_id_by_port: port id: 0xb037, dev_acdb_id: 0
01-30 08:20:18.254     0     0 I afe_find_cal_topo_id_by_port: top_id:112fb acdb_id:11 afe_port:0xb037
01-30 08:20:18.254     0     0 I afe_get_cal_topology_id: port_id = 0xb037 acdb_id = 11 topology_id = 0x112fb cal_type_index=8 ret=0
01-30 08:20:18.254     0     0 I afe_send_port_topology_id: AFE set topology id 0x112fb  enable for port 0xb037 ret 0
01-30 08:20:18.254     0     0 I send_afe_cal_type: cal_index is 1
01-30 08:20:18.254     0     0 I send_afe_cal_type: dev_acdb_id[177] is 0
01-30 08:20:18.254     0     0 I send_afe_cal_type: Sending cal_index cal 1
01-30 08:20:18.254     0     0 E send_afe_cal_type: No cal sent for cal_index 1, port_id = 0xb037! ret -22
01-30 08:20:18.254     0     0 I afe_send_hw_delay: port_id 0xb037 rate 48000 delay_usec 578 status 0
01-30 08:20:18.304   919   919 D voice   : voice_set_sidetone: enable, out_snd_device: 26
01-30 08:20:18.305   919   919 W voice   : voice_is_sidetone_device: 26 is not a sidetone device
01-30 08:20:18.305   919   919 D audio_hw_primary: select_devices: done
01-30 08:20:18.305   919   919 E audio_hw_extn: audio_extn_perf_lock_acquire: Failed to acquire perf lock, err: -1
01-30 08:20:18.305   919   919 D audio_hw_primary: select_devices for use case (low-latency-playback)
01-30 08:20:18.305   919   919 D audio_hw_primary: select_devices: changing use case low-latency-playback output device from(50: voice-handset-tmus, acdb 88) to (26: voice-speaker, acdb 15)
01-30 08:20:18.305   919   919 D audio_hw_primary: disable_audio_route: reset and update mixer path: low-latency-playback
01-30 08:20:18.311   919   919 E soundtrigger: audio_extn_sound_trigger_update_stream_status: invalid input device 0x0, for event 2
01-30 08:20:18.311   919   919 D soundtrigger: audio_extn_sound_trigger_update_stream_status: uc_info->id 1 of type 0 for Event 2, with Raise=0
01-30 08:20:18.311   919   919 D msm8974_platform: platform_split_snd_device: snd_device(50) num devices(0) new_snd_devices(0)
01-30 08:20:18.311   919   919 I msm8974_platform: platform_get_custom_mtmx_params: no matching param with id 0 ip_ch 2 op_ch 2 uc_id 1 snd_dev 50
01-30 08:20:18.311   919   919 D hardware_info: hw_info_append_hw_type : device_name = voice-handset-tmus
01-30 08:20:18.311   919   919 D audio_hw_primary: disable_snd_device: snd_device(50: voice-handset-tmus)
01-30 08:20:18.311   919   919 D msm8974_platform: platform_split_snd_device: snd_device(50) num devices(0) new_snd_devices(0)
01-30 08:20:18.311   919   919 E audio_hw_awinic_feedback: is_supported_feedback_on_device [Awinic] 50
01-30 08:20:18.311   919   919 E audio_hw_awinic_feedback: is_supported_feedback_on_device [Awinic] snd_device_out id 50 is supported iv feedback or not(0)
01-30 08:20:18.312   919   919 D audio_route: audio_route_update_path: skip to reset mixer control 'aw882xx_pa_switch_l' in path 'voice-handset-tmus' because it is still needed by other paths
01-30 08:20:18.312   919   919 D audio_route: audio_route_update_path: skip to reset mixer control 'aw882xx_mode_switch_l' in path 'voice-handset-tmus' because it is still needed by other paths
01-30 08:20:18.312   919   919 I soundtrigger: audio_extn_sound_trigger_update_device_status: device 0x32 of type 0 for Event 0, with Raise=0
01-30 08:20:18.312   919   919 I msm8974_platform: platform_check_and_set_codec_backend_cfg:becf: afe: bitwidth 24, samplerate 48000 channels 2, backend_idx 0 usecase = 1 device (voice-speaker)
01-30 08:20:18.312   919   919 D msm8974_platform: platform_split_snd_device: snd_device(26) num devices(1) new_snd_devices(0)
01-30 08:20:18.312   919   919 I msm8974_platform: platform_check_and_set_codec_backend_cfg: new_snd_devices[0] is 26
01-30 08:20:18.312   919   919 I msm8974_platform: platform_check_codec_backend_cfg:becf: afe: bitwidth 24, samplerate 48000 channels 2, backend_idx 0 usecase = 1 device (voice-speaker)
01-30 08:20:18.312   919   919 W msm8974_platform: platform_check_codec_backend_cfg:becf: afe:Use default bw and sr for voice/voip calls 
01-30 08:20:18.312   919   919 D msm8974_platform: platform_check_codec_backend_cfg:becf: afe: playback on codec device not supporting native playback set default Sample Rate(48k)
01-30 08:20:18.312   919   919 I msm8974_platform: platform_check_codec_backend_cfg:becf: afe: Codec selected backend: 0 updated bit width: 16 and sample rate: 48000
01-30 08:20:18.312   919   919 D audio_hw_primary: check_usecases_codec_backend:becf: force routing 0
01-30 08:20:18.312   919   919 D audio_hw_primary: check_usecases_codec_backend:becf: (78) check_usecases curr device: voice-speaker, usecase device:voice-speaker backends match 1
01-30 08:20:18.312   919   919 D audio_hw_primary: check_usecases_codec_backend:becf: (78) check_usecases curr device: voice-speaker, usecase device:voice-handset-tmus backends match 0
01-30 08:20:18.312   919   919 E msm8974_platform: platform_check_backends_match: Invalid snd_device = 
01-30 08:20:18.312   919   919 D audio_hw_primary: check_usecases_codec_backend:becf: (78) check_usecases curr device: voice-speaker, usecase device: backends match 0
01-30 08:20:18.312   919   919 D audio_hw_primary: check_usecases_codec_backend:becf: check_usecases num.of Usecases to switch 0
01-30 08:20:18.312   919   919 D hardware_info: hw_info_append_hw_type : device_name = voice-speaker
01-30 08:20:18.312   919   919 D msm8974_platform: platform_split_snd_device: snd_device(26) num devices(0) new_snd_devices(0)
01-30 08:20:18.312   919   919 I audio_hw_utils: audio_extn_utils_update_stream_output_app_type_cfg Allowing 24 and above bits playback on speaker ONLY at default sampling rate
01-30 08:20:18.312   919   919 E soundtrigger: audio_extn_sound_trigger_update_stream_status: invalid input device 0x0, for event 3
01-30 08:20:18.312   919   919 D soundtrigger: audio_extn_sound_trigger_update_stream_status: uc_info->id 1 of type 0 for Event 3, with Raise=0
01-30 08:20:18.312   919   919 D audio_hw_utils: audio_extn_utils_send_app_type_cfg: usecase->out_snd_device voice-speaker
01-30 08:20:18.312   919   919 D msm8974_platform: platform_split_snd_device: snd_device(26) num devices(0) new_snd_devices(0)
01-30 08:20:18.312   919   919 D audio_hw_utils: audio_extn_btsco_get_sample_rate:Not a BT SCO device, need not update sampling rate
01-30 08:20:18.312   919   919 I audio_hw_utils: send_app_type_cfg_for_device PLAYBACK app_type 69937, acdb_dev_id 15, sample_rate 48000, snd_device_be_idx 52
01-30 08:20:18.313   919   919 D msm8974_platform: platform_split_snd_device: snd_device(255) num devices(2) new_snd_devices(253)
01-30 08:20:18.313   919   919 D audio_hw_utils: audio_extn_btsco_get_sample_rate:Not a BT SCO device, need not update sampling rate
01-30 08:20:18.313   919   919 D ACDB-LOADER: ACDB -> send_audio_cal, acdb_id = 15, path = 1, app id = 0x11131, sample rate = 48000, afe_sample_rate = 48000
01-30 08:20:18.313   919   919 D ACDB-LOADER: ACDB -> send_asm_topology
01-30 08:20:18.313   919   919 D ACDB-LOADER: ACDB -> ACDB_CMD_GET_AUDPROC_STREAM_TOPOLOGY_ID
01-30 08:20:18.313   919   919 D ACDB-LOADER: ACDB -> send_adm_topology
01-30 08:20:18.313   919   919 D ACDB-LOADER: ACDB -> ACDB_CMD_GET_AUDPROC_COMMON_TOPOLOGY_ID
01-30 08:20:18.313   919   919 D ACDB-LOADER: ACDB -> send_audtable
01-30 08:20:18.313   919   919 D ACDB-LOADER: ACDB -> ACDB_CMD_GET_AUDPROC_INSTANCE_COMMON_TABLE_SIZE
01-30 08:20:18.313   919   919 D ACDB-LOADER: ACDB -> ACDB_CMD_GET_AUDPROC_INSTANCE_COMMON_TABLE
01-30 08:20:18.313   919   919 D ACDB-LOADER: ACDB -> AUDIO_SET_AUDPROC_CAL cal_type[11] acdb_id[15] app_type[69937]
01-30 08:20:18.313   919   919 D ACDB-LOADER: ACDB -> ACDB_CMD_GET_PERSISTENT_AUDPROC_INSTANCE_COMMON_TABLE_SIZE
01-30 08:20:18.314   919   919 D android.hardware.audio.service: [Data Manager]-> No data found
01-30 08:20:18.314   919   919 D ACDB-LOADER: Error: ACDB_CMD_GET_PERSISTENT_AUDPROC_INSTANCE_COMMON_TABLE_SIZE returned -18
01-30 08:20:18.314   919   919 D ACDB-LOADER: ACDB -> send_audproc_persist_table -18 
01-30 08:20:18.314   919   919 D ACDB-LOADER: Error: Invalid Audproc persist size = -18
01-30 08:20:18.314   919   919 D ACDB-LOADER: ACDB -> ACDB_CMD_GET_AUDPROC_INSTANCE_STREAM_TABLE_SIZE
01-30 08:20:18.314   919   919 D ACDB-LOADER: ACDB -> send_audstrmtable
01-30 08:20:18.314   919   919 D ACDB-LOADER: ACDB -> ACDB_CMD_GET_AUDPROC_INSTANCE_STREAM_TABLE
01-30 08:20:18.314   919   919 D ACDB-LOADER: ACDB -> audstrm_cal->cal_type.cal_data.cal_size = 20
01-30 08:20:18.314   919   919 D ACDB-LOADER: ACDB -> send_afe_topology
01-30 08:20:18.314   919   919 D ACDB-LOADER: ACDB -> ACDB_CMD_GET_AFE_TOPOLOGY_ID
01-30 08:20:18.314   919   919 D ACDB-LOADER: ACDB -> GET_AFE_TOPOLOGY_ID for adcd_id 15, Topology Id 1000ff01
01-30 08:20:18.314   919   919 D ACDB-LOADER: ACDB -> send_afe_cal
01-30 08:20:18.314   919   919 D ACDB-LOADER: ACDB -> ACDB_CMD_GET_AFE_INSTANCE_COMMON_TABLE_SIZE
01-30 08:20:18.314   919   919 D ACDB-LOADER: Reallocate memory for AFE Table to size: 4556
01-30 08:20:18.315   919   919 D ACDB-LOADER: ACDB -> ACDB_CMD_GET_AFE_INSTANCE_COMMON_TABLE
01-30 08:20:18.315   919   919 D ACDB-LOADER: ACDB -> AUDIO_SET_AFE_CAL cal_type[17] acdb_id[15]
01-30 08:20:18.315   919   919 D ACDB-LOADER: ACDB -> send_hw_delay : acdb_id = 15 path = 1
01-30 08:20:18.315   919   919 D ACDB-LOADER: ACDB -> ACDB_AVSYNC_INFO: ACDB_CMD_GET_DEVICE_PROPERTY
01-30 08:20:18.315   919   919 D audio_hw_utils: audio_extn_btsco_get_sample_rate:Not a BT SCO device, need not update sampling rate
01-30 08:20:18.316   919   919 D ACDB-LOADER: ACDB -> send_audio_cal, acdb_id = 15, path = 1, app id = 0x11131, sample rate = 48000, afe_sample_rate = 48000
01-30 08:20:18.316   919   919 D ACDB-LOADER: ACDB -> send_asm_topology
01-30 08:20:18.316   919   919 D ACDB-LOADER: ACDB -> ACDB_CMD_GET_AUDPROC_STREAM_TOPOLOGY_ID
01-30 08:20:18.316   919   919 D ACDB-LOADER: ACDB -> send_adm_topology
01-30 08:20:18.316   919   919 D ACDB-LOADER: ACDB -> ACDB_CMD_GET_AUDPROC_COMMON_TOPOLOGY_ID
01-30 08:20:18.316   919   919 D ACDB-LOADER: ACDB -> send_audtable
01-30 08:20:18.316   919   919 D ACDB-LOADER: ACDB -> ACDB_CMD_GET_AUDPROC_INSTANCE_COMMON_TABLE_SIZE
01-30 08:20:18.316   919   919 D ACDB-LOADER: ACDB -> ACDB_CMD_GET_AUDPROC_INSTANCE_COMMON_TABLE
01-30 08:20:18.316   919   919 D ACDB-LOADER: ACDB -> AUDIO_SET_AUDPROC_CAL cal_type[11] acdb_id[15] app_type[69937]
01-30 08:20:18.316   919   919 D ACDB-LOADER: ACDB -> ACDB_CMD_GET_PERSISTENT_AUDPROC_INSTANCE_COMMON_TABLE_SIZE
01-30 08:20:18.316   919   919 D android.hardware.audio.service: [Data Manager]-> No data found
01-30 08:20:18.316   919   919 D ACDB-LOADER: Error: ACDB_CMD_GET_PERSISTENT_AUDPROC_INSTANCE_COMMON_TABLE_SIZE returned -18
01-30 08:20:18.316   919   919 D ACDB-LOADER: ACDB -> send_audproc_persist_table -18 
01-30 08:20:18.316   919   919 D ACDB-LOADER: Error: Invalid Audproc persist size = -18
01-30 08:20:18.316   919   919 D ACDB-LOADER: ACDB -> ACDB_CMD_GET_AUDPROC_INSTANCE_STREAM_TABLE_SIZE
01-30 08:20:18.316   919   919 D ACDB-LOADER: ACDB -> send_audstrmtable
01-30 08:20:18.316   919   919 D ACDB-LOADER: ACDB -> ACDB_CMD_GET_AUDPROC_INSTANCE_STREAM_TABLE
01-30 08:20:18.317   919   919 D ACDB-LOADER: ACDB -> audstrm_cal->cal_type.cal_data.cal_size = 20
01-30 08:20:18.317   919   919 D ACDB-LOADER: ACDB -> send_afe_topology
01-30 08:20:18.317   919   919 D ACDB-LOADER: ACDB -> ACDB_CMD_GET_AFE_TOPOLOGY_ID
01-30 08:20:18.317   919   919 D ACDB-LOADER: ACDB -> GET_AFE_TOPOLOGY_ID for adcd_id 15, Topology Id 1000ff01
01-30 08:20:18.317   919   919 D ACDB-LOADER: ACDB -> send_afe_cal
01-30 08:20:18.317   919   919 D ACDB-LOADER: ACDB -> ACDB_CMD_GET_AFE_INSTANCE_COMMON_TABLE_SIZE
01-30 08:20:18.317   919   919 D ACDB-LOADER: Reallocate memory for AFE Table to size: 4556
01-30 08:20:18.318   919   919 D ACDB-LOADER: ACDB -> ACDB_CMD_GET_AFE_INSTANCE_COMMON_TABLE
01-30 08:20:18.318   919   919 D ACDB-LOADER: ACDB -> AUDIO_SET_AFE_CAL cal_type[17] acdb_id[15]
01-30 08:20:18.318   919   919 D ACDB-LOADER: ACDB -> send_hw_delay : acdb_id = 15 path = 1
01-30 08:20:18.318   919   919 D ACDB-LOADER: ACDB -> ACDB_AVSYNC_INFO: ACDB_CMD_GET_DEVICE_PROPERTY
01-30 08:20:18.318   919   919 D msm8974_platform: platform_split_snd_device: snd_device(26) num devices(0) new_snd_devices(0)
01-30 08:20:18.318   919   919 I msm8974_platform: platform_get_custom_mtmx_params: no matching param with id 0 ip_ch 2 op_ch 2 uc_id 1 snd_dev 26
01-30 08:20:18.318   919   919 D audio_hw_primary: enable_audio_route: apply mixer and update path: low-latency-playback
01-30 08:20:18.318   919   919 D audio_route: Apply path: low-latency-playback
01-30 08:20:18.330   919   919 D audio_hw_primary: select_devices: done
01-30 08:20:18.330   919   919 E audio_hw_extn: audio_extn_perf_lock_release: Perf lock release error 
01-30 08:20:18.330   919  5385 W audio_hw_primary: out_get_presentation_position: avail:384 > kernel_buffer_size:384 clamping!
01-30 08:20:18.330   919  5385 W audio_hw_primary: out_write: underrun(2) frames_by_time(11717) > out->last_fifo_frames_remaining(0)
01-30 08:20:18.334   919  5385 W audio_hw_primary: out_write: underrun(3) frames_by_time(11907) > out->last_fifo_frames_remaining(192)
01-30 08:20:18.356   921  2939 I vendor.qti.bluetooth@1.0-ibs_handler: ProcessIbsCmd: Received IBS_WAKE_IND: 0xFD
01-30 08:20:18.356   921  2939 D vendor.qti.bluetooth@1.0-ibs_handler: SerialClockVote: vote for UART CLK ON
01-30 08:20:18.358   921  2939 D vendor.qti.bluetooth@1.0-wake_lock: Acquire wakelock is acquired 
01-30 08:20:18.358   921  2939 I vendor.qti.bluetooth@1.0-ibs_handler: ProcessIbsCmd: Writing IBS_WAKE_ACK
01-30 08:20:18.361  1550  2196 I AS.AudioDeviceInventory: setPreferredDevicesForStrategySync, strategy: 18 devices: [AudioDeviceAttributes: role:output type:speaker addr: name:FP4 profiles:[{ENCODING_PCM_16BIT, sampling rates=[48000], channel masks=0x0C, encapsulation type=0}] descriptors:[]]
01-30 08:20:18.362  2450  2647 V BtGatt.GattService: Skipping data matching denylist: ScanRecord [mAdvertiseFlags=4, mServiceUuids=null, mServiceSolicitationUuids=[], mManufacturerSpecificData={76=[2, 21, 38, -122, -13, -100, -70, -38, 70, 88, -123, 74, -90, 46, 126, 94, -117, -115, 0, 1, 0, 0, -55]}, mServiceData={}, mTxPowerLevel=-2147483648, mDeviceName=null]
01-30 08:20:18.362  2450  2647 I BtGatt.GattService: Skipping client for location deny list
01-30 08:20:18.362  2450  2647 V BtGatt.GattService: Skipping data matching denylist: ScanRecord [mAdvertiseFlags=4, mServiceUuids=null, mServiceSolicitationUuids=[], mManufacturerSpecificData={76=[2, 21, 38, -122, -13, -100, -70, -38, 70, 88, -123, 74, -90, 46, 126, 94, -117, -115, 0, 1, 0, 0, -55]}, mServiceData={}, mTxPowerLevel=-2147483648, mDeviceName=null]
01-30 08:20:18.362  2450  2647 I BtGatt.GattService: Skipping client for location deny list
01-30 08:20:18.363  2450  2647 V BtGatt.GattService: Skipping data matching denylist: ScanRecord [mAdvertiseFlags=4, mServiceUuids=null, mServiceSolicitationUuids=[], mManufacturerSpecificData={76=[2, 21, 38, -122, -13, -100, -70, -38, 70, 88, -123, 74, -90, 46, 126, 94, -117, -115, 0, 1, 0, 0, -55]}, mServiceData={}, mTxPowerLevel=-2147483648, mDeviceName=null]
01-30 08:20:18.363  2450  2647 I BtGatt.GattService: Skipping client for location deny list
01-30 08:20:18.399   921  2939 I vendor.qti.bluetooth@1.0-ibs_handler: ProcessIbsCmd: Received IBS_SLEEP_IND: 0xFE
01-30 08:20:18.399   921  2939 D vendor.qti.bluetooth@1.0-ibs_handler: SerialClockVote: vote for UART CLK OFF
01-30 08:20:18.400   919   965 D audio_hw_primary: adev_create_audio_patch: enter: num sources 1, num_sinks 1, handle 1
01-30 08:20:18.401   919   965 D audio_hw_primary: adev_create_audio_patch: Playback patch from mix handle 13 to device 2
01-30 08:20:18.401   919   965 D audio_hw_primary: update_patch: enter
01-30 08:20:18.401   919   965 D audio_hw_primary: route_output_stream: enter: usecase(1: low-latency-playback) devices 2
01-30 08:20:18.404   919   965 D audio_hw_primary: select_devices for use case (voicemmode1-call)
01-30 08:20:18.404   919   965 D audio_hw_primary: select_devices for use case (low-latency-playback)
01-30 08:20:18.445  2981  3013 I DialerLocaleProvider: com.android.dialer.callrecording.impl.localeprovider.LocaleProvider.getSupportedLocaleFromCountryCode:160 checking whether country is supported by builtInAudio for start/end audio
01-30 08:20:18.445  2981  3013 I DialerLocaleProvider: com.android.dialer.callrecording.impl.localeprovider.LocaleProvider.getSupportedLocaleFromCountryCode:170 country US not supported by builtInAudio
01-30 08:20:18.445  2981  3013 I DialerLocaleProvider: com.android.dialer.callrecording.impl.localeprovider.LocaleProvider.getSupportedLocaleFromCountryCode:160 checking whether country is supported by TTS for start/end audio
01-30 08:20:18.445  2981  3013 I DialerLocaleProvider: com.android.dialer.callrecording.impl.localeprovider.LocaleProvider.getSupportedLocaleFromCountryCode:170 country US not supported by TTS
01-30 08:20:18.445  2981  3013 I DialerCanRecord: com.android.dialer.callrecording.impl.canrecord.CanRecord.canRecordCall:76 Call recording is disabled in the current country
01-30 08:20:18.446  1550  2688 I Telecom : CallAudioRouteStateMachine: Message received: SPEAKER_ON=1006, arg1=0: CARSM.mSPCR->CARSM.pM_SPEAKER_ON@Arg
01-30 08:20:18.446  1550  2688 I Telecom : ActiveSpeakerRoute: Processing message SPEAKER_ON: CARSM.mSPCR->CARSM.pM_SPEAKER_ON@Arg
01-30 08:20:18.448  2981  2981 I DialerLegacyVoiceFragmentPeer: com.android.dialer.incall.voice.ui.LegacyVoiceFragmentPeer.updateGridButtons:653 updating 5 buttons
01-30 08:20:18.451  2981  2981 I DialerVoiceButtonChooserFactory: com.android.dialer.incall.voice.ui.VoiceButtonChooserFactory.newVoiceButtonChooser:55 voice network type: 13, isWiFi: false, isRttSupported: false
01-30 08:20:18.451  2981  2981 I DialerVoiceButtonChooserFactory: com.android.dialer.incall.voice.ui.VoiceButtonChooserFactory.newVoiceButtonChooser:63 Using ImsAndWiFiButtonChooser
01-30 08:20:18.455  2981  2981 I DialerSeamlessCallEnabledFn: com.android.dialer.incall.seamless.impl.SeamlessCallEnabledFn.isEnabled:43 disabled by seamless call flag
01-30 08:20:18.549   921  2722 D vendor.qti.bluetooth@1.0-wake_lock: Release wakelock is released 
01-30 08:20:18.672   921  2939 I vendor.qti.bluetooth@1.0-ibs_handler: ProcessIbsCmd: Received IBS_WAKE_IND: 0xFD
01-30 08:20:18.672   921  2939 D vendor.qti.bluetooth@1.0-ibs_handler: SerialClockVote: vote for UART CLK ON
01-30 08:20:18.673   921  2939 D vendor.qti.bluetooth@1.0-wake_lock: Acquire wakelock is acquired 
01-30 08:20:18.673   921  2939 I vendor.qti.bluetooth@1.0-ibs_handler: ProcessIbsCmd: Writing IBS_WAKE_ACK
01-30 08:20:18.676  2450  2647 V BtGatt.GattService: Skipping data matching denylist: ScanRecord [mAdvertiseFlags=4, mServiceUuids=null, mServiceSolicitationUuids=[], mManufacturerSpecificData={76=[2, 21, 38, -122, -13, -100, -70, -38, 70, 88, -123, 74, -90, 46, 126, 94, -117, -115, 0, 1, 0, 0, -55]}, mServiceData={}, mTxPowerLevel=-2147483648, mDeviceName=null]
01-30 08:20:18.676  2450  2647 I BtGatt.GattService: Skipping client for location deny list
01-30 08:20:18.676  2450  2647 V BtGatt.GattService: Skipping data matching denylist: ScanRecord [mAdvertiseFlags=4, mServiceUuids=null, mServiceSolicitationUuids=[], mManufacturerSpecificData={76=[2, 21, 38, -122, -13, -100, -70, -38, 70, 88, -123, 74, -90, 46, 126, 94, -117, -115, 0, 1, 0, 0, -55]}, mServiceData={}, mTxPowerLevel=-2147483648, mDeviceName=null]
01-30 08:20:18.677  2450  2647 I BtGatt.GattService: Skipping client for location deny list
01-30 08:20:18.677  2450  2647 V BtGatt.GattService: Skipping data matching denylist: ScanRecord [mAdvertiseFlags=4, mServiceUuids=null, mServiceSolicitationUuids=[], mManufacturerSpecificData={76=[2, 21, 38, -122, -13, -100, -70, -38, 70, 88, -123, 74, -90, 46, 126, 94, -117, -115, 0, 1, 0, 0, -55]}, mServiceData={}, mTxPowerLevel=-2147483648, mDeviceName=null]
01-30 08:20:18.677  2450  2647 I BtGatt.GattService: Skipping client for location deny list
01-30 08:20:18.714   921  2939 I vendor.qti.bluetooth@1.0-ibs_handler: ProcessIbsCmd: Received IBS_SLEEP_IND: 0xFE
01-30 08:20:18.714   921  2939 D vendor.qti.bluetooth@1.0-ibs_handler: SerialClockVote: vote for UART CLK OFF
01-30 08:20:18.865   921  2722 D vendor.qti.bluetooth@1.0-wake_lock: Release wakelock is released 
01-30 08:20:18.992   921  2939 I vendor.qti.bluetooth@1.0-ibs_handler: ProcessIbsCmd: Received IBS_WAKE_IND: 0xFD
01-30 08:20:18.992   921  2939 D vendor.qti.bluetooth@1.0-ibs_handler: SerialClockVote: vote for UART CLK ON
01-30 08:20:18.993   921  2939 D vendor.qti.bluetooth@1.0-wake_lock: Acquire wakelock is acquired 
01-30 08:20:18.993   921  2939 I vendor.qti.bluetooth@1.0-ibs_handler: ProcessIbsCmd: Writing IBS_WAKE_ACK
01-30 08:20:18.997  2450  2647 V BtGatt.GattService: Skipping data matching denylist: ScanRecord [mAdvertiseFlags=4, mServiceUuids=null, mServiceSolicitationUuids=[], mManufacturerSpecificData={76=[2, 21, 38, -122, -13, -100, -70, -38, 70, 88, -123, 74, -90, 46, 126, 94, -117, -115, 0, 1, 0, 0, -55]}, mServiceData={}, mTxPowerLevel=-2147483648, mDeviceName=null]
01-30 08:20:18.997  2450  2647 I BtGatt.GattService: Skipping client for location deny list
01-30 08:20:18.997  2450  2647 V BtGatt.GattService: Skipping data matching denylist: ScanRecord [mAdvertiseFlags=4, mServiceUuids=null, mServiceSolicitationUuids=[], mManufacturerSpecificData={76=[2, 21, 38, -122, -13, -100, -70, -38, 70, 88, -123, 74, -90, 46, 126, 94, -117, -115, 0, 1, 0, 0, -55]}, mServiceData={}, mTxPowerLevel=-2147483648, mDeviceName=null]
01-30 08:20:18.997  2450  2647 I BtGatt.GattService: Skipping client for location deny list
01-30 08:20:18.997  2450  2647 V BtGatt.GattService: Skipping data matching denylist: ScanRecord [mAdvertiseFlags=4, mServiceUuids=null, mServiceSolicitationUuids=[], mManufacturerSpecificData={76=[2, 21, 38, -122, -13, -100, -70, -38, 70, 88, -123, 74, -90, 46, 126, 94, -117, -115, 0, 1, 0, 0, -55]}, mServiceData={}, mTxPowerLevel=-2147483648, mDeviceName=null]
01-30 08:20:18.997  2450  2647 I BtGatt.GattService: Skipping client for location deny list
01-30 08:20:19.033   921  2939 I vendor.qti.bluetooth@1.0-ibs_handler: ProcessIbsCmd: Received IBS_SLEEP_IND: 0xFE
01-30 08:20:19.034   921  2939 D vendor.qti.bluetooth@1.0-ibs_handler: SerialClockVote: vote for UART CLK OFF
01-30 08:20:19.161   921  2939 I vendor.qti.bluetooth@1.0-ibs_handler: ProcessIbsCmd: Received IBS_WAKE_IND: 0xFD
01-30 08:20:19.161   921  2939 D vendor.qti.bluetooth@1.0-ibs_handler: SerialClockVote: vote for UART CLK ON
01-30 08:20:19.161   921  2939 I vendor.qti.bluetooth@1.0-ibs_handler: ProcessIbsCmd: Writing IBS_WAKE_ACK
01-30 08:20:19.165  2450  2647 V BtGatt.GattService: Skipping data matching denylist: ScanRecord [mAdvertiseFlags=4, mServiceUuids=null, mServiceSolicitationUuids=[], mManufacturerSpecificData={76=[2, 21, 38, -122, -13, -100, -70, -38, 70, 88, -123, 74, -90, 46, 126, 94, -117, -115, 0, 1, 0, 0, -55]}, mServiceData={}, mTxPowerLevel=-2147483648, mDeviceName=null]
01-30 08:20:19.165  2450  2647 I BtGatt.GattService: Skipping client for location deny list
01-30 08:20:19.165  2450  2647 V BtGatt.GattService: Skipping data matching denylist: ScanRecord [mAdvertiseFlags=4, mServiceUuids=null, mServiceSolicitationUuids=[], mManufacturerSpecificData={76=[2, 21, 38, -122, -13, -100, -70, -38, 70, 88, -123, 74, -90, 46, 126, 94, -117, -115, 0, 1, 0, 0, -55]}, mServiceData={}, mTxPowerLevel=-2147483648, mDeviceName=null]
01-30 08:20:19.165  2450  2647 I BtGatt.GattService: Skipping client for location deny list
01-30 08:20:19.165  2450  2647 V BtGatt.GattService: Skipping data matching denylist: ScanRecord [mAdvertiseFlags=4, mServiceUuids=null, mServiceSolicitationUuids=[], mManufacturerSpecificData={76=[2, 21, 38, -122, -13, -100, -70, -38, 70, 88, -123, 74, -90, 46, 126, 94, -117, -115, 0, 1, 0, 0, -55]}, mServiceData={}, mTxPowerLevel=-2147483648, mDeviceName=null]
01-30 08:20:19.165  2450  2647 I BtGatt.GattService: Skipping client for location deny list
01-30 08:20:19.202   921  2939 I vendor.qti.bluetooth@1.0-ibs_handler: ProcessIbsCmd: Received IBS_SLEEP_IND: 0xFE
01-30 08:20:19.203   921  2939 D vendor.qti.bluetooth@1.0-ibs_handler: SerialClockVote: vote for UART CLK OFF
01-30 08:20:19.270   921  2939 I vendor.qti.bluetooth@1.0-ibs_handler: ProcessIbsCmd: Received IBS_WAKE_IND: 0xFD
01-30 08:20:19.270   921  2939 D vendor.qti.bluetooth@1.0-ibs_handler: SerialClockVote: vote for UART CLK ON
01-30 08:20:19.270   921  2939 I vendor.qti.bluetooth@1.0-ibs_handler: ProcessIbsCmd: Writing IBS_WAKE_ACK
01-30 08:20:19.273  2450  2647 V BtGatt.GattService: Skipping data matching denylist: ScanRecord [mAdvertiseFlags=4, mServiceUuids=null, mServiceSolicitationUuids=[], mManufacturerSpecificData={76=[2, 21, 38, -122, -13, -100, -70, -38, 70, 88, -123, 74, -90, 46, 126, 94, -117, -115, 0, 1, 0, 0, -55]}, mServiceData={}, mTxPowerLevel=-2147483648, mDeviceName=null]
01-30 08:20:19.273  2450  2647 I BtGatt.GattService: Skipping client for location deny list
01-30 08:20:19.274  2450  2647 V BtGatt.GattService: Skipping data matching denylist: ScanRecord [mAdvertiseFlags=4, mServiceUuids=null, mServiceSolicitationUuids=[], mManufacturerSpecificData={76=[2, 21, 38, -122, -13, -100, -70, -38, 70, 88, -123, 74, -90, 46, 126, 94, -117, -115, 0, 1, 0, 0, -55]}, mServiceData={}, mTxPowerLevel=-2147483648, mDeviceName=null]
01-30 08:20:19.274  2450  2647 I BtGatt.GattService: Skipping client for location deny list
01-30 08:20:19.274  2450  2647 V BtGatt.GattService: Skipping data matching denylist: ScanRecord [mAdvertiseFlags=4, mServiceUuids=null, mServiceSolicitationUuids=[], mManufacturerSpecificData={76=[2, 21, 38, -122, -13, -100, -70, -38, 70, 88, -123, 74, -90, 46, 126, 94, -117, -115, 0, 1, 0, 0, -55]}, mServiceData={}, mTxPowerLevel=-2147483648, mDeviceName=null]
01-30 08:20:19.274  2450  2647 I BtGatt.GattService: Skipping client for location deny list
01-30 08:20:19.311   921  2939 I vendor.qti.bluetooth@1.0-ibs_handler: ProcessIbsCmd: Received IBS_SLEEP_IND: 0xFE
01-30 08:20:19.312   921  2939 D vendor.qti.bluetooth@1.0-ibs_handler: SerialClockVote: vote for UART CLK OFF
01-30 08:20:19.377   921  2939 I vendor.qti.bluetooth@1.0-ibs_handler: ProcessIbsCmd: Received IBS_WAKE_IND: 0xFD
01-30 08:20:19.377   921  2939 D vendor.qti.bluetooth@1.0-ibs_handler: SerialClockVote: vote for UART CLK ON
01-30 08:20:19.378   921  2939 I vendor.qti.bluetooth@1.0-ibs_handler: ProcessIbsCmd: Writing IBS_WAKE_ACK
01-30 08:20:19.381  2450  2647 V BtGatt.GattService: Skipping data matching denylist: ScanRecord [mAdvertiseFlags=4, mServiceUuids=null, mServiceSolicitationUuids=[], mManufacturerSpecificData={76=[2, 21, 38, -122, -13, -100, -70, -38, 70, 88, -123, 74, -90, 46, 126, 94, -117, -115, 0, 1, 0, 0, -55]}, mServiceData={}, mTxPowerLevel=-2147483648, mDeviceName=null]
01-30 08:20:19.381  2450  2647 I BtGatt.GattService: Skipping client for location deny list
01-30 08:20:19.382  2450  2647 V BtGatt.GattService: Skipping data matching denylist: ScanRecord [mAdvertiseFlags=4, mServiceUuids=null, mServiceSolicitationUuids=[], mManufacturerSpecificData={76=[2, 21, 38, -122, -13, -100, -70, -38, 70, 88, -123, 74, -90, 46, 126, 94, -117, -115, 0, 1, 0, 0, -55]}, mServiceData={}, mTxPowerLevel=-2147483648, mDeviceName=null]
01-30 08:20:19.382  2450  2647 I BtGatt.GattService: Skipping client for location deny list
01-30 08:20:19.382  2450  2647 V BtGatt.GattService: Skipping data matching denylist: ScanRecord [mAdvertiseFlags=4, mServiceUuids=null, mServiceSolicitationUuids=[], mManufacturerSpecificData={76=[2, 21, 38, -122, -13, -100, -70, -38, 70, 88, -123, 74, -90, 46, 126, 94, -117, -115, 0, 1, 0, 0, -55]}, mServiceData={}, mTxPowerLevel=-2147483648, mDeviceName=null]
01-30 08:20:19.382  2450  2647 I BtGatt.GattService: Skipping client for location deny list
01-30 08:20:19.419   921  2939 I vendor.qti.bluetooth@1.0-ibs_handler: ProcessIbsCmd: Received IBS_SLEEP_IND: 0xFE
01-30 08:20:19.419   921  2939 D vendor.qti.bluetooth@1.0-ibs_handler: SerialClockVote: vote for UART CLK OFF
01-30 08:20:19.482   921  2939 I vendor.qti.bluetooth@1.0-ibs_handler: ProcessIbsCmd: Received IBS_WAKE_IND: 0xFD
01-30 08:20:19.482   921  2939 D vendor.qti.bluetooth@1.0-ibs_handler: SerialClockVote: vote for UART CLK ON
01-30 08:20:19.482   921  2939 I vendor.qti.bluetooth@1.0-ibs_handler: ProcessIbsCmd: Writing IBS_WAKE_ACK
01-30 08:20:19.486  2450  2647 V BtGatt.GattService: Skipping data matching denylist: ScanRecord [mAdvertiseFlags=4, mServiceUuids=null, mServiceSolicitationUuids=[], mManufacturerSpecificData={76=[2, 21, 38, -122, -13, -100, -70, -38, 70, 88, -123, 74, -90, 46, 126, 94, -117, -115, 0, 1, 0, 0, -55]}, mServiceData={}, mTxPowerLevel=-2147483648, mDeviceName=null]
01-30 08:20:19.486  2450  2647 I BtGatt.GattService: Skipping client for location deny list
01-30 08:20:19.486  2450  2647 V BtGatt.GattService: Skipping data matching denylist: ScanRecord [mAdvertiseFlags=4, mServiceUuids=null, mServiceSolicitationUuids=[], mManufacturerSpecificData={76=[2, 21, 38, -122, -13, -100, -70, -38, 70, 88, -123, 74, -90, 46, 126, 94, -117, -115, 0, 1, 0, 0, -55]}, mServiceData={}, mTxPowerLevel=-2147483648, mDeviceName=null]
01-30 08:20:19.486  2450  2647 I BtGatt.GattService: Skipping client for location deny list
01-30 08:20:19.487  2450  2647 V BtGatt.GattService: Skipping data matching denylist: ScanRecord [mAdvertiseFlags=4, mServiceUuids=null, mServiceSolicitationUuids=[], mManufacturerSpecificData={76=[2, 21, 38, -122, -13, -100, -70, -38, 70, 88, -123, 74, -90, 46, 126, 94, -117, -115, 0, 1, 0, 0, -55]}, mServiceData={}, mTxPowerLevel=-2147483648, mDeviceName=null]
01-30 08:20:19.487  2450  2647 I BtGatt.GattService: Skipping client for location deny list
01-30 08:20:19.508   943  9179 E sensors-hal: handle_sns_std_sensor_event:298, front_handle_sns_std_sensor_event upload hal_event.u.data[0] = 9.459139 
01-30 08:20:19.508   943  9179 E sensors-hal: handle_sns_std_sensor_event:298, front_handle_sns_std_sensor_event upload hal_event.u.data[1] = 125.411186 
01-30 08:20:19.508   943  9179 E sensors-hal: handle_sns_std_sensor_event:298, front_handle_sns_std_sensor_event upload hal_event.u.data[2] = 75.555305 
01-30 08:20:19.508   943  9179 E sensors-hal: handle_sns_std_sensor_event:298, front_handle_sns_std_sensor_event upload hal_event.u.data[3] = 38.469692 
01-30 08:20:19.508   943  9179 E sensors-hal: handle_sns_std_sensor_event:298, front_handle_sns_std_sensor_event upload hal_event.u.data[4] = 26.719711 
01-30 08:20:19.508   943  9179 E sensors-hal: handle_sns_std_sensor_event:298, front_handle_sns_std_sensor_event upload hal_event.u.data[5] = 99999.000000 
01-30 08:20:19.508   943  9179 E sensors-hal: handle_sns_std_sensor_event:298, front_handle_sns_std_sensor_event upload hal_event.u.data[6] = 1024.000000 
01-30 08:20:19.508   943  9179 E sensors-hal: handle_sns_std_sensor_event:298, front_handle_sns_std_sensor_event upload hal_event.u.data[7] = 3098.094971 
01-30 08:20:19.508   943  9179 E sensors-hal: handle_sns_std_sensor_event:299, front_handle_sns_std_sensor_event upload  c_coef = 0.978000, r_coef = 0.951000, g_coef = 1.035000, b_coef = 1.065000 ,LCDbacklight offset =0.000000
01-30 08:20:19.523   921  2939 I vendor.qti.bluetooth@1.0-ibs_handler: ProcessIbsCmd: Received IBS_SLEEP_IND: 0xFE
01-30 08:20:19.523   921  2939 D vendor.qti.bluetooth@1.0-ibs_handler: SerialClockVote: vote for UART CLK OFF
01-30 08:20:19.673   921  2722 D vendor.qti.bluetooth@1.0-wake_lock: Release wakelock is released 
01-30 08:20:19.733   921  2939 I vendor.qti.bluetooth@1.0-ibs_handler: ProcessIbsCmd: Received IBS_WAKE_IND: 0xFD
01-30 08:20:19.733   921  2939 D vendor.qti.bluetooth@1.0-ibs_handler: SerialClockVote: vote for UART CLK ON
01-30 08:20:19.734   921  2939 D vendor.qti.bluetooth@1.0-wake_lock: Acquire wakelock is acquired 
01-30 08:20:19.734   921  2939 I vendor.qti.bluetooth@1.0-ibs_handler: ProcessIbsCmd: Writing IBS_WAKE_ACK
01-30 08:20:19.737  2450  2647 V BtGatt.GattService: Skipping data matching denylist: ScanRecord [mAdvertiseFlags=4, mServiceUuids=null, mServiceSolicitationUuids=[], mManufacturerSpecificData={76=[2, 21, 38, -122, -13, -100, -70, -38, 70, 88, -123, 74, -90, 46, 126, 94, -117, -115, 0, 1, 0, 0, -55]}, mServiceData={}, mTxPowerLevel=-2147483648, mDeviceName=null]
01-30 08:20:19.737  2450  2647 I BtGatt.GattService: Skipping client for location deny list
01-30 08:20:19.738  2450  2647 V BtGatt.GattService: Skipping data matching denylist: ScanRecord [mAdvertiseFlags=4, mServiceUuids=null, mServiceSolicitationUuids=[], mManufacturerSpecificData={76=[2, 21, 38, -122, -13, -100, -70, -38, 70, 88, -123, 74, -90, 46, 126, 94, -117, -115, 0, 1, 0, 0, -55]}, mServiceData={}, mTxPowerLevel=-2147483648, mDeviceName=null]
01-30 08:20:19.738  2450  2647 I BtGatt.GattService: Skipping client for location deny list
01-30 08:20:19.738  2450  2647 V BtGatt.GattService: Skipping data matching denylist: ScanRecord [mAdvertiseFlags=4, mServiceUuids=null, mServiceSolicitationUuids=[], mManufacturerSpecificData={76=[2, 21, 38, -122, -13, -100, -70, -38, 70, 88, -123, 74, -90, 46, 126, 94, -117, -115, 0, 1, 0, 0, -55]}, mServiceData={}, mTxPowerLevel=-2147483648, mDeviceName=null]
01-30 08:20:19.738  2450  2647 I BtGatt.GattService: Skipping client for location deny list
01-30 08:20:19.764  1484  1709 E QMI_FW  : qmi_cci_get_ref: ref count increased 2
01-30 08:20:19.766  1484  1527 E QMI_FW  : qmi_cci_get_ref: ref count increased 2
01-30 08:20:19.775   921  2939 I vendor.qti.bluetooth@1.0-ibs_handler: ProcessIbsCmd: Received IBS_SLEEP_IND: 0xFE
01-30 08:20:19.775   921  2939 D vendor.qti.bluetooth@1.0-ibs_handler: SerialClockVote: vote for UART CLK OFF
01-30 08:20:19.793   921  2939 I vendor.qti.bluetooth@1.0-ibs_handler: ProcessIbsCmd: Received IBS_WAKE_IND: 0xFD
01-30 08:20:19.793   921  2939 D vendor.qti.bluetooth@1.0-ibs_handler: SerialClockVote: vote for UART CLK ON
01-30 08:20:19.793   921  2939 I vendor.qti.bluetooth@1.0-ibs_handler: ProcessIbsCmd: Writing IBS_WAKE_ACK
01-30 08:20:19.797  2450  2647 V BtGatt.GattService: Skipping data matching denylist: ScanRecord [mAdvertiseFlags=4, mServiceUuids=null, mServiceSolicitationUuids=[], mManufacturerSpecificData={76=[2, 21, 38, -122, -13, -100, -70, -38, 70, 88, -123, 74, -90, 46, 126, 94, -117, -115, 0, 1, 0, 0, -55]}, mServiceData={}, mTxPowerLevel=-2147483648, mDeviceName=null]
01-30 08:20:19.797  2450  2647 I BtGatt.GattService: Skipping client for location deny list
01-30 08:20:19.797  2450  2647 V BtGatt.GattService: Skipping data matching denylist: ScanRecord [mAdvertiseFlags=4, mServiceUuids=null, mServiceSolicitationUuids=[], mManufacturerSpecificData={76=[2, 21, 38, -122, -13, -100, -70, -38, 70, 88, -123, 74, -90, 46, 126, 94, -117, -115, 0, 1, 0, 0, -55]}, mServiceData={}, mTxPowerLevel=-2147483648, mDeviceName=null]
01-30 08:20:19.797  2450  2647 I BtGatt.GattService: Skipping client for location deny list
01-30 08:20:19.797  2450  2647 V BtGatt.GattService: Skipping data matching denylist: ScanRecord [mAdvertiseFlags=4, mServiceUuids=null, mServiceSolicitationUuids=[], mManufacturerSpecificData={76=[2, 21, 38, -122, -13, -100, -70, -38, 70, 88, -123, 74, -90, 46, 126, 94, -117, -115, 0, 1, 0, 0, -55]}, mServiceData={}, mTxPowerLevel=-2147483648, mDeviceName=null]
01-30 08:20:19.798  2450  2647 I BtGatt.GattService: Skipping client for location deny list
01-30 08:20:19.806  7581  7692 W TaskMonitor: 1 tasks running slow
01-30 08:20:19.806  7581  7692 W TaskMonitor: 1 tasks running slow
01-30 08:20:19.807  7581  7692 W TaskMonitor: [Task=130982388] Slow task still running after 17989s, operation queue size 0. celloTaskManagerImpl_218340477{not started,timedOut,delayMs=600000}
01-30 08:20:19.807  7581  7692 W TaskMonitor: [Task=130982388] Slow task still running after 17989s, operation queue size 0. celloTaskManagerImpl_218340477{not started,timedOut,delayMs=600000}
01-30 08:20:19.834   921  2939 I vendor.qti.bluetooth@1.0-ibs_handler: ProcessIbsCmd: Received IBS_SLEEP_IND: 0xFE
01-30 08:20:19.834   921  2939 D vendor.qti.bluetooth@1.0-ibs_handler: SerialClockVote: vote for UART CLK OFF
01-30 08:20:19.984   921  2722 D vendor.qti.bluetooth@1.0-wake_lock: Release wakelock is released 
01-30 08:20:20.047   921  2939 I vendor.qti.bluetooth@1.0-ibs_handler: ProcessIbsCmd: Received IBS_WAKE_IND: 0xFD
01-30 08:20:20.047   921  2939 D vendor.qti.bluetooth@1.0-ibs_handler: SerialClockVote: vote for UART CLK ON
01-30 08:20:20.049   921  2939 D vendor.qti.bluetooth@1.0-wake_lock: Acquire wakelock is acquired 
01-30 08:20:20.049   921  2939 I vendor.qti.bluetooth@1.0-ibs_handler: ProcessIbsCmd: Writing IBS_WAKE_ACK
01-30 08:20:20.052  2450  2647 V BtGatt.GattService: Skipping data matching denylist: ScanRecord [mAdvertiseFlags=4, mServiceUuids=null, mServiceSolicitationUuids=[], mManufacturerSpecificData={76=[2, 21, 38, -122, -13, -100, -70, -38, 70, 88, -123, 74, -90, 46, 126, 94, -117, -115, 0, 1, 0, 0, -55]}, mServiceData={}, mTxPowerLevel=-2147483648, mDeviceName=null]
01-30 08:20:20.052  2450  2647 I BtGatt.GattService: Skipping client for location deny list
01-30 08:20:20.053  2450  2647 V BtGatt.GattService: Skipping data matching denylist: ScanRecord [mAdvertiseFlags=4, mServiceUuids=null, mServiceSolicitationUuids=[], mManufacturerSpecificData={76=[2, 21, 38, -122, -13, -100, -70, -38, 70, 88, -123, 74, -90, 46, 126, 94, -117, -115, 0, 1, 0, 0, -55]}, mServiceData={}, mTxPowerLevel=-2147483648, mDeviceName=null]
01-30 08:20:20.053  2450  2647 I BtGatt.GattService: Skipping client for location deny list
01-30 08:20:20.053  2450  2647 V BtGatt.GattService: Skipping data matching denylist: ScanRecord [mAdvertiseFlags=4, mServiceUuids=null, mServiceSolicitationUuids=[], mManufacturerSpecificData={76=[2, 21, 38, -122, -13, -100, -70, -38, 70, 88, -123, 74, -90, 46, 126, 94, -117, -115, 0, 1, 0, 0, -55]}, mServiceData={}, mTxPowerLevel=-2147483648, mDeviceName=null]
01-30 08:20:20.053  2450  2647 I BtGatt.GattService: Skipping client for location deny list
01-30 08:20:20.090   921  2939 I vendor.qti.bluetooth@1.0-ibs_handler: ProcessIbsCmd: Received IBS_SLEEP_IND: 0xFE
01-30 08:20:20.090   921  2939 D vendor.qti.bluetooth@1.0-ibs_handler: SerialClockVote: vote for UART CLK OFF
01-30 08:20:20.109   921  2939 I vendor.qti.bluetooth@1.0-ibs_handler: ProcessIbsCmd: Received IBS_WAKE_IND: 0xFD
01-30 08:20:20.110   921  2939 D vendor.qti.bluetooth@1.0-ibs_handler: SerialClockVote: vote for UART CLK ON
01-30 08:20:20.110   921  2939 I vendor.qti.bluetooth@1.0-ibs_handler: ProcessIbsCmd: Writing IBS_WAKE_ACK
01-30 08:20:20.113  2450  2647 V BtGatt.GattService: Skipping data matching denylist: ScanRecord [mAdvertiseFlags=4, mServiceUuids=null, mServiceSolicitationUuids=[], mManufacturerSpecificData={76=[2, 21, 38, -122, -13, -100, -70, -38, 70, 88, -123, 74, -90, 46, 126, 94, -117, -115, 0, 1, 0, 0, -55]}, mServiceData={}, mTxPowerLevel=-2147483648, mDeviceName=null]
01-30 08:20:20.113  2450  2647 I BtGatt.GattService: Skipping client for location deny list
01-30 08:20:20.113  2450  2647 V BtGatt.GattService: Skipping data matching denylist: ScanRecord [mAdvertiseFlags=4, mServiceUuids=null, mServiceSolicitationUuids=[], mManufacturerSpecificData={76=[2, 21, 38, -122, -13, -100, -70, -38, 70, 88, -123, 74, -90, 46, 126, 94, -117, -115, 0, 1, 0, 0, -55]}, mServiceData={}, mTxPowerLevel=-2147483648, mDeviceName=null]
01-30 08:20:20.113  2450  2647 I BtGatt.GattService: Skipping client for location deny list
01-30 08:20:20.114  2450  2647 V BtGatt.GattService: Skipping data matching denylist: ScanRecord [mAdvertiseFlags=4, mServiceUuids=null, mServiceSolicitationUuids=[], mManufacturerSpecificData={76=[2, 21, 38, -122, -13, -100, -70, -38, 70, 88, -123, 74, -90, 46, 126, 94, -117, -115, 0, 1, 0, 0, -55]}, mServiceData={}, mTxPowerLevel=-2147483648, mDeviceName=null]
01-30 08:20:20.114  2450  2647 I BtGatt.GattService: Skipping client for location deny list
01-30 08:20:20.151   921  2939 I vendor.qti.bluetooth@1.0-ibs_handler: ProcessIbsCmd: Received IBS_SLEEP_IND: 0xFE
01-30 08:20:20.151   921  2939 D vendor.qti.bluetooth@1.0-ibs_handler: SerialClockVote: vote for UART CLK OFF
01-30 08:20:20.237  1424  4248 D LOWI-9.0.0.79: [LOWI-Scan] wait_event:Wait done with Cmd 103
01-30 08:20:20.237  1424  4248 D LOWI-9.0.0.79: [LOWI-Scan] do_listen_events: Rcvd valid Netlink Cmd 0 Err 0
01-30 08:20:20.237  2271  2271 D wpa_supplicant: nl80211: Event message available
01-30 08:20:20.238  1315  1315 I cnss-daemon: nl80211 response handler invoked
01-30 08:20:20.238  1315  1315 I cnss-daemon: nl80211_response_handler: cmd 103, vendorID 4980, subcmd 13  received
01-30 08:20:20.238   952  2267 I WifiHAL : event received NL80211_CMD_VENDOR, vendor_id = 0x1374, subcmd = 0xd
01-30 08:20:20.238  2271  2271 D wpa_supplicant: nl80211: Drv Event 103 (NL80211_CMD_VENDOR) received for wlan0
01-30 08:20:20.239  2271  2271 D wpa_supplicant: nl80211: Vendor event: wiphy=0 vendor_id=0x1374 subcmd=13
01-30 08:20:20.239  2271  2271 D wpa_supplicant: nl80211: Vendor data - hexdump(len=180): 08 00 04 00 14 00 00 00 ac 00 03 00 00 00 00 00 87 af 00 00 00 00 00 00 00 00 00 00 50 50 00 00 ...
01-30 08:20:20.239  2271  2271 D wpa_supplicant: nl80211: Ignore unsupported QCA vendor event 13
01-30 08:20:20.301   921  2722 D vendor.qti.bluetooth@1.0-wake_lock: Release wakelock is released 
01-30 08:20:20.672   921  2939 I vendor.qti.bluetooth@1.0-ibs_handler: ProcessIbsCmd: Received IBS_WAKE_IND: 0xFD
01-30 08:20:20.672   921  2939 D vendor.qti.bluetooth@1.0-ibs_handler: SerialClockVote: vote for UART CLK ON
01-30 08:20:20.673   921  2939 D vendor.qti.bluetooth@1.0-wake_lock: Acquire wakelock is acquired 
01-30 08:20:20.673   921  2939 I vendor.qti.bluetooth@1.0-ibs_handler: ProcessIbsCmd: Writing IBS_WAKE_ACK
