01-30 08:20:28.879  1550  2533 I Telecom : InCallController: Sending updateCall [Call id=TC@1, state=DISCONNECTING, tpac=ComponentInfo{com.android.phone/com.android.services.telephony.TelephonyConnectionService}, 1, UserHandle{0}, cmgr=ComponentInfo{com.android.phone/com.android.services.telephony.TelephonyConnectionService}, 1, UserHandle{0}, handle=tel:********45, vidst=A, childs(0), has_parent(false), cap=[ hld sup_hld mut sup_trans sup_rtt], prop=[ HD]], voip=false: CSW.sSH(cap)@Ato
01-30 08:20:28.879  2558  2558 V Telephony: ImsConferenceController: recalculateConferenceable : 1
01-30 08:20:28.879  2558  2558 V Telephony: conferenceableSet size: 0
01-30 08:20:28.879  2558  2558 V Telephony: recalculateConference
01-30 08:20:28.880  2558  2558 V Telephony: : onStateChanged: [-ITnY9VCEJFri1XTXHm4UFaLpoI]
01-30 08:20:28.880  2558  2558 V Telephony: ImsConferenceController: recalculateConferenceable : 1
01-30 08:20:28.880  1550  2533 I Telecom : InCallController: Components updated: [ComponentInfo{com.android.bluetooth/com.android.bluetooth.telephony.BluetoothInCallService}, ComponentInfo{com.google.android.dialer/com.android.incallui.InCallServiceImpl}]: CSW.sSH(cap)@Ato
01-30 08:20:28.880  2558  2558 V Telephony: conferenceableSet size: 0
01-30 08:20:28.880  2558  2558 V Telephony: recalculateConference
01-30 08:20:28.880  2558  2558 V Telephony: close
01-30 08:20:28.880  2558  2558 I Telephony: GsmConnection: clearOriginalConnection; clearing=[ImsPhoneConnection objId: 212018228 telecomCallID: TC@1_1 address: [ZLQLTK2Vgxkb0M8WuZTVXDYdgtQ] isAdhocConf: N ImsCall: null]
01-30 08:20:28.881  2558  2558 D Telephony: topHoldableCount = 0
01-30 08:20:28.881  1550  2533 I Telecom : CallsManager: setCallState DISCONNECTING -> DISCONNECTED, call: [Call id=TC@1, state=DISCONNECTING, tpac=ComponentInfo{com.android.phone/com.android.services.telephony.TelephonyConnectionService}, 1, UserHandle{0}, cmgr=ComponentInfo{com.android.phone/com.android.services.telephony.TelephonyConnectionService}, 1, UserHandle{0}, handle=tel:********45, vidst=A, childs(0), has_parent(false), cap=[ hld sup_hld mut sup_trans sup_rtt], prop=[ HD]], voip=false: CSW.sDc(cap)@Ats
01-30 08:20:28.881  2558  2558 V Telephony: ImsConferenceController: recalculateConferenceable : 0
01-30 08:20:28.881  2558  2558 V Telephony: conferenceableSet size: 0
01-30 08:20:28.881  2558  2558 D Telephony: buildConnectionCapabilities: isHoldable = true State = 6 capabilities = 0
01-30 08:20:28.882  2558  2558 D Telephony: buildConnectionCapabilities: isHoldable = true State = 6 capabilities = 0
01-30 08:20:28.882  1550  2533 I Telecom : Event: RecordEntry TC@1: SET_DISCONNECTED, disconnected set explicitly> DisconnectCause [ Code: (LOCAL) Label: () Description: () Reason: (LOCAL) Tone: (27)  TelephonyCause: 3/-1 ImsReasonInfo: ImsReasonInfo :: {501 : CODE_USER_TERMINATED, 0, }]: CSW.sDc(cap)@Ats
01-30 08:20:28.882  2558  2558 I Telephony: GsmConnection: refreshCodec: codec changed; old=18, new=0
01-30 08:20:28.882  2558  2558 I Telephony: refreshCodec: Codec:0, Bitrate:0.0, Bandwidth:0.0
01-30 08:20:28.882  1550  2533 I Telecom : TelecomWakeLock: WakeLock already released with id: 26: CSW.sDc(cap)@Ats
01-30 08:20:28.882  1550  2533 I Telecom : InCallWakeLockController: Releasing full wake lock: CSW.sDc(cap)@Ats
01-30 08:20:28.883  1550  2533 I Telecom : CallLogManager: Country cache is null. Detecting Country and Setting Cache...: CSW.sDc(cap)@Ats
01-30 08:20:28.883  2981  2981 I DialerDialerCall: com.android.incallui.call.DialerCall.updateFromTelecomCall:916 updateFromTelecomCall
01-30 08:20:28.884  2981  3019 I DialerCallScopesImpl: com.android.dialer.incall.core.callscope.callscopes.impl.CallScopesImpl.getAudioAvailableCallScope:220 enter
01-30 08:20:28.885   919   919 D soundtrigger: audio_extn_sound_trigger_update_stream_status: uc_info->id 41 of type 2 for Event 2, with Raise=1
01-30 08:20:28.885   919   919 D soundtrigger: audio_extn_sound_trigger_update_stream_status: send event 12: usecase id 41, type 2
01-30 08:20:28.885   919   919 I sound_trigger_platform: platform_stdev_check_and_update_concurrency: Received STREAM event, event type 12, usecase type 2
01-30 08:20:28.885   919   919 D sound_trigger_platform: platform_stdev_get_capture_device: Device = 0x80000004
01-30 08:20:28.885   919   919 D sound_trigger_platform: platform_stdev_get_capture_device: Available device = 0x80000004
01-30 08:20:28.885   919   919 D sound_trigger_platform: platform_stdev_check_and_update_concurrency: dedicated path 1, reset backend 1, tx 1, rx 0, concurrency session not allowed
01-30 08:20:28.885   919   919 D hardware_info: hw_info_append_hw_type : device_name = voice-handset-tmus
01-30 08:20:28.885   919   919 D msm8974_platform: platform_split_snd_device: snd_device(50) num devices(0) new_snd_devices(0)
01-30 08:20:28.885   919   919 D hardware_info: hw_info_append_hw_type : device_name = voice-dmic-ef-tmus
01-30 08:20:28.885   919   919 D audio_hw_primary: disable_snd_device: snd_device(186: voice-dmic-ef-tmus)
01-30 08:20:28.885   919   919 D msm8974_platform: platform_split_snd_device: snd_device(186) num devices(0) new_snd_devices(0)
01-30 08:20:28.885   919   919 E audio_hw_awinic_feedback: is_supported_feedback_on_device [Awinic] 186
01-30 08:20:28.885   919   919 E audio_hw_awinic_feedback: is_supported_feedback_on_device [Awinic] snd_device_out id 186 is supported iv feedback or not(0)
01-30 08:20:28.891  2558  2558 V Telephony: MSG_PRECISE_CALL_STATE_CHANGED
01-30 08:20:28.892  2558  9204 D CallNotifier: SignalInfoTonePlayer.run(toneId = 98)...
01-30 08:20:28.904   919   919 I soundtrigger: audio_extn_sound_trigger_update_device_status: device 0xba of type 1 for Event 0, with Raise=1
01-30 08:20:28.904   919   919 I sound_trigger_platform: platform_stdev_check_and_update_concurrency: Received DEVICE event, event type 0, usecase type 2
01-30 08:20:28.904   919   919 D sound_trigger_platform: platform_stdev_get_capture_device: Device = 0x80000004
01-30 08:20:28.904   919   919 D sound_trigger_platform: platform_stdev_get_capture_device: Available device = 0x80000004
01-30 08:20:28.904   919   919 D sound_trigger_platform: platform_stdev_check_and_update_concurrency: dedicated path 1, reset backend 1, tx 0, rx 0, concurrency session allowed
01-30 08:20:28.904   919   919 D sound_trigger_platform: platform_stdev_get_capture_device: Device = 0x80000004
01-30 08:20:28.904   919   919 D sound_trigger_platform: platform_stdev_get_capture_device: Available device = 0x80000004
01-30 08:20:28.904   919   919 D voice   : voice_stop_usecase: exit: status(0)
01-30 08:20:28.904   919   919 D voice_extn: update_calls: cur_state=1 new_state=1 vsid=11dc5000
01-30 08:20:28.904   919   919 D audio_hw_hfp: hfp_set_parameters: enter
01-30 08:20:28.908  3207  3280 I QcrilOemhookMsgTunnel: [0]processOemHookIndication length=47
01-30 08:20:28.909  3207  3280 I QcrilOemhookMsgTunnel: [0]Oem ID in RIL_UNSOL_OEM_HOOK_RAW is QOEMHOOK
01-30 08:20:28.910  2494  3290 D QcRilAudio: setParameters with: vsid=297816064;call_state=1
01-30 08:20:28.911   919   919 D audio_hw_primary: adev_set_parameters: enter: call_state=1;vsid=297816064
01-30 08:20:28.911   919   919 D voice_extn: update_call_states is_call_active:0 in_call:1, mode:2
01-30 08:20:28.911   919   919 D voice_extn: update_calls: enter:
01-30 08:20:28.911   919   919 D voice_extn: update_calls: cur_state=1 new_state=1 vsid=10c01000
01-30 08:20:28.911   919   919 D voice_extn: update_calls: cur_state=1 new_state=1 vsid=10dc1000
01-30 08:20:28.911   919   919 D voice_extn: update_calls: cur_state=1 new_state=1 vsid=10c02000
01-30 08:20:28.911   919   919 D voice_extn: update_calls: cur_state=1 new_state=1 vsid=10803000
01-30 08:20:28.911   919   919 D voice_extn: update_calls: cur_state=1 new_state=1 vsid=10002000
01-30 08:20:28.911   919   919 D voice_extn: update_calls: cur_state=1 new_state=1 vsid=11c05000
01-30 08:20:28.911   919   919 D voice_extn: update_calls: cur_state=1 new_state=1 vsid=11dc5000
01-30 08:20:28.911   919   919 D audio_hw_hfp: hfp_set_parameters: enter
01-30 08:20:28.912  1006  9106 D AudioFlinger: Client defaulted notificationFrames to 192 for frameCount 960
01-30 08:20:28.914  3207  3280 I QcrilOemhookMsgTunnel: [0]processOemHookIndication length=47
01-30 08:20:28.915  3207  3280 I QcrilOemhookMsgTunnel: [0]Oem ID in RIL_UNSOL_OEM_HOOK_RAW is QOEMHOOK
01-30 08:20:28.916  2494  3290 D QcRilAudio: setParameters with: vsid=297816064;call_state=1
01-30 08:20:28.917  1006  9106 D AF::TrackHandle: OpPlayAudio: track:63 usage:3 not muted
01-30 08:20:28.920  2558  9204 I AudioTrack: createTrack_l(4980812): AUDIO_OUTPUT_FLAG_FAST successful; frameCount 960 -> 960
01-30 08:20:28.920   919   919 D audio_hw_primary: adev_set_parameters: enter: call_state=1;vsid=297816064
01-30 08:20:28.920   919   919 D voice_extn: update_call_states is_call_active:0 in_call:1, mode:2
01-30 08:20:28.920   919   919 D voice_extn: update_calls: enter:
01-30 08:20:28.920   919   919 D voice_extn: update_calls: cur_state=1 new_state=1 vsid=10c01000
01-30 08:20:28.920   919   919 D voice_extn: update_calls: cur_state=1 new_state=1 vsid=10dc1000
01-30 08:20:28.920   919   919 D voice_extn: update_calls: cur_state=1 new_state=1 vsid=10c02000
01-30 08:20:28.920   919   919 D voice_extn: update_calls: cur_state=1 new_state=1 vsid=10803000
01-30 08:20:28.920   919   919 D voice_extn: update_calls: cur_state=1 new_state=1 vsid=10002000
01-30 08:20:28.920   919   919 D voice_extn: update_calls: cur_state=1 new_state=1 vsid=11c05000
01-30 08:20:28.920   919   919 D voice_extn: update_calls: cur_state=1 new_state=1 vsid=11dc5000
01-30 08:20:28.920   919   919 D audio_hw_hfp: hfp_set_parameters: enter
01-30 08:20:28.921  2558  9204 D CallNotifier: CallNotifier: mSignalInfoToneGenerator created when toneplay
01-30 08:20:28.922  3207  3280 I QcrilOemhookMsgTunnel: [0]processOemHookIndication length=47
01-30 08:20:28.923  3207  3280 I QcrilOemhookMsgTunnel: [0]Oem ID in RIL_UNSOL_OEM_HOOK_RAW is QOEMHOOK
01-30 08:20:28.934  1550  2533 I Telecom : InCallController: Sending updateCall [Call id=TC@1, state=DISCONNECTED, tpac=ComponentInfo{com.android.phone/com.android.services.telephony.TelephonyConnectionService}, 1, UserHandle{0}, cmgr=ComponentInfo{com.android.phone/com.android.services.telephony.TelephonyConnectionService}, 1, UserHandle{0}, handle=tel:********45, vidst=A, childs(0), has_parent(false), cap=[ hld sup_hld mut sup_trans sup_rtt], prop=[ HD]], voip=false: CSW.sDc(cap)@Ats
01-30 08:20:28.934  1550  2533 I Telecom : InCallController: Components updated: [ComponentInfo{com.android.bluetooth/com.android.bluetooth.telephony.BluetoothInCallService}, ComponentInfo{com.google.android.dialer/com.android.incallui.InCallServiceImpl}]: CSW.sDc(cap)@Ats
01-30 08:20:28.935  1550  2533 I Telecom : CallAudioManager: setIsTonePlaying; isTonePlaying=true: CSW.sDc(cap)@Ats
01-30 08:20:28.935  1550  2688 I Telecom : CallAudioRouteStateMachine: Message received: UPDATE_SYSTEM_AUDIO_ROUTE=1201, arg1=0: CSW.sDc->CARSM.pM_UPDATE_SYSTEM_AUDIO_ROUTE(cap)@Ats
01-30 08:20:28.935  1550  2688 I Telecom : ActiveEarpieceRoute: Processing message UPDATE_SYSTEM_AUDIO_ROUTE: CSW.sDc->CARSM.pM_UPDATE_SYSTEM_AUDIO_ROUTE(cap)@Ats
01-30 08:20:28.935  2450  2450 I BluetoothInCallService: updateHeadsetWithCallState numActive 0, numHeld 0, callState 7, ringing type 128
01-30 08:20:28.935  1550  2688 D BluetoothAdapter: getActiveDevices(profile= HEADSET)
01-30 08:20:28.936  1550  2533 I Telecom : PhoneStateBroadcaster: Broadcasted state change: 0: CSW.sDc(cap)@Ats
01-30 08:20:28.936  1550  2533 I Telecom : IncomingCallNotifier: updateIncomingCall: foundIncomingcall = null: CSW.sDc(cap)@Ats
01-30 08:20:28.936  1550  2687 I Telecom : BluetoothRouteManager: Message received: GET_CURRENT_STATE.: CSW.sDc->ICTP.r->BRM.pM_400(cap)@Ats
01-30 08:20:28.937  1550  2533 I Telecom : Event: RecordEntry TC@1: CONF_CALLS_CHANGED, : CSW.sCC(cap)@At0
01-30 08:20:28.937  1550  2533 I Telecom : InCallController: Sending updateCall [Call id=TC@1, state=DISCONNECTED, tpac=ComponentInfo{com.android.phone/com.android.services.telephony.TelephonyConnectionService}, 1, UserHandle{0}, cmgr=ComponentInfo{com.android.phone/com.android.services.telephony.TelephonyConnectionService}, 1, UserHandle{0}, handle=tel:********45, vidst=A, childs(0), has_parent(false), cap=[ hld sup_hld mut sup_trans sup_rtt], prop=[ HD]], voip=false: CSW.sCC(cap)@At0
01-30 08:20:28.937  2450  2450 D BluetoothInCallService: onCallRemoved
01-30 08:20:28.937  1550  2691 I Telecom : CallAudioModeStateMachine: Message received: TONE_STARTED_PLAYING.: CSW.sDc->CAMSM.pM_3001(cap)@Ats
01-30 08:20:28.937  1550  2533 I Telecom : InCallController: Components updated: [ComponentInfo{com.android.bluetooth/com.android.bluetooth.telephony.BluetoothInCallService}, ComponentInfo{com.google.android.dialer/com.android.incallui.InCallServiceImpl}]: CSW.sCC(cap)@At0
01-30 08:20:28.937  2450  2450 I BluetoothInCallService: updateHeadsetWithCallState numActive 0, numHeld 0, callState 6, ringing type 128
01-30 08:20:28.937  1550  2691 I Telecom : CallAudioModeStateMachine: Message received: NO_MORE_ACTIVE_OR_DIALING_CALLS.: CSW.sDc->CAMSM.pM_1001(cap)@Ats
01-30 08:20:28.938  1550  2533 I Telecom : Event: RecordEntry TC@1: CONF_CALLS_CHANGED, : CSW.sCC(cap)@At4
01-30 08:20:28.938  1550  2533 I Telecom : InCallController: Sending updateCall [Call id=TC@1, state=DISCONNECTED, tpac=ComponentInfo{com.android.phone/com.android.services.telephony.TelephonyConnectionService}, 1, UserHandle{0}, cmgr=ComponentInfo{com.android.phone/com.android.services.telephony.TelephonyConnectionService}, 1, UserHandle{0}, handle=tel:********45, vidst=A, childs(0), has_parent(false), cap=[ hld sup_hld mut sup_trans sup_rtt], prop=[ HD]], voip=false: CSW.sCC(cap)@At4
01-30 08:20:28.938  1550  2691 I Telecom : CallAudioModeStateMachine: Audio focus entering TONE/HOLDING state: CSW.sDc->CAMSM.pM_1001(cap)@Ats
01-30 08:20:28.938  1550  2533 I Telecom : InCallController: Components updated: [ComponentInfo{com.android.bluetooth/com.android.bluetooth.telephony.BluetoothInCallService}, ComponentInfo{com.google.android.dialer/com.android.incallui.InCallServiceImpl}]: CSW.sCC(cap)@At4
01-30 08:20:28.938  1550  2691 I MediaFocusControl: requestAudioFocus() from uid/pid 1000/1550 AA=USAGE_VOICE_COMMUNICATION/CONTENT_TYPE_SPEECH clientId=AudioFocus_For_Phone_Ring_And_Calls callingPack=com.android.server.telecom req=2 flags=0x4 sdk=0
01-30 08:20:28.939  1550  2533 I Telecom : CallsManager: markCallAsRemoved; callid=TC@1, immediate.: CSW.rC(cap)@AuA
01-30 08:20:28.939  2981  2981 I DialerDialerCall: com.android.incallui.call.DialerCall$VideoTechManager.getVideoTech:2817 tidepods video enabled, using empty video tech
01-30 08:20:28.940  2981  2981 I DialerCallList: com.android.incallui.call.CallList.onUpdateCall:846 [DialerCall_0, DISCONNECTING, [Capabilities: CAPABILITY_HOLD CAPABILITY_SUPPORT_HOLD CAPABILITY_MUTE CAPABILITY_TRANSFER CAPABILITY_REMOTE_PARTY_SUPPORTS_RTT], [Properties: PROPERTY_HIGH_DEF_AUDIO], children:[], parent:null, conferenceable:[], videoState:Audio Only, SessionModificationState:0, CameraDir:-1]
01-30 08:20:28.940  2981  2981 I DialerInCallPresenter: com.android.incallui.InCallPresenter.dontAddToThisMethodOrYoullBeSorry:1034 Phone switching state: INCALL -> INCALL
01-30 08:20:28.940  2981  2981 I DialerContactInfoCache: com.android.incallui.ContactInfoCache.findInfo:332 findInfo
01-30 08:20:28.940  1550  2382 D CompatibilityChangeReporter: Compat change id reported: 183407956; UID 1000; state: ENABLED
01-30 08:20:28.940  2450  2488 I BluetoothAdapterService: getActiveDevices: Headset device: null
01-30 08:20:28.941  1550  1721 W BroadcastQueue: Permission Denial: receiving Intent { act=android.intent.action.PHONE_STATE flg=0x1000010 (has extras) } to ProcessRecord{4a3f401 2276:com.android.systemui/u0a128} (pid=2276, uid=10128) requires android.permission.READ_CALL_LOG due to sender android (uid 1000)
01-30 08:20:28.941  1550  1721 W BroadcastQueue: Permission Denial: receiving Intent { act=android.intent.action.PHONE_STATE flg=0x1000010 (has extras) } to ProcessRecord{4a3f401 2276:com.android.systemui/u0a128} (pid=2276, uid=10128) requires android.permission.READ_CALL_LOG due to sender android (uid 1000)
01-30 08:20:28.941  1550  2688 D BluetoothAdapter: getActiveDevices(profile= HEARING_AID)
01-30 08:20:28.942  1006  9104 D PermissionCache: checking android.permission.MODIFY_AUDIO_SETTINGS for uid=1002 => granted (416 us)
01-30 08:20:28.943   919  1939 D audio_hw_primary: adev_set_parameters: enter: A2dpSuspended=false
01-30 08:20:28.943   919  1939 D audio_hw_hfp: hfp_set_parameters: enter
01-30 08:20:28.943  1550  9206 I Telecom : InCallTonePlayer: playMediaTone: toneResourceId=2131296257: CSW.sDc->ICTP.r(cap)@Ats
01-30 08:20:28.943  2450  2488 D HearingAidService: getActiveDevices
01-30 08:20:28.944  2450  2488 I BluetoothAdapterService: getActiveDevices: Hearing Aid devices: Left[null] - Right[null]
01-30 08:20:28.947  1550  2382 I Telecom : PhoneAccountRegistrar: getSimCallManager: SimCallManager for subId 1 queried, returning: null
01-30 08:20:28.948  1550  1550 I Telecom : ConnectionServiceWrapper: Service unbound ComponentInfo{com.android.phone/com.android.services.telephony.TelephonyConnectionService}, from unbind.: CSW.rC->CM.pR(cap)@AuA
01-30 08:20:28.949  1550  9206 E Binder  : Outgoing transactions from this process must be FLAG_ONEWAY
01-30 08:20:28.949  1550  9206 E Binder  : java.lang.Throwable
01-30 08:20:28.949  1550  9206 E Binder  : 	at android.os.BinderProxy.transact(BinderProxy.java:541)
01-30 08:20:28.949  1550  9206 E Binder  : 	at android.content.ContentProviderProxy.openTypedAssetFile(ContentProviderNative.java:778)
01-30 08:20:28.949  1550  9206 E Binder  : 	at android.content.ContentResolver.openTypedAssetFileDescriptor(ContentResolver.java:2027)
01-30 08:20:28.949  1550  9206 E Binder  : 	at android.content.ContentResolver.openTypedAssetFileDescriptor(ContentResolver.java:1965)
01-30 08:20:28.949  1550  9206 E Binder  : 	at android.provider.MediaStore.getOriginalMediaFormatFileDescriptor(MediaStore.java:1058)
01-30 08:20:28.949  1550  9206 E Binder  : 	at android.os.FileUtils.convertToModernFd(FileUtils.java:1473)
01-30 08:20:28.949  1550  9206 E Binder  : 	at android.media.MediaPlayer.setDataSource(MediaPlayer.java:1270)
01-30 08:20:28.949  1550  9206 E Binder  : 	at android.media.MediaPlayer.create(MediaPlayer.java:997)
01-30 08:20:28.949  1550  9206 E Binder  : 	at com.android.server.telecom.CallsManager.lambda$new$0(CallsManager.java:540)
01-30 08:20:28.949  1550  9206 E Binder  : 	at com.android.server.telecom.CallsManager.$r8$lambda$MVe35npMWGhiuw_214DZVAnuG8A(Unknown Source:0)
01-30 08:20:28.949  1550  9206 E Binder  : 	at com.android.server.telecom.CallsManager$$ExternalSyntheticLambda1.get(Unknown Source:4)
01-30 08:20:28.949  1550  9206 E Binder  : 	at com.android.server.telecom.InCallTonePlayer.playMediaTone(InCallTonePlayer.java:442)
01-30 08:20:28.949  1550  9206 E Binder  : 	at com.android.server.telecom.InCallTonePlayer.run(InCallTonePlayer.java:378)
01-30 08:20:28.951  1550  1550 I Telecom : CallsManager: handleConnectionServiceDeath: service [ConnectionServiceWrapper componentName=ComponentInfo{com.android.phone/com.android.services.telephony.TelephonyConnectionService}] died: CSW.rC->CM.pR(cap)@AuA
01-30 08:20:28.951  1550  1550 I Telecom : Event: RecordEntry TC@1: DESTROYED, null: CSW.rC->CM.pR(cap)@AuA
01-30 08:20:28.952  1550  1550 I Telecom : TelecomWakeLock: WakeLock already released with id: 26: CSW.rC->CM.pR(cap)@AuA
01-30 08:20:28.952  1550  1550 I Telecom : InCallWakeLockController: Releasing full wake lock: CSW.rC->CM.pR(cap)@AuA
01-30 08:20:28.952  1550  1550 I Telecom : InCallController: onCallRemoved: [Call id=TC@1, state=DISCONNECTED, tpac=ComponentInfo{com.android.phone/com.android.services.telephony.TelephonyConnectionService}, 1, UserHandle{0}, cmgr=ComponentInfo{com.android.phone/com.android.services.telephony.TelephonyConnectionService}, 1, UserHandle{0}, handle=tel:********45, vidst=A, childs(0), has_parent(false), cap=[ hld sup_hld mut sup_trans sup_rtt], prop=[ HD]], voip=false: CSW.rC->CM.pR(cap)@AuA
01-30 08:20:28.953  1550  1550 I Telecom : InCallController: onSetCamera callId=TC@1, cameraId=null: CSW.rC->CM.pR(cap)@AuA
01-30 08:20:28.953  1550  1550 W Telecom : CallDiagnosticServiceController: maybeUnbindCallScreeningService - already unbound: CSW.rC->CM.pR(cap)@AuA
01-30 08:20:28.953  1550  1550 I Telecom : ProximitySensorManager: All calls removed, resetting proximity sensor to default state: CSW.rC->CM.pR(cap)@AuA
01-30 08:20:28.953  1550  1550 I Telecom : TelecomWakeLock: WakeLock already released with id: 32: CSW.rC->CM.pR(cap)@AuA
01-30 08:20:28.953  1550  1550 I Telecom : IncomingCallNotifier: updateIncomingCall: foundIncomingcall = null: CSW.rC->CM.pR(cap)@AuA
01-30 08:20:28.954  1550  1550 D MediaSessionService: Global priority session is updated, active=false
01-30 08:20:28.955  1550  2688 I Telecom : CallAudioRouteStateMachine: setSystemAudioState: changing from [AudioState isMuted: false, route: EARPIECE, supportedRouteMask: EARPIECE, SPEAKER, activeBluetoothDevice: [null], supportedBluetoothDevices: []] to [AudioState isMuted: false, route: EARPIECE, supportedRouteMask: EARPIECE, SPEAKER, activeBluetoothDevice: [null], supportedBluetoothDevices: []]: CSW.sDc->CARSM.pM_UPDATE_SYSTEM_AUDIO_ROUTE(cap)@Ats
01-30 08:20:28.955  1550  2688 I Telecom : InCallController: Calling onAudioStateChanged, audioState: [AudioState isMuted: false, route: EARPIECE, supportedRouteMask: EARPIECE, SPEAKER, activeBluetoothDevice: [null], supportedBluetoothDevices: []] -> [AudioState isMuted: false, route: EARPIECE, supportedRouteMask: EARPIECE, SPEAKER, activeBluetoothDevice: [null], supportedBluetoothDevices: []]: CSW.sDc->CARSM.pM_UPDATE_SYSTEM_AUDIO_ROUTE(cap)@Ats
01-30 08:20:28.955  2450  2450 V MediaPlayerList: onActiveSessionsChanged: number of controllers: 1
01-30 08:20:28.955  2450  2450 D MediaPlayerList: onActiveSessionsChanged: controller: com.google.android.googlequicksearchbox
01-30 08:20:28.955  1550  2688 I Telecom : CallAudioRouteStateMachine: Message received: SWITCH_FOCUS=4001, arg1=2: CSW.sDc->CAMSM.pM_1001->CARSM.pM_SWITCH_FOCUS(cap)@Ats
01-30 08:20:28.955  2450  2450 D MediaPlayerList: Already have a controller for the player: com.google.android.googlequicksearchbox, updating instead
01-30 08:20:28.955  1550  2688 I Telecom : ActiveEarpieceRoute: Processing message SWITCH_FOCUS: CSW.sDc->CAMSM.pM_1001->CARSM.pM_SWITCH_FOCUS(cap)@Ats
01-30 08:20:28.956  2981  2981 I DialerLegacyStatusBarNotifier: com.android.incallui.LegacyStatusBarNotifier.updateInCallNotification:266 tidepods enabled
01-30 08:20:28.957  2981  2981 I DialerMotorolaInCallUiNotifier: com.android.incallui.MotorolaInCallUiNotifier.onStateChange:67 INCALL to INCALL
01-30 08:20:28.957  2981  2981 I DialerInCallPresenter: com.android.incallui.InCallPresenter.isActivityStarted:1419 inCallActivity is started
01-30 08:20:28.957  2981  2981 I DialerTelecomEventUiThreadBlockedTimer: com.android.incallui.TelecomEventUiThreadBlockedTimer.lambda$onEvent$0:58 InCallService.uiThreadBlockedByTelecomEvent blocked UI thread for 75.89 ms
01-30 08:20:28.957  2981  2981 I DialerTelecomEventUiThreadBlockedTimer: com.android.incallui.TelecomEventUiThreadBlockedTimer.lambda$onEvent$0:58 InCallService.uiThreadBlockedByTelecomEvent.onDetailsChanged blocked UI thread for 76.06 ms
01-30 08:20:28.957  2981  2981 I DialerInCallUpdatePropagatorImpl: com.android.dialer.incall.core.dataservice.impl.InCallUpdatePropagatorImpl$1.onSuccess:77 IN_CALL_UPDATE_MONITORING: fire update in the ui thread
01-30 08:20:28.958  2981  2981 I DialerInCallProductionComponentAuthorityImpl: com.android.dialer.incall.core.dataservice.impl.InCallProductionComponentAuthorityImpl.postNewPrimaryCallGraph:67 IN_CALL_UPDATE_MONITORING: start building new call graph
01-30 08:20:28.964  2981  2981 I DialerTiktokDataServiceInCallUpdateListener: com.android.dialer.incall.core.dataservice.impl.TiktokDataServiceInCallUpdateListener.onCallGraphUpdated:30 IN_CALL_UPDATE_MONITORING: enter
01-30 08:20:28.967  2981  2981 E DialerLegacyContactGridDataService: com.android.dialer.incall.tidepodslegacycontactgrid.dataservice.LegacyContactGridDataService$1.onModelProductionStart:144 unable to start timer
01-30 08:20:28.967  2981  2981 E DialerLegacyContactGridDataService: scc: MEDIUM
01-30 08:20:28.967  2981  2981 E DialerLegacyContactGridDataService: 	at gnp.b(Unknown Source:48)
01-30 08:20:28.967  2981  2981 E DialerLegacyContactGridDataService: 	at fwm.c(PG:8)
01-30 08:20:28.967  2981  2981 E DialerLegacyContactGridDataService: 	at qyx.c(PG:5)
01-30 08:20:28.967  2981  2981 E DialerLegacyContactGridDataService: 	at qqj.run(PG:27)
01-30 08:20:28.967  2981  2981 E DialerLegacyContactGridDataService: 	at spg.run(PG:18)
01-30 08:20:28.967  2981  2981 E DialerLegacyContactGridDataService: 	at qve.execute(PG:9)
01-30 08:20:28.967  2981  2981 E DialerLegacyContactGridDataService: 	at qyk.b(PG:19)
01-30 08:20:28.967  2981  2981 E DialerLegacyContactGridDataService: 	at rkp.b(PG:2)
01-30 08:20:28.967  2981  2981 E DialerLegacyContactGridDataService: 	at sog.run(PG:6)
01-30 08:20:28.967  2981  2981 E DialerLegacyContactGridDataService: 	at sns.execute(Unknown Source:0)
01-30 08:20:28.967  2981  2981 E DialerLegacyContactGridDataService: 	at soq.dv(PG:2)
01-30 08:20:28.967  2981  2981 E DialerLegacyContactGridDataService: 	at spd.s(Unknown Source:8)
01-30 08:20:28.967  2981  2981 E DialerLegacyContactGridDataService: 	at qyj.a(PG:3)
01-30 08:20:28.967  2981  2981 E DialerLegacyContactGridDataService: 	at qyj.b(PG:1)
01-30 08:20:28.967  2981  2981 E DialerLegacyContactGridDataService: 	at fwq.b(PG:3)
01-30 08:20:28.967  2981  2981 E DialerLegacyContactGridDataService: 	at fof.accept(PG:12)
01-30 08:20:28.967  2981  2981 E DialerLegacyContactGridDataService: 	at java.lang.Iterable.forEach(Iterable.java:75)
01-30 08:20:28.967  2981  2981 E DialerLegacyContactGridDataService: 	at eqc.run(PG:5)
01-30 08:20:28.967  2981  2981 E DialerLegacyContactGridDataService: 	at rkj.run(PG:1)
01-30 08:20:28.967  2981  2981 E DialerLegacyContactGridDataService: 	at java.util.concurrent.Executors$RunnableAdapter.call(Executors.java:463)
01-30 08:20:28.971  1258  2210 D NuPlayerDriver: NuPlayerDriver(0xeac400b0) created, clientPid(1550)
01-30 08:20:28.971  2981  3017 I DialerSeamlessCallEnabledFn: com.android.dialer.incall.seamless.impl.SeamlessCallEnabledFn.isEnabled:43 disabled by seamless call flag
01-30 08:20:28.971  2981  3017 I DialerCallRecorder: com.android.dialer.callrecording.impl.service.CallRecorder.isStartingOrRecording:434 recording state: IDLE
01-30 08:20:28.974  2981  3017 I DialerPrivate: com.android.dialer.callrecording.impl.service.CallRecordingInternalProducerModule.produceIsCallRecordingAvailableInternal:95 recording not available: feature not present
01-30 08:20:28.974  2981  2981 I DialerDialerBubbleController: com.android.dialer.incall.bubble.dialerbubble.DialerBubbleController.onCallGraphUpdated:78 IN_CALL_UPDATE_MONITORING: enter
01-30 08:20:28.974  2981  3013 I DialerLegacyCallRecordingImpl: com.android.incallui.callrecording.impl.LegacyCallRecordingImpl.isStartingOrRecording:453 recording state: IDLE
01-30 08:20:28.975  2981  2981 I DialerStatusBarNotifier: com.android.dialer.incall.statusbarnotification.ui.StatusBarNotifier.onCallGraphUpdated:215 IN_CALL_UPDATE_MONITORING: enter. updateInProgress: false
01-30 08:20:28.975  2981  2981 I DialerStatusBarNotifier: com.android.dialer.incall.statusbarnotification.ui.StatusBarNotifier.getModel:456 IN_CALL_UPDATE_MONITORING: primaryCallGraph present: true; model already present: true
01-30 08:20:28.976  2981  3013 I DialerCountryCodeProvider: com.android.dialer.businessvoice.verifiedcall.impl.i18n.CountryCodeProvider.getSimCountryCodeInternal:85 returning Redacted-2-chars
01-30 08:20:28.976  2981  3013 I DialerCountryCodeProvider: com.android.dialer.businessvoice.verifiedcall.impl.i18n.CountryCodeProvider.getSimCountryCodeInternal:85 returning Redacted-2-chars
01-30 08:20:28.976  2981  2981 I DialerCountryCodeProvider: com.android.dialer.businessvoice.verifiedcall.impl.i18n.CountryCodeProvider.getSimCountryCodeInternal:85 returning Redacted-2-chars
01-30 08:20:28.977  2981  2981 I DialerDialerCall: com.android.incallui.call.DialerCall$1.onStateChanged:396 newState: 7
01-30 08:20:28.977  2981  2981 I DialerDialerCallBroadcaster: com.android.incallui.call.DialerCallBroadcaster.callDisconnected:33 callDisconnected
01-30 08:20:28.977  2981  2981 I DialerSafetyHubAutoAssistedEmergencyCallDataParser: com.android.dialer.autoassistedemergencycall.impl.SafetyHubAutoAssistedEmergencyCallDataParser.getAutoAssistedEmergencyCallData:57 Failed to return data - bundle does not contain Assisted emergency call data
01-30 08:20:28.978  2981  2981 I DialerDialerCall: com.android.incallui.call.DialerCall.updateFromTelecomCall:916 updateFromTelecomCall
01-30 08:20:28.980  2981  3012 I DialerStatusBarNotifier: com.android.dialer.incall.statusbarnotification.ui.StatusBarNotifier.lambda$updateModelAndNotification$1:419 IN_CALL_UPDATE_MONITORING: got model - time to retrieve: 5
01-30 08:20:28.981  2981  3012 I DialerSeamlessCallEnabledFn: com.android.dialer.incall.seamless.impl.SeamlessCallEnabledFn.isEnabled:43 disabled by seamless call flag
01-30 08:20:28.981  2981  3009 I DialerStatusBarNotifier: com.android.dialer.incall.statusbarnotification.ui.StatusBarNotifier.stopNotification:670 notification stopped
01-30 08:20:28.981  2981  3013 I DialerCallEventDriver: com.android.dialer.incall.core.call.events.impl.CallEventDriver$StateListener.onStateChanged:112 Telecom state DISCONNECTING -> DISCONNECTED
01-30 08:20:28.982  2981  3013 I DialerCallEventDriver: com.android.dialer.incall.core.call.events.impl.CallEventDriver.lambda$updateState$0:86 state DISCONNECTION_STARTED -> DISCONNECTED
01-30 08:20:28.982  2981  2981 I DialerDialerCall: com.android.incallui.call.DialerCall$VideoTechManager.getVideoTech:2817 tidepods video enabled, using empty video tech
01-30 08:20:28.982  2981  2981 I DialerCallList: com.android.incallui.call.CallList$DialerCallListenerImpl.onDialerCallDisconnect:1075 [DialerCall_0, DISCONNECTED, [Capabilities: CAPABILITY_HOLD CAPABILITY_SUPPORT_HOLD CAPABILITY_MUTE CAPABILITY_TRANSFER CAPABILITY_REMOTE_PARTY_SUPPORTS_RTT], [Properties: PROPERTY_HIGH_DEF_AUDIO], children:[], parent:null, conferenceable:[], videoState:Audio Only, SessionModificationState:0, CameraDir:-1]
01-30 08:20:28.982  2981  2981 I DialerInCallPresenter: com.android.incallui.InCallPresenter.dontAddToThisMethodOrYoullBeSorry:1034 Phone switching state: INCALL -> INCALL
01-30 08:20:28.983  2981  2981 I DialerContactInfoCache: com.android.incallui.ContactInfoCache.findInfo:332 findInfo
01-30 08:20:28.985  2981  2981 I DialerLegacyStatusBarNotifier: com.android.incallui.LegacyStatusBarNotifier.updateInCallNotification:266 tidepods enabled
01-30 08:20:28.985  2981  2981 I DialerMotorolaInCallUiNotifier: com.android.incallui.MotorolaInCallUiNotifier.onStateChange:67 INCALL to INCALL
01-30 08:20:28.985  2981  2981 I DialerInCallPresenter: com.android.incallui.InCallPresenter.isActivityStarted:1419 inCallActivity is started
01-30 08:20:28.985  2981  2981 I DialerInCallPresenter: com.android.incallui.InCallPresenter.isActivityStarted:1419 inCallActivity is started
01-30 08:20:28.987  2981  2981 I DialerDialerCall: com.android.incallui.call.DialerCall.updateFromTelecomCall:916 updateFromTelecomCall
01-30 08:20:28.987  2981  2981 I DialerDialerCall: com.android.incallui.call.DialerCall.updateCallTiming:1328 ignoring state transition from DISCONNECTED to DISCONNECTED. Duration would have changed from 18717 to 18726
01-30 08:20:28.988  2981  3009 I DialerCallScopesImpl: com.android.dialer.incall.core.callscope.callscopes.impl.CallScopesImpl.getAudioAvailableCallScope:220 enter
01-30 08:20:28.989  2981  2981 I DialerDialerCall: com.android.incallui.call.DialerCall$VideoTechManager.getVideoTech:2817 tidepods video enabled, using empty video tech
01-30 08:20:28.989  2981  2981 I DialerCallList: com.android.incallui.call.CallList.onUpdateCall:846 [DialerCall_0, DISCONNECTED, [Capabilities: CAPABILITY_HOLD CAPABILITY_SUPPORT_HOLD CAPABILITY_MUTE CAPABILITY_TRANSFER CAPABILITY_REMOTE_PARTY_SUPPORTS_RTT], [Properties: PROPERTY_HIGH_DEF_AUDIO], children:[], parent:null, conferenceable:[], videoState:Audio Only, SessionModificationState:0, CameraDir:-1]
01-30 08:20:28.989  2981  2981 I DialerInCallPresenter: com.android.incallui.InCallPresenter.dontAddToThisMethodOrYoullBeSorry:1034 Phone switching state: INCALL -> INCALL
01-30 08:20:28.989  2981  2981 I DialerContactInfoCache: com.android.incallui.ContactInfoCache.findInfo:332 findInfo
01-30 08:20:28.990  2981  3012 I DialerStatusBarNotifier: com.android.dialer.incall.statusbarnotification.ui.StatusBarNotifier$1.onSuccess:246 IN_CALL_UPDATE_MONITORING: set updateInProgress to false
01-30 08:20:28.990  2981  3017 I DialerLocaleProvider: com.android.dialer.callrecording.impl.localeprovider.LocaleProvider.getSupportedLocaleFromCountryCode:160 checking whether country is supported by builtInAudio for start/end audio
01-30 08:20:28.990  2981  3017 I DialerLocaleProvider: com.android.dialer.callrecording.impl.localeprovider.LocaleProvider.getSupportedLocaleFromCountryCode:170 country US not supported by builtInAudio
01-30 08:20:28.991  2981  3017 I DialerLocaleProvider: com.android.dialer.callrecording.impl.localeprovider.LocaleProvider.getSupportedLocaleFromCountryCode:160 checking whether country is supported by TTS for start/end audio
01-30 08:20:28.991  2981  3017 I DialerLocaleProvider: com.android.dialer.callrecording.impl.localeprovider.LocaleProvider.getSupportedLocaleFromCountryCode:170 country US not supported by TTS
01-30 08:20:28.991  2981  3017 I DialerCanRecord: com.android.dialer.callrecording.impl.canrecord.CanRecord.canRecordCall:76 Call recording is disabled in the current country
01-30 08:20:28.991  2981  2981 I DialerLegacyStatusBarNotifier: com.android.incallui.LegacyStatusBarNotifier.updateInCallNotification:266 tidepods enabled
01-30 08:20:28.992  2981  2981 I DialerMotorolaInCallUiNotifier: com.android.incallui.MotorolaInCallUiNotifier.onStateChange:67 INCALL to INCALL
01-30 08:20:28.992  2981  2981 I DialerInCallPresenter: com.android.incallui.InCallPresenter.isActivityStarted:1419 inCallActivity is started
01-30 08:20:28.993  2981  2981 I DialerLegacyInCallServicePeer: com.android.incallui.LegacyInCallServicePeer.onCallRemoved:109 onCallRemoved
01-30 08:20:28.995  2981  2981 W DialerCallList: com.android.incallui.call.CallList.onCallRemoved:542 Removing call not previously disconnected DialerCall_0
01-30 08:20:28.995  2981  2981 I DialerDialerCall: com.android.incallui.call.DialerCall.onRemovedFromCallList:2293 onRemovedFromCallList
01-30 08:20:28.995  2981  2981 I DialerDialerCall: com.android.incallui.call.DialerCall.updateFromTelecomCall:916 updateFromTelecomCall
01-30 08:20:28.996  2981  2981 I DialerDialerCall: com.android.incallui.call.DialerCall.updateCallTiming:1328 ignoring state transition from DISCONNECTED to DISCONNECTED. Duration would have changed from 18717 to 18735
01-30 08:20:28.997  2981  2981 I DialerDialerCall: com.android.incallui.call.DialerCall$VideoTechManager.getVideoTech:2817 tidepods video enabled, using empty video tech
01-30 08:20:28.997  2981  2981 I DialerCallList: com.android.incallui.call.CallList.onUpdateCall:846 [DialerCall_0, DISCONNECTED, [Capabilities: CAPABILITY_HOLD CAPABILITY_SUPPORT_HOLD CAPABILITY_MUTE CAPABILITY_TRANSFER CAPABILITY_REMOTE_PARTY_SUPPORTS_RTT], [Properties: PROPERTY_HIGH_DEF_AUDIO], children:[], parent:null, conferenceable:[], videoState:Audio Only, SessionModificationState:0, CameraDir:-1]
01-30 08:20:28.997  2981  2981 I DialerInCallPresenter: com.android.incallui.InCallPresenter.dontAddToThisMethodOrYoullBeSorry:1034 Phone switching state: INCALL -> INCALL
01-30 08:20:28.997  2981  2981 I DialerContactInfoCache: com.android.incallui.ContactInfoCache.findInfo:332 findInfo
01-30 08:20:28.999  2981  2981 I DialerLegacyStatusBarNotifier: com.android.incallui.LegacyStatusBarNotifier.updateInCallNotification:266 tidepods enabled
01-30 08:20:29.000  2981  2981 I DialerMotorolaInCallUiNotifier: com.android.incallui.MotorolaInCallUiNotifier.onStateChange:67 INCALL to INCALL
01-30 08:20:29.000  2981  2981 I DialerInCallPresenter: com.android.incallui.InCallPresenter.isActivityStarted:1419 inCallActivity is started
01-30 08:20:29.001  2981  2981 I DialerLegacyInCallServicePeer: com.android.incallui.LegacyInCallServicePeer.onCallRemoved:109 onCallRemoved
01-30 08:20:29.001  2981  2981 W DialerCallList: com.android.incallui.call.CallList.onCallRemoved:542 Removing call not previously disconnected DialerCall_0
01-30 08:20:29.001  2981  2981 I DialerDialerCall: com.android.incallui.call.DialerCall.onRemovedFromCallList:2293 onRemovedFromCallList
01-30 08:20:29.001  1258  9209 D GenericSource: FileSource remote
01-30 08:20:29.002  2981  3976 D CompatibilityChangeReporter: Compat change id reported: 150939131; UID 10165; state: ENABLED
01-30 08:20:29.002  2981  2981 I DialerLegacyInCallServicePeer: com.android.incallui.LegacyInCallServicePeer.onCallRemoved:109 onCallRemoved
01-30 08:20:29.002  2981  2981 W DialerCallList: com.android.incallui.call.CallList.onCallRemoved:542 Removing call not previously disconnected DialerCall_0
01-30 08:20:29.002  2981  2981 I DialerDialerCall: com.android.incallui.call.DialerCall.onRemovedFromCallList:2293 onRemovedFromCallList
01-30 08:20:29.002  2981  2981 I DialerLegacyInCallServicePeer: com.android.incallui.LegacyInCallServicePeer.onCallRemoved:109 onCallRemoved
01-30 08:20:29.003  9026  9046 D CompatibilityChangeReporter: Compat change id reported: 150939131; UID 10054; state: ENABLED
01-30 08:20:29.003  2981  2981 W DialerCallList: com.android.incallui.call.CallList.onCallRemoved:542 Removing call not previously disconnected DialerCall_0
01-30 08:20:29.003  2981  2981 I DialerDialerCall: com.android.incallui.call.DialerCall.onRemovedFromCallList:2293 onRemovedFromCallList
01-30 08:20:29.003  2981  2981 I DialerLegacyInCallServicePeer: com.android.incallui.LegacyInCallServicePeer.onCallRemoved:109 onCallRemoved
01-30 08:20:29.003  2981  2981 W DialerCallList: com.android.incallui.call.CallList.onCallRemoved:542 Removing call not previously disconnected DialerCall_0
01-30 08:20:29.003  2981  2981 I DialerDialerCall: com.android.incallui.call.DialerCall.onRemovedFromCallList:2293 onRemovedFromCallList
01-30 08:20:29.004  1550  1721 D CompatibilityChangeReporter: Compat change id reported: 135634846; UID 10054; state: DISABLED
01-30 08:20:29.004  2981  2981 I DialerDialerCall: com.android.incallui.call.DialerCall.updateFromTelecomCall:916 updateFromTelecomCall
01-30 08:20:29.004  1550  1721 D CompatibilityChangeReporter: Compat change id reported: 177438394; UID 10054; state: DISABLED
01-30 08:20:29.004  2981  2981 I DialerDialerCall: com.android.incallui.call.DialerCall.updateCallTiming:1328 ignoring state transition from DISCONNECTED to DISCONNECTED. Duration would have changed from 18717 to 18743
01-30 08:20:29.004  1550  1721 D CompatibilityChangeReporter: Compat change id reported: 135772972; UID 10054; state: DISABLED
01-30 08:20:29.005  1550  1721 D CompatibilityChangeReporter: Compat change id reported: 135754954; UID 10054; state: ENABLED
01-30 08:20:29.005  1550  1722 D CompatibilityChangeReporter: Compat change id reported: 143937733; UID 10054; state: ENABLED
01-30 08:20:29.005  2981  3020 I DialerSuggestContactsGlobalContentObserver: com.android.dialer.suggestcontacts.impl.SuggestContactsGlobalContentObserver$1.traceWrappedOnChange:54 change detected, selfChange: false, URI: content://call_log/calls
01-30 08:20:29.005  2981  3019 I DialerSystemCallLogGlobalContentObserver: com.android.dialer.calllog.datasources.systemcalllog.SystemCallLogGlobalContentObserver$1.traceWrappedOnChange:47 change detected, selfChange: false, URI: content://call_log/calls
01-30 08:20:29.005  2981  3019 I DialerAnnotatedCallLogRefreshStarterImpl: com.android.dialer.calllog.refresh.impl.AnnotatedCallLogRefreshStarterImpl.refreshWithoutDirtyCheck:48 refreshWithoutDirtyCheck
01-30 08:20:29.005  2981  3020 I DialerFrequentsSuggestContacts: com.android.dialer.suggestcontacts.impl.FrequentsSuggestContacts.calculateAndSaveScore:303 calculateAndSaveScore
01-30 08:20:29.006  2981  2981 I DialerDialerCall: com.android.incallui.call.DialerCall$VideoTechManager.getVideoTech:2817 tidepods video enabled, using empty video tech
01-30 08:20:29.006  2981  2981 I DialerCallList: com.android.incallui.call.CallList.onUpdateCall:846 [DialerCall_0, DISCONNECTED, [Capabilities: CAPABILITY_HOLD CAPABILITY_SUPPORT_HOLD CAPABILITY_MUTE CAPABILITY_TRANSFER CAPABILITY_REMOTE_PARTY_SUPPORTS_RTT], [Properties: PROPERTY_HIGH_DEF_AUDIO], children:[], parent:null, conferenceable:[], videoState:Audio Only, SessionModificationState:0, CameraDir:-1]
01-30 08:20:29.006  2981  2981 I DialerInCallPresenter: com.android.incallui.InCallPresenter.dontAddToThisMethodOrYoullBeSorry:1034 Phone switching state: INCALL -> INCALL
01-30 08:20:29.006  2981  2981 I DialerContactInfoCache: com.android.incallui.ContactInfoCache.findInfo:332 findInfo
01-30 08:20:29.007  2981  3020 I DialerCallQualityRatingDialogLauncher: com.android.dialer.callqualityrating.impl.service.CallQualityRatingDialogLauncher.lambda$unregisterReceiver$1:115 Unregistered FeedbackRequestReceiver
01-30 08:20:29.007  2981  3020 I DialerCallScopesImpl: com.android.dialer.incall.core.callscope.callscopes.impl.CallScopesImpl.getAudioAvailableCallScope:220 enter
01-30 08:20:29.007  2981  3020 I DialerAnnotatedCallLogRefreshRequestRegulator: com.android.dialer.calllog.refresh.impl.AnnotatedCallLogRefreshRequestRegulator.lambda$throttleInternalSequentially$0:110 throttle sequentially
01-30 08:20:29.007  2981  3020 I DialerAnnotatedCallLogRefreshRequestRegulator: com.android.dialer.calllog.refresh.impl.AnnotatedCallLogRefreshRequestRegulator.lambda$throttleInternalSequentially$0:151 start refreshing, checkDirty=false
01-30 08:20:29.008  2981  3020 I DialerRefreshAnnotatedCallLogWorker: com.android.dialer.calllog.refresh.impl.RefreshAnnotatedCallLogWorker.refresh:109 submitting serialized refresh request
01-30 08:20:29.008  2981  2981 I DialerLegacyStatusBarNotifier: com.android.incallui.LegacyStatusBarNotifier.updateInCallNotification:266 tidepods enabled
01-30 08:20:29.008  2981  2981 I DialerMotorolaInCallUiNotifier: com.android.incallui.MotorolaInCallUiNotifier.onStateChange:67 INCALL to INCALL
01-30 08:20:29.008  2981  2981 I DialerInCallPresenter: com.android.incallui.InCallPresenter.isActivityStarted:1419 inCallActivity is started
01-30 08:20:29.008  2981  3012 I DialerCallScopesImpl: com.android.dialer.incall.core.callscope.callscopes.impl.CallScopesImpl.getAudioAvailableCallScope:220 enter
01-30 08:20:29.009  2981  2981 I DialerLegacyInCallServicePeer: com.android.incallui.LegacyInCallServicePeer.onCallRemoved:109 onCallRemoved
01-30 08:20:29.009  2981  2981 W DialerCallList: com.android.incallui.call.CallList.onCallRemoved:542 Removing call not previously disconnected DialerCall_0
01-30 08:20:29.009  2981  2981 I DialerDialerCall: com.android.incallui.call.DialerCall.onRemovedFromCallList:2293 onRemovedFromCallList
01-30 08:20:29.009  2981  3020 I DialerRefreshAnnotatedCallLogWorker: com.android.dialer.calllog.refresh.impl.RefreshAnnotatedCallLogWorker.lambda$checkDirtyAndRebuildIfNecessary$2:137 isDirty: true
01-30 08:20:29.009  2981  3020 I DialerRefreshAnnotatedCallLogWorker: com.android.dialer.calllog.refresh.impl.RefreshAnnotatedCallLogWorker.rebuild:160 filling systemCallLogDataSource
01-30 08:20:29.009  2981  2981 I DialerLegacyInCallServicePeer: com.android.incallui.LegacyInCallServicePeer.onCallRemoved:109 onCallRemoved
01-30 08:20:29.009  2981  2981 W DialerCallList: com.android.incallui.call.CallList.onCallRemoved:542 Removing call not previously disconnected DialerCall_0
01-30 08:20:29.009  2981  2981 I DialerDialerCall: com.android.incallui.call.DialerCall.onRemovedFromCallList:2293 onRemovedFromCallList
01-30 08:20:29.010  2981  2981 I DialerLegacyInCallServicePeer: com.android.incallui.LegacyInCallServicePeer.onCallRemoved:109 onCallRemoved
01-30 08:20:29.010  2981  2981 W DialerCallList: com.android.incallui.call.CallList.onCallRemoved:542 Removing call not previously disconnected DialerCall_0
01-30 08:20:29.010  2981  2981 I DialerDialerCall: com.android.incallui.call.DialerCall.onRemovedFromCallList:2293 onRemovedFromCallList
01-30 08:20:29.010  2981  2981 I DialerLegacyInCallServicePeer: com.android.incallui.LegacyInCallServicePeer.onCallRemoved:109 onCallRemoved
01-30 08:20:29.010  2981  2981 W DialerCallList: com.android.incallui.call.CallList.onCallRemoved:542 Removing call not previously disconnected DialerCall_0
01-30 08:20:29.010  2981  2981 I DialerDialerCall: com.android.incallui.call.DialerCall.onRemovedFromCallList:2293 onRemovedFromCallList
01-30 08:20:29.011  2981  2981 I DialerDialerBubbleController: com.android.dialer.incall.bubble.dialerbubble.DialerBubbleController.lambda$onCallGraphUpdated$1:89 IN_CALL_UPDATE_MONITORING: fire update in the ui thread
01-30 08:20:29.011  2981  2981 I DialerTelecomEventUiThreadBlockedTimer: com.android.incallui.TelecomEventUiThreadBlockedTimer.lambda$onEvent$0:58 InCallService.uiThreadBlockedByTelecomEvent blocked UI thread for 35.84 ms
01-30 08:20:29.012  2981  2981 I DialerTelecomEventUiThreadBlockedTimer: com.android.incallui.TelecomEventUiThreadBlockedTimer.lambda$onEvent$0:58 InCallService.uiThreadBlockedByTelecomEvent.onStateChange blocked UI thread for 36.03 ms
01-30 08:20:29.012  2981  2981 I DialerInCallUpdatePropagatorImpl: com.android.dialer.incall.core.dataservice.impl.InCallUpdatePropagatorImpl$1.onSuccess:77 IN_CALL_UPDATE_MONITORING: fire update in the ui thread
01-30 08:20:29.012  2981  2981 I DialerDuoKitImpl: com.android.dialer.duo.impl.DuoKitImpl.systemSupportsDuoUpgrade:550 Supported: false
01-30 08:20:29.012  2981  2981 I DialerDuoKitImpl: com.android.dialer.duo.impl.DuoKitImpl.supportsUpgrade:198 fallback handover not supported
01-30 08:20:29.013  2981  3005 I DialerDuoAvailabilityCache: com.android.dialer.duo.tidepods.DuoAvailabilityCache.lambda$isAvailable$0:55 local supportsDuoUpgrade: false
01-30 08:20:29.013  2981  2981 I DialerTelecomEventUiThreadBlockedTimer: com.android.incallui.TelecomEventUiThreadBlockedTimer.lambda$onEvent$0:58 InCallService.uiThreadBlockedByTelecomEvent.onDetailsChanged blocked UI thread for 27.43 ms
01-30 08:20:29.014   785   785 D Zygote  : Forked child process 9210
01-30 08:20:29.015  2981  3017 I DialerDrawableConverter: com.android.dialer.util.DrawableConverter.drawableToBitmap:64 created bitmap with width: 154, height: 154
01-30 08:20:29.016  2981  2981 I DialerContactGridSubscriber: com.android.dialer.incall.contactgrid.ContactGridSubscriber.lambda$updateBottomRow$42:771 updating to 0 icons with color scheme: DEFAULT
01-30 08:20:29.016  2981  2981 I DialerTelecomEventUiThreadBlockedTimer: com.android.incallui.TelecomEventUiThreadBlockedTimer.lambda$onEvent$0:58 InCallService.uiThreadBlockedByTelecomEvent.onCallDestroyed blocked UI thread for 24.05 ms
01-30 08:20:29.016  2981  2981 I DialerTelecomEventUiThreadBlockedTimer: com.android.incallui.TelecomEventUiThreadBlockedTimer.lambda$onEvent$0:58 InCallService.uiThreadBlockedByTelecomEvent.onCallRemoved blocked UI thread for 23.93 ms
01-30 08:20:29.017  2981  2981 I DialerInCallProductionComponentAuthorityImpl: com.android.dialer.incall.core.dataservice.impl.InCallProductionComponentAuthorityImpl.postNewPrimaryCallGraph:67 IN_CALL_UPDATE_MONITORING: start building new call graph
01-30 08:20:29.019  2981  3020 I DialerLocaleProvider: com.android.dialer.callrecording.impl.localeprovider.LocaleProvider.getSupportedLocaleFromCountryCode:160 checking whether country is supported by builtInAudio for start/end audio
01-30 08:20:29.020  2981  3020 I DialerLocaleProvider: com.android.dialer.callrecording.impl.localeprovider.LocaleProvider.getSupportedLocaleFromCountryCode:170 country US not supported by builtInAudio
01-30 08:20:29.020  2981  3020 I DialerLocaleProvider: com.android.dialer.callrecording.impl.localeprovider.LocaleProvider.getSupportedLocaleFromCountryCode:160 checking whether country is supported by TTS for start/end audio
01-30 08:20:29.020  2981  3020 I DialerLocaleProvider: com.android.dialer.callrecording.impl.localeprovider.LocaleProvider.getSupportedLocaleFromCountryCode:170 country US not supported by TTS
01-30 08:20:29.020  2981  3020 I DialerCanRecord: com.android.dialer.callrecording.impl.canrecord.CanRecord.canRecordCall:76 Call recording is disabled in the current country
01-30 08:20:29.020  1550  1722 I ActivityManager: Start proc 9210:com.android.calllogbackup/u0a54 for broadcast {com.android.calllogbackup/com.android.calllogbackup.CallLogChangeReceiver}
01-30 08:20:29.023  2981  3017 I DialerSystemCallLogDataSource: com.android.dialer.calllog.datasources.systemcalllog.SystemCallLogDataSource.lambda$fill$2:213 found 60 existing annotated call log ids
01-30 08:20:29.024  9026  9063 W SQLiteLog: (28) double-quoted string literal: ""
01-30 08:20:29.024  9026  9063 W SQLiteLog: (28) double-quoted string literal: ""
01-30 08:20:29.025  1550  1550 D MediaRouter: onRestoreRoute() : route=RouteInfo{ name=Phone, description=null, status=null, category=RouteCategory{ name=System types=ROUTE_TYPE_LIVE_AUDIO ROUTE_TYPE_LIVE_VIDEO  groupable=false }, supportedTypes=ROUTE_TYPE_LIVE_AUDIO ROUTE_TYPE_LIVE_VIDEO , presentationDisplay=null }
