01-30 08:20:28.436  2981  2981 I DialerDialerCall: com.android.incallui.call.DialerCall.updateFromTelecomCall:916 updateFromTelecomCall
01-30 08:20:28.437  2981  3012 I DialerCallScopesImpl: com.android.dialer.incall.core.callscope.callscopes.impl.CallScopesImpl.getAudioAvailableCallScope:220 enter
01-30 08:20:28.438   919  5385 D audio_hw_primary: select_devices: done
01-30 08:20:28.438  2981  2981 I DialerDialerCall: com.android.incallui.call.DialerCall$VideoTechManager.getVideoTech:2817 tidepods video enabled, using empty video tech
01-30 08:20:28.438  2981  2981 I DialerCallList: com.android.incallui.call.CallList.onUpdateCall:846 [DialerCall_0, DISCONNECTING, [Capabilities: CAPABILITY_HOLD CAPABILITY_SUPPORT_HOLD CAPABILITY_MUTE CAPABILITY_TRANSFER CAPABILITY_REMOTE_PARTY_SUPPORTS_RTT], [Properties: PROPERTY_HIGH_DEF_AUDIO], children:[], parent:null, conferenceable:[], videoState:Audio Only, SessionModificationState:0, CameraDir:-1]
01-30 08:20:28.439  2981  2981 I DialerInCallPresenter: com.android.incallui.InCallPresenter.dontAddToThisMethodOrYoullBeSorry:1034 Phone switching state: INCALL -> INCALL
01-30 08:20:28.439  2558  2558 V Telephony: GsmConnection: refreshConferenceSupported : isConfSupp=true, isImsConfSupp=true, isVidConfSupp=true, isMergeOfWifiAllowed=true, isWifi=false, isVoWifiEnabled=true
01-30 08:20:28.439  2981  2981 I DialerContactInfoCache: com.android.incallui.ContactInfoCache.findInfo:332 findInfo
01-30 08:20:28.439  2558  2558 D Telephony: refreshConferenceSupported = true.
01-30 08:20:28.439  1006  9104 D PermissionCache: checking android.permission.MODIFY_AUDIO_SETTINGS for uid=10165 => granted (370 us)
01-30 08:20:28.440   919   919 D audio_hw_primary: adev_set_parameters: enter: device_mute=false;direction=rx
01-30 08:20:28.440  1550  1647 I Telecom : InCallController: Sending updateCall [Call id=TC@1, state=DISCONNECTING, tpac=ComponentInfo{com.android.phone/com.android.services.telephony.TelephonyConnectionService}, 1, UserHandle{0}, cmgr=ComponentInfo{com.android.phone/com.android.services.telephony.TelephonyConnectionService}, 1, UserHandle{0}, handle=tel:********45, vidst=A, childs(0), has_parent(false), cap=[ hld sup_hld mut sup_trans sup_rtt], prop=[ HD]], voip=false: CSW.rE(cap)@As8
01-30 08:20:28.441  1550  1647 I Telecom : InCallController: Components updated: [ComponentInfo{com.android.bluetooth/com.android.bluetooth.telephony.BluetoothInCallService}, ComponentInfo{com.google.android.dialer/com.android.incallui.InCallServiceImpl}]: CSW.rE(cap)@As8
01-30 08:20:28.443  2981  2981 I DialerLegacyStatusBarNotifier: com.android.incallui.LegacyStatusBarNotifier.updateInCallNotification:266 tidepods enabled
01-30 08:20:28.443  2981  2981 I DialerMotorolaInCallUiNotifier: com.android.incallui.MotorolaInCallUiNotifier.onStateChange:67 INCALL to INCALL
01-30 08:20:28.443  2981  2981 I DialerInCallPresenter: com.android.incallui.InCallPresenter.isActivityStarted:1419 inCallActivity is started
01-30 08:20:28.444  2981  2981 I DialerTelecomEventUiThreadBlockedTimer: com.android.incallui.TelecomEventUiThreadBlockedTimer.lambda$onEvent$0:58 InCallService.uiThreadBlockedByTelecomEvent blocked UI thread for 23.52 ms
01-30 08:20:28.444  2981  2981 I DialerTelecomEventUiThreadBlockedTimer: com.android.incallui.TelecomEventUiThreadBlockedTimer.lambda$onEvent$0:58 InCallService.uiThreadBlockedByTelecomEvent.onStateChange blocked UI thread for 23.71 ms
01-30 08:20:28.444  2981  2981 I DialerInCallUpdatePropagatorImpl: com.android.dialer.incall.core.dataservice.impl.InCallUpdatePropagatorImpl$1.onSuccess:77 IN_CALL_UPDATE_MONITORING: fire update in the ui thread
01-30 08:20:28.449  2981  2981 I DialerTelecomEventUiThreadBlockedTimer: com.android.incallui.TelecomEventUiThreadBlockedTimer.lambda$onEvent$0:58 InCallService.uiThreadBlockedByTelecomEvent.onDetailsChanged blocked UI thread for 13.65 ms
01-30 08:20:28.449  2981  2981 I DialerInCallProductionComponentAuthorityImpl: com.android.dialer.incall.core.dataservice.impl.InCallProductionComponentAuthorityImpl.postNewPrimaryCallGraph:67 IN_CALL_UPDATE_MONITORING: start building new call graph
01-30 08:20:28.450   919  5385 D msm8974_platform: platform_set_channel_map mixer_ctl_name:Playback Channel Map9
01-30 08:20:28.451   919  5385 D msm8974_platform: platform_set_channel_map: set mapping(1 2 0 0 0 0 0 0) for channel:2
01-30 08:20:28.451   919  5385 E audio_hw_extn: audio_extn_perf_lock_release: Perf lock release error 
01-30 08:20:28.451   919  5385 D audio_hw_primary: start_output_stream: exit
01-30 08:20:28.452   919   919 D audio_hw_hfp: hfp_set_parameters: enter
01-30 08:20:28.454  2981  2981 I DialerTiktokDataServiceInCallUpdateListener: com.android.dialer.incall.core.dataservice.impl.TiktokDataServiceInCallUpdateListener.onCallGraphUpdated:30 IN_CALL_UPDATE_MONITORING: enter
01-30 08:20:28.457  2981  2981 E DialerLegacyContactGridDataService: com.android.dialer.incall.tidepodslegacycontactgrid.dataservice.LegacyContactGridDataService$1.onModelProductionStart:144 unable to start timer
01-30 08:20:28.457  2981  2981 E DialerLegacyContactGridDataService: scc: MEDIUM
01-30 08:20:28.457  2981  2981 E DialerLegacyContactGridDataService: 	at gnp.b(Unknown Source:48)
01-30 08:20:28.457  2981  2981 E DialerLegacyContactGridDataService: 	at fwm.c(PG:8)
01-30 08:20:28.457  2981  2981 E DialerLegacyContactGridDataService: 	at qyx.c(PG:5)
01-30 08:20:28.457  2981  2981 E DialerLegacyContactGridDataService: 	at qqj.run(PG:27)
01-30 08:20:28.457  2981  2981 E DialerLegacyContactGridDataService: 	at spg.run(PG:18)
01-30 08:20:28.457  2981  2981 E DialerLegacyContactGridDataService: 	at qve.execute(PG:9)
01-30 08:20:28.457  2981  2981 E DialerLegacyContactGridDataService: 	at qyk.b(PG:19)
01-30 08:20:28.457  2981  2981 E DialerLegacyContactGridDataService: 	at rkp.b(PG:2)
01-30 08:20:28.457  2981  2981 E DialerLegacyContactGridDataService: 	at sog.run(PG:6)
01-30 08:20:28.457  2981  2981 E DialerLegacyContactGridDataService: 	at sns.execute(Unknown Source:0)
01-30 08:20:28.457  2981  2981 E DialerLegacyContactGridDataService: 	at soq.dv(PG:2)
01-30 08:20:28.457  2981  2981 E DialerLegacyContactGridDataService: 	at spd.s(Unknown Source:8)
01-30 08:20:28.457  2981  2981 E DialerLegacyContactGridDataService: 	at qyj.a(PG:3)
01-30 08:20:28.457  2981  2981 E DialerLegacyContactGridDataService: 	at qyj.b(PG:1)
01-30 08:20:28.457  2981  2981 E DialerLegacyContactGridDataService: 	at fwq.b(PG:3)
01-30 08:20:28.457  2981  2981 E DialerLegacyContactGridDataService: 	at fof.accept(PG:12)
01-30 08:20:28.457  2981  2981 E DialerLegacyContactGridDataService: 	at java.lang.Iterable.forEach(Iterable.java:75)
01-30 08:20:28.457  2981  2981 E DialerLegacyContactGridDataService: 	at eqc.run(PG:5)
01-30 08:20:28.457  2981  2981 E DialerLegacyContactGridDataService: 	at rkj.run(PG:1)
01-30 08:20:28.457  2981  2981 E DialerLegacyContactGridDataService: 	at java.util.concurrent.Executors$RunnableAdapter.call(Executors.java:463)
01-30 08:20:28.457  2981  3013 I DialerCountryCodeProvider: com.android.dialer.businessvoice.verifiedcall.impl.i18n.CountryCodeProvider.getSimCountryCodeInternal:85 returning Redacted-2-chars
01-30 08:20:28.459  2981  3009 I DialerCountryCodeProvider: com.android.dialer.businessvoice.verifiedcall.impl.i18n.CountryCodeProvider.getSimCountryCodeInternal:85 returning Redacted-2-chars
01-30 08:20:28.461  2981  3019 I DialerSeamlessCallEnabledFn: com.android.dialer.incall.seamless.impl.SeamlessCallEnabledFn.isEnabled:43 disabled by seamless call flag
01-30 08:20:28.462  2981  3019 I DialerCallRecorder: com.android.dialer.callrecording.impl.service.CallRecorder.isStartingOrRecording:434 recording state: IDLE
01-30 08:20:28.462  2981  2981 I DialerDialerBubbleController: com.android.dialer.incall.bubble.dialerbubble.DialerBubbleController.onCallGraphUpdated:78 IN_CALL_UPDATE_MONITORING: enter
01-30 08:20:28.463  2981  3013 I DialerPrivate: com.android.dialer.callrecording.impl.service.CallRecordingInternalProducerModule.produceIsCallRecordingAvailableInternal:95 recording not available: feature not present
01-30 08:20:28.463  2981  3019 I DialerLegacyCallRecordingImpl: com.android.incallui.callrecording.impl.LegacyCallRecordingImpl.isStartingOrRecording:453 recording state: IDLE
01-30 08:20:28.463  2981  3017 I DialerLocaleProvider: com.android.dialer.callrecording.impl.localeprovider.LocaleProvider.getSupportedLocaleFromCountryCode:160 checking whether country is supported by builtInAudio for start/end audio
01-30 08:20:28.464  2981  3017 I DialerLocaleProvider: com.android.dialer.callrecording.impl.localeprovider.LocaleProvider.getSupportedLocaleFromCountryCode:170 country US not supported by builtInAudio
01-30 08:20:28.464  2981  3017 I DialerLocaleProvider: com.android.dialer.callrecording.impl.localeprovider.LocaleProvider.getSupportedLocaleFromCountryCode:160 checking whether country is supported by TTS for start/end audio
01-30 08:20:28.464  2981  3017 I DialerLocaleProvider: com.android.dialer.callrecording.impl.localeprovider.LocaleProvider.getSupportedLocaleFromCountryCode:170 country US not supported by TTS
01-30 08:20:28.464  2981  3017 I DialerCanRecord: com.android.dialer.callrecording.impl.canrecord.CanRecord.canRecordCall:76 Call recording is disabled in the current country
01-30 08:20:28.464  2981  3017 I DialerSeamlessCallEnabledFn: com.android.dialer.incall.seamless.impl.SeamlessCallEnabledFn.isEnabled:43 disabled by seamless call flag
01-30 08:20:28.465  2981  2981 I DialerStatusBarNotifier: com.android.dialer.incall.statusbarnotification.ui.StatusBarNotifier.onCallGraphUpdated:215 IN_CALL_UPDATE_MONITORING: enter. updateInProgress: false
01-30 08:20:28.465  2981  2981 I DialerStatusBarNotifier: com.android.dialer.incall.statusbarnotification.ui.StatusBarNotifier.getModel:456 IN_CALL_UPDATE_MONITORING: primaryCallGraph present: true; model already present: true
01-30 08:20:28.467  2981  2981 I DialerDialerCall: com.android.incallui.call.DialerCall.updateFromTelecomCall:916 updateFromTelecomCall
01-30 08:20:28.467  1424  4248 D LOWI-9.0.0.79: [LOWI-Scan] wait_event:Wait done with Cmd 103
01-30 08:20:28.467  1424  4248 D LOWI-9.0.0.79: [LOWI-Scan] do_listen_events: Rcvd valid Netlink Cmd 0 Err 0
01-30 08:20:28.467  2271  2271 D wpa_supplicant: nl80211: Event message available
01-30 08:20:28.468  2271  2271 D wpa_supplicant: nl80211: Drv Event 103 (NL80211_CMD_VENDOR) received for wlan0
01-30 08:20:28.468  2271  2271 D wpa_supplicant: nl80211: Vendor event: wiphy=0 vendor_id=0x1374 subcmd=13
01-30 08:20:28.468  2271  2271 D wpa_supplicant: nl80211: Vendor data - hexdump(len=180): 08 00 04 00 14 00 00 00 ac 00 03 00 00 00 00 00 87 af 00 00 00 00 00 00 00 00 00 00 53 50 00 00 ...
01-30 08:20:28.468  2271  2271 D wpa_supplicant: nl80211: Ignore unsupported QCA vendor event 13
01-30 08:20:28.468  2981  2981 I DialerDialerCall: com.android.incallui.call.DialerCall$VideoTechManager.getVideoTech:2817 tidepods video enabled, using empty video tech
01-30 08:20:28.468  2981  2981 I DialerCallList: com.android.incallui.call.CallList.onUpdateCall:846 [DialerCall_0, DISCONNECTING, [Capabilities: CAPABILITY_HOLD CAPABILITY_SUPPORT_HOLD CAPABILITY_MUTE CAPABILITY_TRANSFER CAPABILITY_REMOTE_PARTY_SUPPORTS_RTT], [Properties: PROPERTY_HIGH_DEF_AUDIO], children:[], parent:null, conferenceable:[], videoState:Audio Only, SessionModificationState:0, CameraDir:-1]
01-30 08:20:28.468  1270  1270 E QMI_FW  : qmi_cci_get_ref: ref count increased 2
01-30 08:20:28.468   952  2267 I WifiHAL : event received NL80211_CMD_VENDOR, vendor_id = 0x1374, subcmd = 0xd
01-30 08:20:28.468  2981  2981 I DialerInCallPresenter: com.android.incallui.InCallPresenter.dontAddToThisMethodOrYoullBeSorry:1034 Phone switching state: INCALL -> INCALL
01-30 08:20:28.468  2981  2981 I DialerContactInfoCache: com.android.incallui.ContactInfoCache.findInfo:332 findInfo
01-30 08:20:28.468  1315  1315 I cnss-daemon: nl80211 response handler invoked
01-30 08:20:28.468  1315  1315 I cnss-daemon: nl80211_response_handler: cmd 103, vendorID 4980, subcmd 13  received
01-30 08:20:28.469  1270  1270 E QMI_FW  : qmi_cci_get_ref: ref count increased 2
01-30 08:20:28.469  2981  3009 I DialerCallScopesImpl: com.android.dialer.incall.core.callscope.callscopes.impl.CallScopesImpl.getAudioAvailableCallScope:220 enter
01-30 08:20:28.470  1270  1270 E QMI_FW  : qmi_cci_get_ref: ref count increased 2
01-30 08:20:28.470  2981  2981 I DialerLegacyStatusBarNotifier: com.android.incallui.LegacyStatusBarNotifier.updateInCallNotification:266 tidepods enabled
01-30 08:20:28.470  2981  2981 I DialerMotorolaInCallUiNotifier: com.android.incallui.MotorolaInCallUiNotifier.onStateChange:67 INCALL to INCALL
01-30 08:20:28.470  2981  2981 I DialerInCallPresenter: com.android.incallui.InCallPresenter.isActivityStarted:1419 inCallActivity is started
01-30 08:20:28.470  2981  3020 I DialerInCallProximityController: com.android.dialer.incall.proximitysensor.impl.incall.InCallProximityController.turnOffProximitySensor:125 releasing wake lock, with turning on the screen immediately false
01-30 08:20:28.470  1270  1270 E QMI_FW  : qmi_cci_get_ref: ref count increased 2
01-30 08:20:28.471  2981  2981 I DialerDialerCall: com.android.incallui.call.DialerCall.updateFromTelecomCall:916 updateFromTelecomCall
01-30 08:20:28.471  1270  1270 E QMI_FW  : qmi_cci_get_ref: ref count increased 2
01-30 08:20:28.471  2981  3020 I DialerInCallLoggingImpl: com.android.dialer.incall.logging.impl.InCallLoggingImpl.logImpression:60 InCall-Impression: IN_CALL_PROXIMITY_SENSOR_TURNED_OFF, CallId: DialerCall_0
01-30 08:20:28.471   943   943 I sensors-hal: activate:209, android.sensor.proximity/82 en=0
01-30 08:20:28.471   943   943 E QMI_FW  : qmi_cci_get_ref: ref count increased 2
01-30 08:20:28.471   943   943 E QMI_FW  : qmi_cci_get_ref: ref count increased 2
01-30 08:20:28.472  2981  2981 I DialerDialerCall: com.android.incallui.call.DialerCall$VideoTechManager.getVideoTech:2817 tidepods video enabled, using empty video tech
01-30 08:20:28.472  2981  2981 I DialerCallList: com.android.incallui.call.CallList.onUpdateCall:846 [DialerCall_0, DISCONNECTING, [Capabilities: CAPABILITY_HOLD CAPABILITY_SUPPORT_HOLD CAPABILITY_MUTE CAPABILITY_TRANSFER CAPABILITY_REMOTE_PARTY_SUPPORTS_RTT], [Properties: PROPERTY_HIGH_DEF_AUDIO], children:[], parent:null, conferenceable:[], videoState:Audio Only, SessionModificationState:0, CameraDir:-1]
01-30 08:20:28.472   943   943 I sensors-hal: activate:220, android.sensor.proximity/82 en=0 completed
01-30 08:20:28.472  2981  2981 I DialerInCallPresenter: com.android.incallui.InCallPresenter.dontAddToThisMethodOrYoullBeSorry:1034 Phone switching state: INCALL -> INCALL
01-30 08:20:28.472  2981  2981 I DialerContactInfoCache: com.android.incallui.ContactInfoCache.findInfo:332 findInfo
01-30 08:20:28.472  2981  3009 I DialerCallScopesImpl: com.android.dialer.incall.core.callscope.callscopes.impl.CallScopesImpl.getAudioAvailableCallScope:220 enter
01-30 08:20:28.473   943   943 I sensors-hal: batch:242, android.sensor.accelerometer/11, period=20000000, max_latency=2000000000
01-30 08:20:28.474   943   943 I sensors-hal: set_config:63, sample_period_ns is adjusted to 20000000 based on min/max delay_ns
01-30 08:20:28.474   943   943 E QMI_FW  : qmi_cci_get_ref: ref count increased 2
01-30 08:20:28.474   943   943 I sensors-hal: batch:251, android.sensor.accelerometer/11, period=20000000, max_latency=2000000000 request completed
01-30 08:20:28.474  2981  2981 I DialerLegacyStatusBarNotifier: com.android.incallui.LegacyStatusBarNotifier.updateInCallNotification:266 tidepods enabled
01-30 08:20:28.474  2981  2981 I DialerMotorolaInCallUiNotifier: com.android.incallui.MotorolaInCallUiNotifier.onStateChange:67 INCALL to INCALL
01-30 08:20:28.475  2981  2981 I DialerInCallPresenter: com.android.incallui.InCallPresenter.isActivityStarted:1419 inCallActivity is started
01-30 08:20:28.475   943  8417 I sensors-hal: ssc_conn_resp_cb:663, resp_value = 0
01-30 08:20:28.476  1550  1828 I DisplayPowerController[0]: BrightnessEvent: disp=0, physDisp=local:4630947175487691137, brt=0.14387414, initBrt=0.14387414, rcmdBrt=0.14387414, preBrt=NaN, lux=7.1615143, fastAmbientLux=8.2209, slowAmbientLux=7.8211484, preLux=6.413252, hbmMax=1.0, hbmMode=off, rbcStrength=50, powerFactor=1.0, thrmMax=1.0, flags=, reason=automatic, autoBrightness=true
01-30 08:20:28.476  2981  3013 I DialerCountryCodeProvider: com.android.dialer.businessvoice.verifiedcall.impl.i18n.CountryCodeProvider.getSimCountryCodeInternal:85 returning Redacted-2-chars
01-30 08:20:28.477  2981  3012 I DialerCountryCodeProvider: com.android.dialer.businessvoice.verifiedcall.impl.i18n.CountryCodeProvider.getSimCountryCodeInternal:85 returning Redacted-2-chars
01-30 08:20:28.477  2981  3012 I DialerCallStatusTextGenerator: com.android.dialer.incall.statusbarnotification.basiccontent.CallStatusTextGenerator.getCallStatusTextFromResources:169 Notification call status text: Ongoing call
01-30 08:20:28.477  2981  3012 I DialerCallStatusTextGenerator: com.android.dialer.incall.statusbarnotification.basiccontent.CallStatusTextGenerator.getCallStatusTextFromResources:169 Notification call status text: Ongoing call
01-30 08:20:28.477  2981  2981 I DialerDialerBubbleController: com.android.dialer.incall.bubble.dialerbubble.DialerBubbleController.lambda$onCallGraphUpdated$1:89 IN_CALL_UPDATE_MONITORING: fire update in the ui thread
01-30 08:20:28.478  2981  3013 I DialerDrawableConverter: com.android.dialer.util.DrawableConverter.drawableToBitmap:64 created bitmap with width: 176, height: 176
01-30 08:20:28.479  2981  2981 I DialerDuoKitImpl: com.android.dialer.duo.impl.DuoKitImpl.systemSupportsDuoUpgrade:550 Supported: false
01-30 08:20:28.480  2981  3013 I DialerDrawableConverter: com.android.dialer.util.DrawableConverter.drawableToBitmap:64 created bitmap with width: 154, height: 154
01-30 08:20:28.480  2981  2981 I DialerDuoKitImpl: com.android.dialer.duo.impl.DuoKitImpl.supportsUpgrade:198 fallback handover not supported
01-30 08:20:28.481  2981  3009 I DialerCountryCodeProvider: com.android.dialer.businessvoice.verifiedcall.impl.i18n.CountryCodeProvider.getSimCountryCodeInternal:85 returning Redacted-2-chars
01-30 08:20:28.482  2981  3005 I DialerDuoAvailabilityCache: com.android.dialer.duo.tidepods.DuoAvailabilityCache.lambda$isAvailable$0:55 local supportsDuoUpgrade: false
01-30 08:20:28.482  2981  3013 I DialerGamingModeSupportImpl: com.android.incallui.gamingmodesupport.impl.GamingModeSupportImpl.isGamingModeOn:61 gaming mode off
01-30 08:20:28.483  2981  3009 I DialerStatusBarNotifier: com.android.dialer.incall.statusbarnotification.ui.StatusBarNotifier.lambda$updateModelAndNotification$1:419 IN_CALL_UPDATE_MONITORING: got model - time to retrieve: 17
01-30 08:20:28.485  2981  3013 I DialerLocaleProvider: com.android.dialer.callrecording.impl.localeprovider.LocaleProvider.getSupportedLocaleFromCountryCode:160 checking whether country is supported by builtInAudio for start/end audio
01-30 08:20:28.485  2981  3013 I DialerLocaleProvider: com.android.dialer.callrecording.impl.localeprovider.LocaleProvider.getSupportedLocaleFromCountryCode:170 country US not supported by builtInAudio
01-30 08:20:28.485  2981  3013 I DialerLocaleProvider: com.android.dialer.callrecording.impl.localeprovider.LocaleProvider.getSupportedLocaleFromCountryCode:160 checking whether country is supported by TTS for start/end audio
01-30 08:20:28.485  2981  3013 I DialerLocaleProvider: com.android.dialer.callrecording.impl.localeprovider.LocaleProvider.getSupportedLocaleFromCountryCode:170 country US not supported by TTS
01-30 08:20:28.485  2981  2981 I DialerContactGridSubscriber: com.android.dialer.incall.contactgrid.ContactGridSubscriber.lambda$updateBottomRow$42:771 updating to 0 icons with color scheme: DEFAULT
01-30 08:20:28.485  2981  3013 I DialerCanRecord: com.android.dialer.callrecording.impl.canrecord.CanRecord.canRecordCall:76 Call recording is disabled in the current country
01-30 08:20:28.485  2981  2981 I DialerTelecomEventUiThreadBlockedTimer: com.android.incallui.TelecomEventUiThreadBlockedTimer.lambda$onEvent$0:58 InCallService.uiThreadBlockedByTelecomEvent blocked UI thread for 19.19 ms
01-30 08:20:28.485  2981  2981 I DialerTelecomEventUiThreadBlockedTimer: com.android.incallui.TelecomEventUiThreadBlockedTimer.lambda$onEvent$0:58 InCallService.uiThreadBlockedByTelecomEvent.onDetailsChanged blocked UI thread for 19.33 ms
01-30 08:20:28.485  2981  2981 I DialerInCallUpdatePropagatorImpl: com.android.dialer.incall.core.dataservice.impl.InCallUpdatePropagatorImpl$1.onSuccess:77 IN_CALL_UPDATE_MONITORING: fire update in the ui thread
01-30 08:20:28.486  2981  3009 I DialerStatusBarNotifier: com.android.dialer.incall.statusbarnotification.ui.StatusBarNotifier.startNotification:618 notification updated: Notification(channel=phone_ongoing_call shortcut=null contentView=null vibrate=null sound=null defaults=0x0 flags=0xa color=0xff324b4e category=call vis=PRIVATE publicVersion=Notification(channel=null shortcut=null contentView=null vibrate=null sound=null defaults=0x0 flags=0x0 color=0xff324b4e vis=PRIVATE))
01-30 08:20:28.486  2981  3009 I DialerStatusBarNotificationController: com.android.dialer.incall.statusbarnotification.service.StatusBarNotificationController.onNotificationModelShown:150 Notification model shown: DEFAULT
01-30 08:20:28.488  2981  3009 I DialerStatusBarNotifier: com.android.dialer.incall.statusbarnotification.ui.StatusBarNotifier$1.onSuccess:246 IN_CALL_UPDATE_MONITORING: set updateInProgress to false
01-30 08:20:28.488  2981  2981 I DialerInCallProductionComponentAuthorityImpl: com.android.dialer.incall.core.dataservice.impl.InCallProductionComponentAuthorityImpl.postNewPrimaryCallGraph:67 IN_CALL_UPDATE_MONITORING: start building new call graph
01-30 08:20:28.492  2981  2981 I DialerTiktokDataServiceInCallUpdateListener: com.android.dialer.incall.core.dataservice.impl.TiktokDataServiceInCallUpdateListener.onCallGraphUpdated:30 IN_CALL_UPDATE_MONITORING: enter
01-30 08:20:28.494  2981  2981 I DialerLegacyVoiceFragmentPeer: com.android.dialer.incall.voice.ui.LegacyVoiceFragmentPeer.updateGridButtons:653 updating 5 buttons
01-30 08:20:28.494  2981  3020 I DialerCountryCodeProvider: com.android.dialer.businessvoice.verifiedcall.impl.i18n.CountryCodeProvider.getSimCountryCodeInternal:85 returning Redacted-2-chars
01-30 08:20:28.495  2981  2981 I DialerVoiceButtonChooserFactory: com.android.dialer.incall.voice.ui.VoiceButtonChooserFactory.newVoiceButtonChooser:55 voice network type: 13, isWiFi: false, isRttSupported: false
01-30 08:20:28.495  2981  2981 I DialerVoiceButtonChooserFactory: com.android.dialer.incall.voice.ui.VoiceButtonChooserFactory.newVoiceButtonChooser:63 Using ImsAndWiFiButtonChooser
01-30 08:20:28.496  2981  3020 I DialerSeamlessCallEnabledFn: com.android.dialer.incall.seamless.impl.SeamlessCallEnabledFn.isEnabled:43 disabled by seamless call flag
01-30 08:20:28.496  2981  2981 I DialerSeamlessCallEnabledFn: com.android.dialer.incall.seamless.impl.SeamlessCallEnabledFn.isEnabled:43 disabled by seamless call flag
01-30 08:20:28.496  2981  2981 E DialerLegacyContactGridDataService: com.android.dialer.incall.tidepodslegacycontactgrid.dataservice.LegacyContactGridDataService$1.onModelProductionStart:144 unable to start timer
01-30 08:20:28.496  2981  2981 E DialerLegacyContactGridDataService: scc: MEDIUM
01-30 08:20:28.496  2981  2981 E DialerLegacyContactGridDataService: 	at gnp.b(Unknown Source:48)
01-30 08:20:28.496  2981  2981 E DialerLegacyContactGridDataService: 	at fwm.c(PG:8)
01-30 08:20:28.496  2981  2981 E DialerLegacyContactGridDataService: 	at qyx.c(PG:5)
01-30 08:20:28.496  2981  2981 E DialerLegacyContactGridDataService: 	at qqj.run(PG:27)
01-30 08:20:28.496  2981  2981 E DialerLegacyContactGridDataService: 	at spg.run(PG:18)
01-30 08:20:28.496  2981  2981 E DialerLegacyContactGridDataService: 	at qve.execute(PG:9)
01-30 08:20:28.496  2981  2981 E DialerLegacyContactGridDataService: 	at qyk.b(PG:19)
01-30 08:20:28.496  2981  2981 E DialerLegacyContactGridDataService: 	at rkp.b(PG:2)
01-30 08:20:28.496  2981  2981 E DialerLegacyContactGridDataService: 	at sog.run(PG:6)
01-30 08:20:28.496  2981  2981 E DialerLegacyContactGridDataService: 	at sns.execute(Unknown Source:0)
01-30 08:20:28.496  2981  2981 E DialerLegacyContactGridDataService: 	at soq.dv(PG:2)
01-30 08:20:28.496  2981  2981 E DialerLegacyContactGridDataService: 	at spd.s(Unknown Source:8)
01-30 08:20:28.496  2981  2981 E DialerLegacyContactGridDataService: 	at qyj.a(PG:3)
01-30 08:20:28.496  2981  2981 E DialerLegacyContactGridDataService: 	at qyj.b(PG:1)
01-30 08:20:28.496  2981  2981 E DialerLegacyContactGridDataService: 	at fwq.b(PG:3)
01-30 08:20:28.496  2981  2981 E DialerLegacyContactGridDataService: 	at fof.accept(PG:12)
01-30 08:20:28.496  2981  2981 E DialerLegacyContactGridDataService: 	at java.lang.Iterable.forEach(Iterable.java:75)
01-30 08:20:28.496  2981  2981 E DialerLegacyContactGridDataService: 	at eqc.run(PG:5)
01-30 08:20:28.496  2981  2981 E DialerLegacyContactGridDataService: 	at rkj.run(PG:1)
01-30 08:20:28.496  2981  2981 E DialerLegacyContactGridDataService: 	at java.util.concurrent.Executors$RunnableAdapter.call(Executors.java:463)
01-30 08:20:28.452     0     0 E gsi soc : qcom,msm_gsi: gsi_stop_channel:3000 chan=7 busy try again
01-30 08:20:28.499  2981  3019 I DialerCountryCodeProvider: com.android.dialer.businessvoice.verifiedcall.impl.i18n.CountryCodeProvider.getSimCountryCodeInternal:85 returning Redacted-2-chars
01-30 08:20:28.499  2981  3019 I DialerSeamlessCallEnabledFn: com.android.dialer.incall.seamless.impl.SeamlessCallEnabledFn.isEnabled:43 disabled by seamless call flag
01-30 08:20:28.499  2981  2981 I DialerDialerBubbleController: com.android.dialer.incall.bubble.dialerbubble.DialerBubbleController.onCallGraphUpdated:78 IN_CALL_UPDATE_MONITORING: enter
01-30 08:20:28.500  2981  3012 I DialerCallRecorder: com.android.dialer.callrecording.impl.service.CallRecorder.isStartingOrRecording:434 recording state: IDLE
01-30 08:20:28.500  2981  2981 I DialerStatusBarNotifier: com.android.dialer.incall.statusbarnotification.ui.StatusBarNotifier.onCallGraphUpdated:215 IN_CALL_UPDATE_MONITORING: enter. updateInProgress: false
01-30 08:20:28.500  2981  2981 I DialerStatusBarNotifier: com.android.dialer.incall.statusbarnotification.ui.StatusBarNotifier.getModel:456 IN_CALL_UPDATE_MONITORING: primaryCallGraph present: true; model already present: true
01-30 08:20:28.501  2981  3012 I DialerLocaleProvider: com.android.dialer.callrecording.impl.localeprovider.LocaleProvider.getSupportedLocaleFromCountryCode:160 checking whether country is supported by builtInAudio for start/end audio
01-30 08:20:28.501  2981  3009 I DialerLegacyCallRecordingImpl: com.android.incallui.callrecording.impl.LegacyCallRecordingImpl.isStartingOrRecording:453 recording state: IDLE
01-30 08:20:28.501  2981  3009 I DialerPrivate: com.android.dialer.callrecording.impl.service.CallRecordingInternalProducerModule.produceIsCallRecordingAvailableInternal:95 recording not available: feature not present
01-30 08:20:28.503  2981  3012 I DialerLocaleProvider: com.android.dialer.callrecording.impl.localeprovider.LocaleProvider.getSupportedLocaleFromCountryCode:170 country US not supported by builtInAudio
01-30 08:20:28.504  2981  3012 I DialerLocaleProvider: com.android.dialer.callrecording.impl.localeprovider.LocaleProvider.getSupportedLocaleFromCountryCode:160 checking whether country is supported by TTS for start/end audio
01-30 08:20:28.504  2981  3012 I DialerLocaleProvider: com.android.dialer.callrecording.impl.localeprovider.LocaleProvider.getSupportedLocaleFromCountryCode:170 country US not supported by TTS
01-30 08:20:28.504  2981  3012 I DialerCanRecord: com.android.dialer.callrecording.impl.canrecord.CanRecord.canRecordCall:76 Call recording is disabled in the current country
01-30 08:20:28.504  2981  3020 I DialerCountryCodeProvider: com.android.dialer.businessvoice.verifiedcall.impl.i18n.CountryCodeProvider.getSimCountryCodeInternal:85 returning Redacted-2-chars
01-30 08:20:28.505  2981  3013 I DialerCountryCodeProvider: com.android.dialer.businessvoice.verifiedcall.impl.i18n.CountryCodeProvider.getSimCountryCodeInternal:85 returning Redacted-2-chars
01-30 08:20:28.505  2981  3012 I DialerCountryCodeProvider: com.android.dialer.businessvoice.verifiedcall.impl.i18n.CountryCodeProvider.getSimCountryCodeInternal:85 returning Redacted-2-chars
01-30 08:20:28.505  2981  3019 I DialerCallStatusTextGenerator: com.android.dialer.incall.statusbarnotification.basiccontent.CallStatusTextGenerator.getCallStatusTextFromResources:169 Notification call status text: Ongoing call
01-30 08:20:28.506  2981  3013 I DialerCallStatusTextGenerator: com.android.dialer.incall.statusbarnotification.basiccontent.CallStatusTextGenerator.getCallStatusTextFromResources:169 Notification call status text: Ongoing call
01-30 08:20:28.506  2981  3012 I DialerGamingModeSupportImpl: com.android.incallui.gamingmodesupport.impl.GamingModeSupportImpl.isGamingModeOn:61 gaming mode off
01-30 08:20:28.507  2981  3017 I DialerDrawableConverter: com.android.dialer.util.DrawableConverter.drawableToBitmap:64 created bitmap with width: 176, height: 176
01-30 08:20:28.507  2981  3017 I DialerStatusBarNotifier: com.android.dialer.incall.statusbarnotification.ui.StatusBarNotifier.lambda$updateModelAndNotification$1:419 IN_CALL_UPDATE_MONITORING: got model - time to retrieve: 8
01-30 08:20:28.507  2981  3017 I DialerStatusBarNotifier: com.android.dialer.incall.statusbarnotification.ui.StatusBarNotifier.lambda$updateModelAndNotification$1:429 IN_CALL_UPDATE_MONITORING: model unchanged
01-30 08:20:28.508  2981  3017 I DialerStatusBarNotifier: com.android.dialer.incall.statusbarnotification.ui.StatusBarNotifier$1.onSuccess:246 IN_CALL_UPDATE_MONITORING: set updateInProgress to false
01-30 08:20:28.509  2981  2981 I DialerDialerBubbleController: com.android.dialer.incall.bubble.dialerbubble.DialerBubbleController.lambda$onCallGraphUpdated$1:89 IN_CALL_UPDATE_MONITORING: fire update in the ui thread
01-30 08:20:28.510  2981  2981 I DialerDuoKitImpl: com.android.dialer.duo.impl.DuoKitImpl.systemSupportsDuoUpgrade:550 Supported: false
01-30 08:20:28.510  2981  2981 I DialerDuoKitImpl: com.android.dialer.duo.impl.DuoKitImpl.supportsUpgrade:198 fallback handover not supported
01-30 08:20:28.511  2981  3003 I DialerDuoAvailabilityCache: com.android.dialer.duo.tidepods.DuoAvailabilityCache.lambda$isAvailable$0:55 local supportsDuoUpgrade: false
01-30 08:20:28.513  2981  3017 I DialerDrawableConverter: com.android.dialer.util.DrawableConverter.drawableToBitmap:64 created bitmap with width: 154, height: 154
01-30 08:20:28.513  2981  3012 I DialerLocaleProvider: com.android.dialer.callrecording.impl.localeprovider.LocaleProvider.getSupportedLocaleFromCountryCode:160 checking whether country is supported by builtInAudio for start/end audio
01-30 08:20:28.513  2981  3012 I DialerLocaleProvider: com.android.dialer.callrecording.impl.localeprovider.LocaleProvider.getSupportedLocaleFromCountryCode:170 country US not supported by builtInAudio
01-30 08:20:28.513  2981  2981 I DialerContactGridSubscriber: com.android.dialer.incall.contactgrid.ContactGridSubscriber.lambda$updateBottomRow$42:771 updating to 0 icons with color scheme: DEFAULT
01-30 08:20:28.514  2981  3012 I DialerLocaleProvider: com.android.dialer.callrecording.impl.localeprovider.LocaleProvider.getSupportedLocaleFromCountryCode:160 checking whether country is supported by TTS for start/end audio
01-30 08:20:28.514  2981  3012 I DialerLocaleProvider: com.android.dialer.callrecording.impl.localeprovider.LocaleProvider.getSupportedLocaleFromCountryCode:170 country US not supported by TTS
01-30 08:20:28.514  2981  3012 I DialerCanRecord: com.android.dialer.callrecording.impl.canrecord.CanRecord.canRecordCall:76 Call recording is disabled in the current country
01-30 08:20:28.517  2981  2981 I DialerLegacyVoiceFragmentPeer: com.android.dialer.incall.voice.ui.LegacyVoiceFragmentPeer.updateGridButtons:653 updating 5 buttons
01-30 08:20:28.518  2981  2981 I DialerVoiceButtonChooserFactory: com.android.dialer.incall.voice.ui.VoiceButtonChooserFactory.newVoiceButtonChooser:55 voice network type: 13, isWiFi: false, isRttSupported: false
01-30 08:20:28.518  2981  2981 I DialerVoiceButtonChooserFactory: com.android.dialer.incall.voice.ui.VoiceButtonChooserFactory.newVoiceButtonChooser:63 Using ImsAndWiFiButtonChooser
01-30 08:20:28.519  2981  2981 I DialerSeamlessCallEnabledFn: com.android.dialer.incall.seamless.impl.SeamlessCallEnabledFn.isEnabled:43 disabled by seamless call flag
01-30 08:20:28.617  1280  1901 E QMI_FW  : qmi_cci_get_ref: ref count increased 2
01-30 08:20:28.619  2271  2271 D wpa_supplicant: RTM_NEWLINK: ifi_index=13 ifname=rmnet_data3 operstate=0 linkmode=0 ifi_family=0 ifi_flags=0x10041 ([UP][RUNNING][LOWER_UP])
01-30 08:20:28.619  1424  1465 D LOWI-9.0.0.79: [LOWINetlinkSocketReceiver] unpackRTMLinkMessage: RTM_NEWLINK - ifname rmnet_data3, flags 0x10041 ([UP][RUNNING])
01-30 08:20:28.623  1550  1647 I EthernetTracker: interfaceLinkStateChanged, iface: rmnet_data3, up: true
01-30 08:20:28.730  2276  2329 D LocalImageResolver: Couldn't use ImageDecoder for drawable, falling back to non-resized load.
01-30 08:20:28.733  2276  2329 D LocalImageResolver: Couldn't use ImageDecoder for drawable, falling back to non-resized load.
01-30 08:20:28.806  7581  7692 W TaskMonitor: 1 tasks running slow
01-30 08:20:28.807  7581  7692 W TaskMonitor: 1 tasks running slow
01-30 08:20:28.807  7581  7692 W TaskMonitor: [Task=130982388] Slow task still running after 17998s, operation queue size 0. celloTaskManagerImpl_218340477{not started,timedOut,delayMs=600000}
01-30 08:20:28.807  7581  7692 W TaskMonitor: [Task=130982388] Slow task still running after 17998s, operation queue size 0. celloTaskManagerImpl_218340477{not started,timedOut,delayMs=600000}
01-30 08:20:28.825  1270  1672 E QMI_FW  : qmi_cci_get_ref: ref count increased 2
01-30 08:20:28.826  1484  1674 E QMI_FW  : qmi_cci_get_ref: ref count increased 2
01-30 08:20:28.827  1484  2708 E QMI_FW  : qmi_cci_get_ref: ref count increased 2
01-30 08:20:28.829  2537  3120 I QImsService: ImsRadioResponse : Got hangup response from ImsRadio.
01-30 08:20:28.829  2537  3120 I QImsService: ImsSenderRxr : [0067]< HANGUP [SUB0]
01-30 08:20:28.831  2537  2537 I QImsService: ImsCallSessionImplHandler : Message received: what = 3
01-30 08:20:28.835  2494  3290 D QcRilAudio: setParameters with: vsid=297816064;call_state=1
01-30 08:20:28.835  2537  3120 I QImsService: ImsRadioIndication : onCallStateChanged_1_7()
01-30 08:20:28.835  2537  3120 I QImsService: Class : Num of SrvUpdates = 2
01-30 08:20:28.836  2537  3120 I QImsService: Class :  networkMode = 14 status = 2 restrictCause = 0 registered = 0
01-30 08:20:28.836  2537  3120 I QImsService: Class : RTT: copySrvStatusList rtt mode = 0
01-30 08:20:28.836  2537  3120 I QImsService: Class : RTT: copySrvStatusList rtt mode = 0
01-30 08:20:28.836  2537  3120 I QImsService: Class : Num of SrvUpdates = 2
01-30 08:20:28.836  2537  3120 I QImsService: Class : RTT: copySrvStatusList rtt mode = 1
01-30 08:20:28.836  2537  3120 I QImsService: Class : RTT: copySrvStatusList rtt mode = 1
01-30 08:20:28.836  2537  3120 I QImsService: Class : Call Details =  0 2 callSubState 0 videoPauseState2 mediaId9 Rtt mode 0 Local Ability isValid = true type = 0 status = 2 rttMode = 0 accTechStatus  mode = 14 Status = 2 restrictCause = 0 registered = 0isValid = true type = 3 status = 0 rttMode = 0 accTechStatus  mode = 14 Status = 0 restrictCause = 1 registered = 0 Peer Ability isValid = true type = 0 status = 2 rttMode = 0 accTechStatus  mode = 14 Status = 2 restrictCause = 0 registered = 0isValid = true type = 3 status = 0 rttMode = 0 accTechStatus  mode = 14 Status = 0 restrictCause = 1 registered = 0 Cause code 0 sipAlternateUri null, null
01-30 08:20:28.836  2537  3120 I QImsService: Class : Call fail cause= 1
01-30 08:20:28.836   919   919 D audio_hw_primary: adev_set_parameters: enter: call_state=1;vsid=297816064
01-30 08:20:28.836   919   919 D voice_extn: update_call_states is_call_active:1 in_call:1, mode:2
01-30 08:20:28.836   919   919 D voice_extn: update_calls: enter:
01-30 08:20:28.836   919   919 D voice_extn: update_calls: cur_state=1 new_state=1 vsid=10c01000
01-30 08:20:28.836   919   919 D voice_extn: update_calls: cur_state=1 new_state=1 vsid=10dc1000
01-30 08:20:28.836   919   919 D voice_extn: update_calls: cur_state=1 new_state=1 vsid=10c02000
01-30 08:20:28.836   919   919 D voice_extn: update_calls: cur_state=1 new_state=1 vsid=10803000
01-30 08:20:28.836   919   919 D voice_extn: update_calls: cur_state=1 new_state=1 vsid=10002000
01-30 08:20:28.796     0     0 I [aw882xx_smartpa_l]aw882xx_mute: mute state=1
01-30 08:20:28.796     0     0 I [aw882xx_smartpa_r]aw882xx_mute: mute state=1
01-30 08:20:28.836   919   919 D voice_extn: update_calls: cur_state=2 new_state=1 vsid=11c05000
01-30 08:20:28.836   919   919 D voice_extn: update_calls: ACTIVE/HOLD/LOCAL_HOLD -> INACTIVE vsid:11c05000
01-30 08:20:28.836   919   919 D voice   : voice_stop_usecase: enter usecase:voicemmode1-call
01-30 08:20:28.836   919   919 D voice   : voice_set_sidetone: disable, out_snd_device: 50
01-30 08:20:28.836   919   919 W voice   : voice_is_sidetone_device: 50 is not a sidetone device
01-30 08:20:28.840  2537  3120 I QImsService: ImsSenderRxr : InCall VoicePrivacy is disabled[SUB0]
01-30 08:20:28.840  2537  3120 I QImsService: ImsSenderRxr : [UNSL]< UNSOL_RESPONSE_CALL_STATE_CHANGED  [id=1,END,toa=129,norm,mo,0,voc,noevp,,cli=1,,3Call Details = 0 2 callSubState 0 videoPauseState2 mediaId9 Rtt mode 0 Local Ability isValid = true type = 0 status = 2 rttMode = 0 accTechStatus  mode = 14 Status = 2 restrictCause = 0 registered = 0isValid = true type = 3 status = 0 rttMode = 0 accTechStatus  mode = 14 Status = 0 restrictCause = 1 registered = 0 Peer Ability isValid = true type = 0 status = 2 rttMode = 0 accTechStatus  mode = 14 Status = 2 restrictCause = 0 registered = 0isValid = true type = 3 status = 0 rttMode = 0 accTechStatus  mode = 14 Status = 0 restrictCause = 1 registered = 0 Cause code 0 sipAlternateUri null, null,CallFailCause Code= 501,CallFailCause String= , isEncrypted=false, historyInfo=, Conf. Support=3, {MultiIdentity Line Info : msisdn =  , line type = 0 , line status = 0}, isTirOverwriteAllowed=false, isPreparatory=false, CRS data=CrsData crsType: 0 originalCallType: 10, Call progress Info = CallProgressInfo Type: -1 Reason code: 0 Reason Text: null] [SUB0]
01-30 08:20:28.844  2537  2537 I QImsService: ImsServiceSubHandler : Message received: what = 1
01-30 08:20:28.844  2537  2537 I QImsService: ImsServiceSub : [0] >handleCalls
01-30 08:20:28.844  2537  2537 I QImsService: ImsServiceSub : [0] handleCalls: dc = id=1,END,toa=129,norm,mo,0,voc,noevp,,cli=1,,3Call Details = 0 2 callSubState 0 videoPauseState2 mediaId9 Rtt mode 0 Local Ability isValid = true type = 0 status = 2 rttMode = 0 accTechStatus  mode = 14 Status = 2 restrictCause = 0 registered = 0isValid = true type = 3 status = 0 rttMode = 0 accTechStatus  mode = 14 Status = 0 restrictCause = 1 registered = 0 Peer Ability isValid = true type = 0 status = 2 rttMode = 0 accTechStatus  mode = 14 Status = 2 restrictCause = 0 registered = 0isValid = true type = 3 status = 0 rttMode = 0 accTechStatus  mode = 14 Status = 0 restrictCause = 1 registered = 0 Cause code 0 sipAlternateUri null, null,CallFailCause Code= 501,CallFailCause String= , isEncrypted=false, historyInfo=, Conf. Support=3, {MultiIdentity Line Info : msisdn =  , line type = 0 , line status = 0}, isTirOverwriteAllowed=false, isPreparatory=false, CRS data=CrsData crsType: 0 originalCallType: 10, Call progress Info = CallProgressInfo Type: -1 Reason code: 0 Reason Text: null
01-30 08:20:28.845  2537  2537 I QImsService: ImsCallSessionImpl : updateCall for id=1,END,toa=129,norm,mo,0,voc,noevp,,cli=1,,3Call Details = 0 2 callSubState 0 videoPauseState2 mediaId9 Rtt mode 0 Local Ability isValid = true type = 0 status = 2 rttMode = 0 accTechStatus  mode = 14 Status = 2 restrictCause = 0 registered = 0isValid = true type = 3 status = 0 rttMode = 0 accTechStatus  mode = 14 Status = 0 restrictCause = 1 registered = 0 Peer Ability isValid = true type = 0 status = 2 rttMode = 0 accTechStatus  mode = 14 Status = 2 restrictCause = 0 registered = 0isValid = true type = 3 status = 0 rttMode = 0 accTechStatus  mode = 14 Status = 0 restrictCause = 1 registered = 0 Cause code 0 sipAlternateUri null, null,CallFailCause Code= 501,CallFailCause String= , isEncrypted=false, historyInfo=, Conf. Support=3, {MultiIdentity Line Info : msisdn =  , line type = 0 , line status = 0}, isTirOverwriteAllowed=false, isPreparatory=false, CRS data=CrsData crsType: 0 originalCallType: 10, Call progress Info = CallProgressInfo Type: -1 Reason code: 0 Reason Text: null
01-30 08:20:28.845  2537  2537 I QImsService: ImsCallSessionImpl : updateImsCallProfile :: Packing encryption=false in mCallProfile's extras.
01-30 08:20:28.846  2537  2537 I QImsService: ImsCallSessionImpl : updateImsCallProfile :: VerstatInfo : canMarkUnwantedCall = false , verstatVerificationStatus = 0
01-30 08:20:28.846  2537  2537 I QImsService: ImsCallSessionImpl : AudioQuality is 18
01-30 08:20:28.847  2537  2537 I QImsService: ImsCallModification : update dc=id=1,END,toa=129,norm,mo,0,voc,noevp,,cli=1,,3Call Details = 0 2 callSubState 0 videoPauseState2 mediaId9 Rtt mode 0 Local Ability isValid = true type = 0 status = 2 rttMode = 0 accTechStatus  mode = 14 Status = 2 restrictCause = 0 registered = 0isValid = true type = 3 status = 0 rttMode = 0 accTechStatus  mode = 14 Status = 0 restrictCause = 1 registered = 0 Peer Ability isValid = true type = 0 status = 2 rttMode = 0 accTechStatus  mode = 14 Status = 2 restrictCause = 0 registered = 0isValid = true type = 3 status = 0 rttMode = 0 accTechStatus  mode = 14 Status = 0 restrictCause = 1 registered = 0 Cause code 0 sipAlternateUri null, null,CallFailCause Code= 501,CallFailCause String= , isEncrypted=false, historyInfo=, Conf. Support=3, {MultiIdentity Line Info : msisdn =  , line type = 0 , line status = 0}, isTirOverwriteAllowed=false, isPreparatory=false, CRS data=CrsData crsType: 0 originalCallType: 10, Call progress Info = CallProgressInfo Type: -1 Reason code: 0 Reason Text: null
01-30 08:20:28.847  2537  2537 I QImsService: ImsCallModification : videocall: update: Not a videocall CASE
01-30 08:20:28.847  2537  2537 I QImsService: ImsCallModification : clearPendingVTMultiTask imsconn=org.codeaurora.ims.ImsCallModification@b1fb9e2
01-30 08:20:28.847  2537  2537 I QImsService: ImsCallSessionImpl : Sip callFailCause:ImsReasonInfo :: {501 : CODE_USER_TERMINATED, 0, }
01-30 08:20:28.847  2537  2537 I QImsService: ImsCallSessionCallbackHandler : posting to handler
01-30 08:20:28.848  2537  9102 I QImsService: ImsCallSessionCallbackHandler : callSessionTerminated :: reason=ImsReasonInfo :: {501 : CODE_USER_TERMINATED, 0, }
01-30 08:20:28.848  2537  2537 I QImsService: ImsCallSessionImpl : updateLocalDc is true
01-30 08:20:28.848  2537  2537 I QImsService: ImsServiceClassTracker : handleCalls: removing dropped/ended call id:1
01-30 08:20:28.848  2537  2537 D VideoCall_MediaController: onSessionRemoved callSession= callid= 1 mediaId=9 mState= 8 mDc=id=1,END,toa=129,norm,mo,0,voc,noevp,,cli=1,,3Call Details = 0 2 callSubState 0 videoPauseState2 mediaId9 Rtt mode 0 Local Ability isValid = true type = 0 status = 2 rttMode = 0 accTechStatus  mode = 14 Status = 2 restrictCause = 0 registered = 0isValid = true type = 3 status = 0 rttMode = 0 accTechStatus  mode = 14 Status = 0 restrictCause = 1 registered = 0 Peer Ability isValid = true type = 0 status = 2 rttMode = 0 accTechStatus  mode = 14 Status = 2 restrictCause = 0 registered = 0isValid = true type = 3 status = 0 rttMode = 0 accTechStatus  mode = 14 Status = 0 restrictCause = 1 registered = 0 Cause code 0 sipAlternateUri null, null,CallFailCause Code= 501,CallFailCause String= , isEncrypted=false, historyInfo=, Conf. Support=3, {MultiIdentity Line Info : msisdn =  , line type = 0 , line status = 0}, isTirOverwriteAllowed=false, isPreparatory=false, CRS data=CrsData crsType: 0 originalCallType: 10, Call progress Info = CallProgressInfo Type: -1 Reason code: 0 Reason Text: null mCallProfile={ serviceType=1, callType=2, restrictCause=0, mediaProfile={ audioQuality=0, audioDirection=3, audioCodecAttribute=null, videoQuality=0, videoDirection=-1, rttMode=0, hasRttAudioSpeech=false }, emergencyServiceCategories=0, emergencyUrns=[], emergencyCallRouting=0, emergencyCallTesting=false, hasKnownUserIntentEmergency=false, mRestrictCause=0, mCallerNumberVerstat= 0, mAcceptedRtpHeaderExtensions= {} } mLocalCallProfile={ serviceType=1, callType=2, restrictCause=0, mediaProfile={ audioQuality=18, audioDirection=3, audioCodecAttribute=null, videoQuality=0, videoDirection=-1, rttMode=0, hasRttAudioSpeech=false }, emergencyServiceCategories=0, emergencyUrns=[], emergencyCallRouting=0, emergencyCallTesting=false, hasKnownUserIntentEmergency=false, mRestrictCause=0, mCallerNumberVerstat= 0, mAcceptedRtpHeaderExtensions= {} } mRemoteCallProfile={ serviceType=1, callType=2, restrictCause=0, mediaProfile={ audioQuality=0, audioDirection=3, audioCodecAttribute=null, videoQuality=0, videoDirection=-1, rttMode=1, hasRttAudioSpeech=false }, emergencyServiceCategories=0, emergencyUrns=[], emergencyCallRouting=0, emergencyCallTesting=false, hasKnownUserIntentEmergency=false, mRestrictCause=0, mCallerNumberVerstat= 0, mAcceptedRtpHeaderExtensions= {} } no:of call sessions = 1
01-30 08:20:28.806     0     0 E qdsp_cvs_callback: cmd = 0x1307e returned error = 0x9
01-30 08:20:28.806     0     0 E voice_send_cvs_deregister_cal_cmd: DSP returned error[ADSP_EALREADY]
01-30 08:20:28.851  2558  2558 I ImsCall : callSessionTerminated :: session=[ImsCallSession objId:179728989 state:TERMINATED callId:1] reasonInfo=ImsReasonInfo :: {501 : CODE_USER_TERMINATED, 0, } ImsCall=[ImsCall objId:125122514 onHold:N mute:N mCallProfile:{ serviceType=1, callType=2, restrictCause=0, mediaProfile={ audioQuality=0, audioDirection=3, audioCodecAttribute=null, videoQuality=0, videoDirection=-1, rttMode=0, hasRttAudioSpeech=false }, emergencyServiceCategories=0, emergencyUrns=[], emergencyCallRouting=0, emergencyCallTesting=false, hasKnownUserIntentEmergency=false, mRestrictCause=0, mCallerNumberVerstat= 0, mAcceptedRtpHeaderExtensions= [] } networkType:13 updateRequest:NONE merging:N merge action pending:N merged:N multiParty:N confHost:N buried term:N isVideo: N wasVideo: N isWifi: N session:[ImsCallSession objId:179728989 state:TERMINATED callId:1] transientSession:null]
01-30 08:20:28.852  2558  2558 I ImsCall : processCallTerminated :: reason=ImsReasonInfo :: {501 : CODE_USER_TERMINATED, 0, } userInitiated = true ImsCall=[ImsCall objId:125122514 onHold:N mute:N mCallProfile:{ serviceType=1, callType=2, restrictCause=0, mediaProfile={ audioQuality=0, audioDirection=3, audioCodecAttribute=null, videoQuality=0, videoDirection=-1, rttMode=0, hasRttAudioSpeech=false }, emergencyServiceCategories=0, emergencyUrns=[], emergencyCallRouting=0, emergencyCallTesting=false, hasKnownUserIntentEmergency=false, mRestrictCause=0, mCallerNumberVerstat= 0, mAcceptedRtpHeaderExtensions= [] } networkType:13 updateRequest:NONE merging:N merge action pending:N merged:N multiParty:N confHost:N buried term:N isVideo: N wasVideo: N isWifi: N session:[ImsCallSession objId:179728989 state:TERMINATED callId:1] transientSession:null]
01-30 08:20:28.818     0     0 I afe_close: port_id = 0xb037
01-30 08:20:28.872  2558  2558 I Telephony: : onDisconnect: callId=TC@1_1, cause=LOCAL
01-30 08:20:28.873  2537  3128 I QImsService: ImsCallSessionImpl : Close!
01-30 08:20:28.873  2537  2537 I QImsService: ImsCallSessionImplHandler : Message received: what = 11
01-30 08:20:28.873  2537  2537 I QImsService: ImsCallSessionImpl : doClose!
01-30 08:20:28.873  2558  2558 I ImsCall : getConferenceParticipants :: mConferenceParticipantsnull ImsCall=[ImsCall objId:125122514 onHold:N mute:N updateRequest:NONE merging:N merge action pending:N merged:N multiParty:N confHost:N buried term:N isVideo: N wasVideo: N isWifi: N session:null transientSession:null]
01-30 08:20:28.873  2537  2537 I QImsService: ImsCallSessionCallbackHandler : posting to handler
01-30 08:20:28.873  2537  9102 I QImsService: ImsCallSessionCallbackHandler : dispose
01-30 08:20:28.873  2537  9102 I QImsService: ImsCallSessionCallbackHandler : cleanup
01-30 08:20:28.827     0     0 I afe_close: port_id = 0x1017
01-30 08:20:28.875  2558  2558 I ImsExternalCallTracker: onPhoneStateChanged : hasActiveCalls = false
01-30 08:20:28.876  2558  2558 D ImsExternalCallTracker: refreshCallPullState
01-30 08:20:28.877  2558  2558 V Telephony: GsmConnection: Update state from DISCONNECTING to DISCONNECTED for TC@1_1
01-30 08:20:28.877   919   919 D msm8974_platform: platform_get_island_cfg_on_device:island cfg status on snd_device = (voice-dmic-ef-tmus 0)
01-30 08:20:28.877   919   919 D msm8974_platform: platform_get_island_cfg_on_device:island cfg status on snd_device = (voice-handset-tmus 0)
01-30 08:20:28.877   919   919 D audio_hw_primary: disable_audio_route: reset and update mixer path: voicemmode1-call
01-30 08:20:28.878  2558  2558 V Telephony: onStateChanged, state: DISCONNECTED
01-30 08:20:28.879  2558  2558 V Telephony: : onDisconnected: [-ITnY9VCEJFri1XTXHm4UFaLpoI]
